../Core/Src/stm32h7xx_hal_msp.c:68:6:HAL_MspInit	16	static
../Core/Src/stm32h7xx_hal_msp.c:106:6:HAL_ADC_MspInit	56	static
../Core/Src/stm32h7xx_hal_msp.c:195:6:HAL_ADC_MspDeInit	8	static
../Core/Src/stm32h7xx_hal_msp.c:241:6:HAL_COMP_MspInit	48	static
../Core/Src/stm32h7xx_hal_msp.c:301:6:HAL_COMP_MspDeInit	0	static
../Core/Src/stm32h7xx_hal_msp.c:352:6:HAL_DAC_MspInit	8	static
../Core/Src/stm32h7xx_hal_msp.c:375:6:HAL_DAC_MspDeInit	0	static
../Core/Src/stm32h7xx_hal_msp.c:397:6:HAL_TIM_Base_MspInit	16	static
../Core/Src/stm32h7xx_hal_msp.c:433:6:HAL_TIM_Base_MspDeInit	0	static
../Core/Src/stm32h7xx_hal_msp.c:469:6:HAL_UART_MspInit	240	static
../Core/Src/stm32h7xx_hal_msp.c:539:6:HAL_UART_MspDeInit	8	static
