../Core/Src/stm32h7xx_it.c:78:6:NMI_Handler	4	static
../Core/Src/stm32h7xx_it.c:93:6:HardFault_Handler	4	static
../Core/Src/stm32h7xx_it.c:108:6:MemManage_Handler	4	static
../Core/Src/stm32h7xx_it.c:123:6:BusFault_Handler	4	static
../Core/Src/stm32h7xx_it.c:138:6:UsageFault_Handler	4	static
../Core/Src/stm32h7xx_it.c:153:6:SVC_Handler	4	static
../Core/Src/stm32h7xx_it.c:166:6:DebugMon_Handler	4	static
../Core/Src/stm32h7xx_it.c:179:6:PendSV_Handler	4	static
../Core/Src/stm32h7xx_it.c:192:6:SysTick_Handler	8	static
../Core/Src/stm32h7xx_it.c:213:6:USART3_IRQHandler	8	static
../Core/Src/stm32h7xx_it.c:229:6:DMA2_Stream0_IRQHandler	8	static
../Core/Src/stm32h7xx_it.c:242:6:DMA2_Stream1_IRQHandler	8	static
../Core/Src/stm32h7xx_it.c:258:6:DMA2_Stream2_IRQHandler	8	static
../Core/Src/stm32h7xx_it.c:272:6:ADC3_IRQHandler	8	static
