Archive member included to satisfy reference by file (symbol)

C:/ST/STM32CubeIDE_1.17.0/STM32CubeIDE/plugins/com.st.stm32cube.ide.mcu.externaltools.gnu-tools-for-stm32.12.3.rel1.win32_1.1.0.202410251130/tools/bin/../lib/gcc/arm-none-eabi/12.3.1/../../../../arm-none-eabi/lib/thumb/v7e-m+dp/hard\libc_nano.a(libc_a-exit.o)
                              C:/ST/STM32CubeIDE_1.17.0/STM32CubeIDE/plugins/com.st.stm32cube.ide.mcu.externaltools.gnu-tools-for-stm32.12.3.rel1.win32_1.1.0.202410251130/tools/bin/../lib/gcc/arm-none-eabi/12.3.1/../../../../arm-none-eabi/lib/thumb/v7e-m+dp/hard/crt0.o (exit)
C:/ST/STM32CubeIDE_1.17.0/STM32CubeIDE/plugins/com.st.stm32cube.ide.mcu.externaltools.gnu-tools-for-stm32.12.3.rel1.win32_1.1.0.202410251130/tools/bin/../lib/gcc/arm-none-eabi/12.3.1/../../../../arm-none-eabi/lib/thumb/v7e-m+dp/hard\libc_nano.a(libc_a-findfp.o)
                              C:/ST/STM32CubeIDE_1.17.0/STM32CubeIDE/plugins/com.st.stm32cube.ide.mcu.externaltools.gnu-tools-for-stm32.12.3.rel1.win32_1.1.0.202410251130/tools/bin/../lib/gcc/arm-none-eabi/12.3.1/../../../../arm-none-eabi/lib/thumb/v7e-m+dp/hard\libc_nano.a(libc_a-exit.o) (__stdio_exit_handler)
C:/ST/STM32CubeIDE_1.17.0/STM32CubeIDE/plugins/com.st.stm32cube.ide.mcu.externaltools.gnu-tools-for-stm32.12.3.rel1.win32_1.1.0.202410251130/tools/bin/../lib/gcc/arm-none-eabi/12.3.1/../../../../arm-none-eabi/lib/thumb/v7e-m+dp/hard\libc_nano.a(libc_a-fwalk.o)
                              C:/ST/STM32CubeIDE_1.17.0/STM32CubeIDE/plugins/com.st.stm32cube.ide.mcu.externaltools.gnu-tools-for-stm32.12.3.rel1.win32_1.1.0.202410251130/tools/bin/../lib/gcc/arm-none-eabi/12.3.1/../../../../arm-none-eabi/lib/thumb/v7e-m+dp/hard\libc_nano.a(libc_a-findfp.o) (_fwalk_sglue)
C:/ST/STM32CubeIDE_1.17.0/STM32CubeIDE/plugins/com.st.stm32cube.ide.mcu.externaltools.gnu-tools-for-stm32.12.3.rel1.win32_1.1.0.202410251130/tools/bin/../lib/gcc/arm-none-eabi/12.3.1/../../../../arm-none-eabi/lib/thumb/v7e-m+dp/hard\libc_nano.a(libc_a-stdio.o)
                              C:/ST/STM32CubeIDE_1.17.0/STM32CubeIDE/plugins/com.st.stm32cube.ide.mcu.externaltools.gnu-tools-for-stm32.12.3.rel1.win32_1.1.0.202410251130/tools/bin/../lib/gcc/arm-none-eabi/12.3.1/../../../../arm-none-eabi/lib/thumb/v7e-m+dp/hard\libc_nano.a(libc_a-findfp.o) (__sread)
C:/ST/STM32CubeIDE_1.17.0/STM32CubeIDE/plugins/com.st.stm32cube.ide.mcu.externaltools.gnu-tools-for-stm32.12.3.rel1.win32_1.1.0.202410251130/tools/bin/../lib/gcc/arm-none-eabi/12.3.1/../../../../arm-none-eabi/lib/thumb/v7e-m+dp/hard\libc_nano.a(libc_a-memset.o)
                              C:/ST/STM32CubeIDE_1.17.0/STM32CubeIDE/plugins/com.st.stm32cube.ide.mcu.externaltools.gnu-tools-for-stm32.12.3.rel1.win32_1.1.0.202410251130/tools/bin/../lib/gcc/arm-none-eabi/12.3.1/../../../../arm-none-eabi/lib/thumb/v7e-m+dp/hard/crt0.o (memset)
C:/ST/STM32CubeIDE_1.17.0/STM32CubeIDE/plugins/com.st.stm32cube.ide.mcu.externaltools.gnu-tools-for-stm32.12.3.rel1.win32_1.1.0.202410251130/tools/bin/../lib/gcc/arm-none-eabi/12.3.1/../../../../arm-none-eabi/lib/thumb/v7e-m+dp/hard\libc_nano.a(libc_a-closer.o)
                              C:/ST/STM32CubeIDE_1.17.0/STM32CubeIDE/plugins/com.st.stm32cube.ide.mcu.externaltools.gnu-tools-for-stm32.12.3.rel1.win32_1.1.0.202410251130/tools/bin/../lib/gcc/arm-none-eabi/12.3.1/../../../../arm-none-eabi/lib/thumb/v7e-m+dp/hard\libc_nano.a(libc_a-stdio.o) (_close_r)
C:/ST/STM32CubeIDE_1.17.0/STM32CubeIDE/plugins/com.st.stm32cube.ide.mcu.externaltools.gnu-tools-for-stm32.12.3.rel1.win32_1.1.0.202410251130/tools/bin/../lib/gcc/arm-none-eabi/12.3.1/../../../../arm-none-eabi/lib/thumb/v7e-m+dp/hard\libc_nano.a(libc_a-reent.o)
                              C:/ST/STM32CubeIDE_1.17.0/STM32CubeIDE/plugins/com.st.stm32cube.ide.mcu.externaltools.gnu-tools-for-stm32.12.3.rel1.win32_1.1.0.202410251130/tools/bin/../lib/gcc/arm-none-eabi/12.3.1/../../../../arm-none-eabi/lib/thumb/v7e-m+dp/hard\libc_nano.a(libc_a-closer.o) (errno)
C:/ST/STM32CubeIDE_1.17.0/STM32CubeIDE/plugins/com.st.stm32cube.ide.mcu.externaltools.gnu-tools-for-stm32.12.3.rel1.win32_1.1.0.202410251130/tools/bin/../lib/gcc/arm-none-eabi/12.3.1/../../../../arm-none-eabi/lib/thumb/v7e-m+dp/hard\libc_nano.a(libc_a-impure.o)
                              C:/ST/STM32CubeIDE_1.17.0/STM32CubeIDE/plugins/com.st.stm32cube.ide.mcu.externaltools.gnu-tools-for-stm32.12.3.rel1.win32_1.1.0.202410251130/tools/bin/../lib/gcc/arm-none-eabi/12.3.1/../../../../arm-none-eabi/lib/thumb/v7e-m+dp/hard\libc_nano.a(libc_a-reent.o) (_impure_ptr)
C:/ST/STM32CubeIDE_1.17.0/STM32CubeIDE/plugins/com.st.stm32cube.ide.mcu.externaltools.gnu-tools-for-stm32.12.3.rel1.win32_1.1.0.202410251130/tools/bin/../lib/gcc/arm-none-eabi/12.3.1/../../../../arm-none-eabi/lib/thumb/v7e-m+dp/hard\libc_nano.a(libc_a-lseekr.o)
[...]
Memory Configuration

Name             Origin             Length             Attributes
FLASH            0x08000000         0x00200000         xr
DTCMRAM          0x20000000         0x00020000         xrw
RAM_D1           0x24000000         0x00080000         xrw
RAM_D2           0x30000000         0x00048000         xrw
RAM_D3           0x38000000         0x00010000         xrw
ITCMRAM          0x00000000         0x00010000         xrw
*default*        0x00000000         0xffffffff

Linker script and memory map

LOAD C:/ST/STM32CubeIDE_1.17.0/STM32CubeIDE/plugins/com.st.stm32cube.ide.mcu.externaltools.gnu-tools-for-stm32.12.3.rel1.win32_1.1.0.202410251130/tools/bin/../lib/gcc/arm-none-eabi/12.3.1/thumb/v7e-m+dp/hard/crti.o
LOAD C:/ST/STM32CubeIDE_1.17.0/STM32CubeIDE/plugins/com.st.stm32cube.ide.mcu.externaltools.gnu-tools-for-stm32.12.3.rel1.win32_1.1.0.202410251130/tools/bin/../lib/gcc/arm-none-eabi/12.3.1/thumb/v7e-m+dp/hard/crtbegin.o
LOAD C:/ST/STM32CubeIDE_1.17.0/STM32CubeIDE/plugins/com.st.stm32cube.ide.mcu.externaltools.gnu-tools-for-stm32.12.3.rel1.win32_1.1.0.202410251130/tools/bin/../lib/gcc/arm-none-eabi/12.3.1/../../../../arm-none-eabi/lib/thumb/v7e-m+dp/hard/crt0.o
LOAD ./Core/Src/Custom_ADC.o
LOAD ./Core/Src/Custom_COMP.o
LOAD ./Core/Src/Custom_DMA.o
LOAD ./Core/Src/Custom_USART.o
LOAD ./Core/Src/main.o
LOAD ./Core/Src/stm32h7xx_hal_msp.o
LOAD ./Core/Src/stm32h7xx_it.o
LOAD ./Core/Src/syscalls.o
LOAD ./Core/Src/sysmem.o
LOAD ./Core/Src/system_stm32h7xx.o
LOAD ./Core/Startup/startup_stm32h743zitx.o
LOAD ./Drivers/STM32H7xx_HAL_Driver/Src/stm32h7xx_hal.o
LOAD ./Drivers/STM32H7xx_HAL_Driver/Src/stm32h7xx_hal_adc.o
LOAD ./Drivers/STM32H7xx_HAL_Driver/Src/stm32h7xx_hal_adc_ex.o
LOAD ./Drivers/STM32H7xx_HAL_Driver/Src/stm32h7xx_hal_comp.o
LOAD ./Drivers/STM32H7xx_HAL_Driver/Src/stm32h7xx_hal_cortex.o
LOAD ./Drivers/STM32H7xx_HAL_Driver/Src/stm32h7xx_hal_dac.o
LOAD ./Drivers/STM32H7xx_HAL_Driver/Src/stm32h7xx_hal_dac_ex.o
LOAD ./Drivers/STM32H7xx_HAL_Driver/Src/stm32h7xx_hal_dma.o
LOAD ./Drivers/STM32H7xx_HAL_Driver/Src/stm32h7xx_hal_dma_ex.o
LOAD ./Drivers/STM32H7xx_HAL_Driver/Src/stm32h7xx_hal_exti.o
LOAD ./Drivers/STM32H7xx_HAL_Driver/Src/stm32h7xx_hal_flash.o
LOAD ./Drivers/STM32H7xx_HAL_Driver/Src/stm32h7xx_hal_flash_ex.o
LOAD ./Drivers/STM32H7xx_HAL_Driver/Src/stm32h7xx_hal_gpio.o
LOAD ./Drivers/STM32H7xx_HAL_Driver/Src/stm32h7xx_hal_hsem.o
LOAD ./Drivers/STM32H7xx_HAL_Driver/Src/stm32h7xx_hal_i2c.o
LOAD ./Drivers/STM32H7xx_HAL_Driver/Src/stm32h7xx_hal_i2c_ex.o
LOAD ./Drivers/STM32H7xx_HAL_Driver/Src/stm32h7xx_hal_mdma.o
LOAD ./Drivers/STM32H7xx_HAL_Driver/Src/stm32h7xx_hal_pwr.o
LOAD ./Drivers/STM32H7xx_HAL_Driver/Src/stm32h7xx_hal_pwr_ex.o
LOAD ./Drivers/STM32H7xx_HAL_Driver/Src/stm32h7xx_hal_rcc.o
LOAD ./Drivers/STM32H7xx_HAL_Driver/Src/stm32h7xx_hal_rcc_ex.o
LOAD ./Drivers/STM32H7xx_HAL_Driver/Src/stm32h7xx_hal_tim.o
LOAD ./Drivers/STM32H7xx_HAL_Driver/Src/stm32h7xx_hal_tim_ex.o
LOAD ./Drivers/STM32H7xx_HAL_Driver/Src/stm32h7xx_hal_uart.o
LOAD ./Drivers/STM32H7xx_HAL_Driver/Src/stm32h7xx_hal_uart_ex.o
START GROUP
LOAD C:/ST/STM32CubeIDE_1.17.0/STM32CubeIDE/plugins/com.st.stm32cube.ide.mcu.externaltools.gnu-tools-for-stm32.12.3.rel1.win32_1.1.0.202410251130/tools/bin/../lib/gcc/arm-none-eabi/12.3.1/../../../../arm-none-eabi/lib/thumb/v7e-m+dp/hard\libc_nano.a
LOAD C:/ST/STM32CubeIDE_1.17.0/STM32CubeIDE/plugins/com.st.stm32cube.ide.mcu.externaltools.gnu-tools-for-stm32.12.3.rel1.win32_1.1.0.202410251130/tools/bin/../lib/gcc/arm-none-eabi/12.3.1/../../../../arm-none-eabi/lib/thumb/v7e-m+dp/hard\libm.a
END GROUP
START GROUP
LOAD C:/ST/STM32CubeIDE_1.17.0/STM32CubeIDE/plugins/com.st.stm32cube.ide.mcu.externaltools.gnu-tools-for-stm32.12.3.rel1.win32_1.1.0.202410251130/tools/bin/../lib/gcc/arm-none-eabi/12.3.1/thumb/v7e-m+dp/hard\libgcc.a
LOAD C:/ST/STM32CubeIDE_1.17.0/STM32CubeIDE/plugins/com.st.stm32cube.ide.mcu.externaltools.gnu-tools-for-stm32.12.3.rel1.win32_1.1.0.202410251130/tools/bin/../lib/gcc/arm-none-eabi/12.3.1/../../../../arm-none-eabi/lib/thumb/v7e-m+dp/hard\libc_nano.a
END GROUP
START GROUP
LOAD C:/ST/STM32CubeIDE_1.17.0/STM32CubeIDE/plugins/com.st.stm32cube.ide.mcu.externaltools.gnu-tools-for-stm32.12.3.rel1.win32_1.1.0.202410251130/tools/bin/../lib/gcc/arm-none-eabi/12.3.1/thumb/v7e-m+dp/hard\libgcc.a
LOAD C:/ST/STM32CubeIDE_1.17.0/STM32CubeIDE/plugins/com.st.stm32cube.ide.mcu.externaltools.gnu-tools-for-stm32.12.3.rel1.win32_1.1.0.202410251130/tools/bin/../lib/gcc/arm-none-eabi/12.3.1/../../../../arm-none-eabi/lib/thumb/v7e-m+dp/hard\libc_nano.a
LOAD C:/ST/STM32CubeIDE_1.17.0/STM32CubeIDE/plugins/com.st.stm32cube.ide.mcu.externaltools.gnu-tools-for-stm32.12.3.rel1.win32_1.1.0.202410251130/tools/bin/../lib/gcc/arm-none-eabi/12.3.1/../../../../arm-none-eabi/lib/thumb/v7e-m+dp/hard\libnosys.a
END GROUP
START GROUP
LOAD C:/ST/STM32CubeIDE_1.17.0/STM32CubeIDE/plugins/com.st.stm32cube.ide.mcu.externaltools.gnu-tools-for-stm32.12.3.rel1.win32_1.1.0.202410251130/tools/bin/../lib/gcc/arm-none-eabi/12.3.1/thumb/v7e-m+dp/hard\libgcc.a
LOAD C:/ST/STM32CubeIDE_1.17.0/STM32CubeIDE/plugins/com.st.stm32cube.ide.mcu.externaltools.gnu-tools-for-stm32.12.3.rel1.win32_1.1.0.202410251130/tools/bin/../lib/gcc/arm-none-eabi/12.3.1/../../../../arm-none-eabi/lib/thumb/v7e-m+dp/hard\libc_nano.a
LOAD C:/ST/STM32CubeIDE_1.17.0/STM32CubeIDE/plugins/com.st.stm32cube.ide.mcu.externaltools.gnu-tools-for-stm32.12.3.rel1.win32_1.1.0.202410251130/tools/bin/../lib/gcc/arm-none-eabi/12.3.1/../../../../arm-none-eabi/lib/thumb/v7e-m+dp/hard\libnosys.a
END GROUP
LOAD C:/ST/STM32CubeIDE_1.17.0/STM32CubeIDE/plugins/com.st.stm32cube.ide.mcu.externaltools.gnu-tools-for-stm32.12.3.rel1.win32_1.1.0.202410251130/tools/bin/../lib/gcc/arm-none-eabi/12.3.1/thumb/v7e-m+dp/hard/crtend.o
LOAD C:/ST/STM32CubeIDE_1.17.0/STM32CubeIDE/plugins/com.st.stm32cube.ide.mcu.externaltools.gnu-tools-for-stm32.12.3.rel1.win32_1.1.0.202410251130/tools/bin/../lib/gcc/arm-none-eabi/12.3.1/thumb/v7e-m+dp/hard/crtn.o
                0x24080000                        _estack = (ORIGIN (RAM_D1) + LENGTH (RAM_D1))
                0x00000200                        _Min_Heap_Size = 0x200
                0x00000400                        _Min_Stack_Size = 0x400

.isr_vector     0x08000000      0x298
                0x08000000                        . = ALIGN (0x4)
 *(.isr_vector)
 .isr_vector    0x08000000      0x298 ./Core/Startup/startup_stm32h743zitx.o
                0x08000000                g_pfnVectors
                0x08000298                        . = ALIGN (0x4)

.text           0x08000298     0x9328
                0x08000298                        . = ALIGN (0x4)
 *(.text)
 .text          0x08000298       0x40 C:/ST/STM32CubeIDE_1.17.0/STM32CubeIDE/plugins/com.st.stm32cube.ide.mcu.externaltools.gnu-tools-for-stm32.12.3.rel1.win32_1.1.0.202410251130/tools/bin/../lib/gcc/arm-none-eabi/12.3.1/thumb/v7e-m+dp/hard/crtbegin.o
 .text          0x080002d8       0x30 C:/ST/STM32CubeIDE_1.17.0/STM32CubeIDE/plugins/com.st.stm32cube.ide.mcu.externaltools.gnu-tools-for-stm32.12.3.rel1.win32_1.1.0.202410251130/tools/bin/../lib/gcc/arm-none-eabi/12.3.1/thumb/v7e-m+dp/hard\libgcc.a(_aeabi_uldivmod.o)
                0x080002d8                __aeabi_uldivmod
 .text          0x08000308      0x2bc C:/ST/STM32CubeIDE_1.17.0/STM32CubeIDE/plugins/com.st.stm32cube.ide.mcu.externaltools.gnu-tools-for-stm32.12.3.rel1.win32_1.1.0.202410251130/tools/bin/../lib/gcc/arm-none-eabi/12.3.1/thumb/v7e-m+dp/hard\libgcc.a(_udivmoddi4.o)
                0x08000308                __udivmoddi4
 .text          0x080005c4        0x4 C:/ST/STM32CubeIDE_1.17.0/STM32CubeIDE/plugins/com.st.stm32cube.ide.mcu.externaltools.gnu-tools-for-stm32.12.3.rel1.win32_1.1.0.202410251130/tools/bin/../lib/gcc/arm-none-eabi/12.3.1/thumb/v7e-m+dp/hard\libgcc.a(_dvmd_tls.o)
                0x080005c4                __aeabi_idiv0
                0x080005c4                __aeabi_ldiv0
 *(.text*)
 .text.ADCx_custom_init
                0x080005c8       0xb8 ./Core/Src/Custom_ADC.o
                0x080005c8                ADCx_custom_init
 .text.ADC_custom_init
                0x08000680       0x88 ./Core/Src/Custom_ADC.o
                0x08000680                ADC_custom_init
 .text.COMP_custom_init
                0x08000708       0x78 ./Core/Src/Custom_COMP.o
                0x08000708                COMP_custom_init
 .text.TIM7_custom_interrupt
                0x08000780       0x7c ./Core/Src/Custom_COMP.o
                0x08000780                TIM7_custom_interrupt
 .text.DMA_custom_init
                0x080007fc       0xf4 ./Core/Src/Custom_DMA.o
                0x080007fc                DMA_custom_init
 .text.DMA_custom_interrupt_tx
                0x080008f0       0x8c ./Core/Src/Custom_DMA.o
                0x080008f0                DMA_custom_interrupt_tx
 .text.DMA_custom_interrupt_rx
                0x0800097c       0x68 ./Core/Src/Custom_DMA.o
                0x0800097c                DMA_custom_interrupt_rx
 .text.DMA2_custom_interrupt
                0x080009e4       0x24 ./Core/Src/Custom_DMA.o
                0x080009e4                DMA2_custom_interrupt
 .text.USART_custom_init
                0x08000a08       0x50 ./Core/Src/Custom_USART.o
                0x08000a08                USART_custom_init
 .text.USART_custom_interrupt
                0x08000a58       0x64 ./Core/Src/Custom_USART.o
                0x08000a58                USART_custom_interrupt
 .text.main     0x08000abc       0x4c ./Core/Src/main.o
                0x08000abc                main
 .text.SystemClock_Config
                0x08000b08       0xf4 ./Core/Src/main.o
                0x08000b08                SystemClock_Config
 .text.PeriphCommonClock_Config
                0x08000bfc       0x5e ./Core/Src/main.o
                0x08000bfc                PeriphCommonClock_Config
 *fill*         0x08000c5a        0x2 
 .text.MX_ADC1_Init
                0x08000c5c       0xfc ./Core/Src/main.o
 .text.MX_ADC3_Init
                0x08000d58       0xcc ./Core/Src/main.o
 .text.MX_COMP1_Init
                0x08000e24       0x5c ./Core/Src/main.o
 .text.MX_COMP2_Init
                0x08000e80       0x58 ./Core/Src/main.o
 .text.MX_DAC1_Init
                0x08000ed8       0x64 ./Core/Src/main.o
 .text.MX_TIM6_Init
                0x08000f3c       0x6c ./Core/Src/main.o
 .text.MX_TIM7_Init
                0x08000fa8       0x6c ./Core/Src/main.o
 .text.MX_USART3_UART_Init
                0x08001014       0x9c ./Core/Src/main.o
 .text.MX_DMA_Init
                0x080010b0       0x80 ./Core/Src/main.o
 .text.MX_GPIO_Init
                0x08001130      0x260 ./Core/Src/main.o
 .text.Error_Handler
                0x08001390        0xc ./Core/Src/main.o
                0x08001390                Error_Handler
 .text.HAL_MspInit
                0x0800139c       0x60 ./Core/Src/stm32h7xx_hal_msp.o
                0x0800139c                HAL_MspInit
 .text.HAL_ADC_MspInit
                0x080013fc      0x1b0 ./Core/Src/stm32h7xx_hal_msp.o
                0x080013fc                HAL_ADC_MspInit
 .text.HAL_COMP_MspInit
                0x080015ac      0x11c ./Core/Src/stm32h7xx_hal_msp.o
                0x080015ac                HAL_COMP_MspInit
 .text.HAL_DAC_MspInit
                0x080016c8       0x44 ./Core/Src/stm32h7xx_hal_msp.o
                0x080016c8                HAL_DAC_MspInit
 .text.HAL_TIM_Base_MspInit
                0x0800170c       0x80 ./Core/Src/stm32h7xx_hal_msp.o
                0x0800170c                HAL_TIM_Base_MspInit
 .text.HAL_UART_MspInit
                0x0800178c      0x144 ./Core/Src/stm32h7xx_hal_msp.o
                0x0800178c                HAL_UART_MspInit
 .text.NMI_Handler
                0x080018d0        0x8 ./Core/Src/stm32h7xx_it.o
                0x080018d0                NMI_Handler
 .text.HardFault_Handler
                0x080018d8        0x8 ./Core/Src/stm32h7xx_it.o
                0x080018d8                HardFault_Handler
 .text.MemManage_Handler
                0x080018e0        0x8 ./Core/Src/stm32h7xx_it.o
                0x080018e0                MemManage_Handler
 .text.BusFault_Handler
                0x080018e8        0x8 ./Core/Src/stm32h7xx_it.o
                0x080018e8                BusFault_Handler
 .text.UsageFault_Handler
                0x080018f0        0x8 ./Core/Src/stm32h7xx_it.o
                0x080018f0                UsageFault_Handler
 .text.SVC_Handler
                0x080018f8        0xe ./Core/Src/stm32h7xx_it.o
                0x080018f8                SVC_Handler
 .text.DebugMon_Handler
                0x08001906        0xe ./Core/Src/stm32h7xx_it.o
                0x08001906                DebugMon_Handler
 .text.PendSV_Handler
                0x08001914        0xe ./Core/Src/stm32h7xx_it.o
                0x08001914                PendSV_Handler
 .text.SysTick_Handler
                0x08001922        0xc ./Core/Src/stm32h7xx_it.o
                0x08001922                SysTick_Handler
 .text.DMA1_Stream0_IRQHandler
                0x0800192e        0xc ./Core/Src/stm32h7xx_it.o
                0x0800192e                DMA1_Stream0_IRQHandler
 .text.DMA1_Stream1_IRQHandler
                0x0800193a        0xc ./Core/Src/stm32h7xx_it.o
                0x0800193a                DMA1_Stream1_IRQHandler
 .text.USART3_IRQHandler
                0x08001946        0xc ./Core/Src/stm32h7xx_it.o
                0x08001946                USART3_IRQHandler
 *fill*         0x08001952        0x2 
 .text.TIM7_IRQHandler
                0x08001954       0x18 ./Core/Src/stm32h7xx_it.o
                0x08001954                TIM7_IRQHandler
 .text.DMA2_Stream0_IRQHandler
                0x0800196c        0xc ./Core/Src/stm32h7xx_it.o
                0x0800196c                DMA2_Stream0_IRQHandler
 .text.SystemInit
                0x08001978      0x110 ./Core/Src/system_stm32h7xx.o
                0x08001978                SystemInit
 .text.Reset_Handler
                0x08001a88       0x50 ./Core/Startup/startup_stm32h743zitx.o
                0x08001a88                Reset_Handler
 .text.Default_Handler
                0x08001ad8        0x2 ./Core/Startup/startup_stm32h743zitx.o
                0x08001ad8                RTC_Alarm_IRQHandler
                0x08001ad8                EXTI2_IRQHandler
                0x08001ad8                TIM8_CC_IRQHandler
                0x08001ad8                HRTIM1_Master_IRQHandler
                0x08001ad8                UART8_IRQHandler
                0x08001ad8                SPI4_IRQHandler
                0x08001ad8                TIM1_CC_IRQHandler
                0x08001ad8                BDMA_Channel6_IRQHandler
                0x08001ad8                DMA2_Stream5_IRQHandler
                0x08001ad8                HRTIM1_FLT_IRQHandler
                0x08001ad8                JPEG_IRQHandler
                0x08001ad8                DMA1_Stream5_IRQHandler
                0x08001ad8                BDMA_Channel1_IRQHandler
                0x08001ad8                HRTIM1_TIMD_IRQHandler
                0x08001ad8                TAMP_STAMP_IRQHandler
                0x08001ad8                EXTI3_IRQHandler
                0x08001ad8                LPTIM4_IRQHandler
                0x08001ad8                TIM8_TRG_COM_TIM14_IRQHandler
                0x08001ad8                LPTIM2_IRQHandler
                0x08001ad8                DFSDM1_FLT1_IRQHandler
                0x08001ad8                DMAMUX2_OVR_IRQHandler
                0x08001ad8                TIM8_UP_TIM13_IRQHandler
                0x08001ad8                I2C3_ER_IRQHandler
                0x08001ad8                DFSDM1_FLT2_IRQHandler
                0x08001ad8                MDMA_IRQHandler
                0x08001ad8                LPTIM3_IRQHandler
                0x08001ad8                HSEM1_IRQHandler
                0x08001ad8                EXTI0_IRQHandler
                0x08001ad8                I2C2_EV_IRQHandler
                0x08001ad8                DMA1_Stream2_IRQHandler
                0x08001ad8                FPU_IRQHandler
                0x08001ad8                OTG_HS_WKUP_IRQHandler
                0x08001ad8                FDCAN1_IT1_IRQHandler
                0x08001ad8                LTDC_ER_IRQHandler
                0x08001ad8                DMA2_Stream2_IRQHandler
                0x08001ad8                HRTIM1_TIME_IRQHandler
                0x08001ad8                SPI1_IRQHandler
                0x08001ad8                TIM6_DAC_IRQHandler
                0x08001ad8                DCMI_IRQHandler
                0x08001ad8                HRTIM1_TIMC_IRQHandler
                0x08001ad8                DMA2_Stream3_IRQHandler
                0x08001ad8                SAI2_IRQHandler
                0x08001ad8                DFSDM1_FLT3_IRQHandler
                0x08001ad8                USART6_IRQHandler
                0x08001ad8                TIM17_IRQHandler
                0x08001ad8                BDMA_Channel7_IRQHandler
                0x08001ad8                LPTIM5_IRQHandler
                0x08001ad8                UART5_IRQHandler
                0x08001ad8                ADC3_IRQHandler
                0x08001ad8                TIM4_IRQHandler
                0x08001ad8                BDMA_Channel2_IRQHandler
                0x08001ad8                QUADSPI_IRQHandler
                0x08001ad8                I2C1_EV_IRQHandler
                0x08001ad8                DMA1_Stream6_IRQHandler
                0x08001ad8                DMAMUX1_OVR_IRQHandler
                0x08001ad8                TIM16_IRQHandler
                0x08001ad8                UART4_IRQHandler
                0x08001ad8                BDMA_Channel5_IRQHandler
                0x08001ad8                TIM3_IRQHandler
                0x08001ad8                RCC_IRQHandler
                0x08001ad8                TIM8_BRK_TIM12_IRQHandler
                0x08001ad8                TIM1_TRG_COM_IRQHandler
                0x08001ad8                Default_Handler
                0x08001ad8                ECC_IRQHandler
                0x08001ad8                CEC_IRQHandler
                0x08001ad8                EXTI15_10_IRQHandler
                0x08001ad8                BDMA_Channel0_IRQHandler
                0x08001ad8                ADC_IRQHandler
                0x08001ad8                DMA1_Stream7_IRQHandler
                0x08001ad8                HRTIM1_TIMA_IRQHandler
                0x08001ad8                SPI5_IRQHandler
                0x08001ad8                SDMMC1_IRQHandler
                0x08001ad8                TIM5_IRQHandler
                0x08001ad8                DMA2_Stream7_IRQHandler
                0x08001ad8                TIM15_IRQHandler
                0x08001ad8                PVD_AVD_IRQHandler
                0x08001ad8                I2C3_EV_IRQHandler
                0x08001ad8                EXTI9_5_IRQHandler
                0x08001ad8                RTC_WKUP_IRQHandler
                0x08001ad8                LTDC_IRQHandler
                0x08001ad8                SAI3_IRQHandler
                0x08001ad8                ETH_WKUP_IRQHandler
                0x08001ad8                SPDIF_RX_IRQHandler
                0x08001ad8                SPI2_IRQHandler
                0x08001ad8                OTG_HS_EP1_IN_IRQHandler
                0x08001ad8                CRS_IRQHandler
                0x08001ad8                EXTI4_IRQHandler
                0x08001ad8                RNG_IRQHandler
                0x08001ad8                HRTIM1_TIMB_IRQHandler
                0x08001ad8                FDCAN2_IT1_IRQHandler
                0x08001ad8                ETH_IRQHandler
                0x08001ad8                TIM1_UP_IRQHandler
                0x08001ad8                BDMA_Channel4_IRQHandler
                0x08001ad8                OTG_HS_EP1_OUT_IRQHandler
                0x08001ad8                WWDG_IRQHandler
                0x08001ad8                SPI6_IRQHandler
                0x08001ad8                MDIOS_IRQHandler
                0x08001ad8                I2C4_EV_IRQHandler
                0x08001ad8                FDCAN2_IT0_IRQHandler
                0x08001ad8                LPUART1_IRQHandler
                0x08001ad8                FDCAN1_IT0_IRQHandler
                0x08001ad8                TIM2_IRQHandler
                0x08001ad8                OTG_FS_WKUP_IRQHandler
                0x08001ad8                OTG_HS_IRQHandler
                0x08001ad8                DMA2D_IRQHandler
                0x08001ad8                TIM1_BRK_IRQHandler
                0x08001ad8                EXTI1_IRQHandler
                0x08001ad8                SDMMC2_IRQHandler
                0x08001ad8                OTG_FS_EP1_OUT_IRQHandler
                0x08001ad8                BDMA_Channel3_IRQHandler
                0x08001ad8                UART7_IRQHandler
                0x08001ad8                MDIOS_WKUP_IRQHandler
                0x08001ad8                USART2_IRQHandler
                0x08001ad8                DFSDM1_FLT0_IRQHandler
                0x08001ad8                SAI4_IRQHandler
                0x08001ad8                I2C2_ER_IRQHandler
                0x08001ad8                DMA2_Stream1_IRQHandler
                0x08001ad8                FLASH_IRQHandler
                0x08001ad8                DMA2_Stream4_IRQHandler
                0x08001ad8                USART1_IRQHandler
                0x08001ad8                OTG_FS_IRQHandler
                0x08001ad8                SPI3_IRQHandler
                0x08001ad8                WAKEUP_PIN_IRQHandler
                0x08001ad8                DMA1_Stream4_IRQHandler
                0x08001ad8                OTG_FS_EP1_IN_IRQHandler
                0x08001ad8                I2C1_ER_IRQHandler
                0x08001ad8                FMC_IRQHandler
                0x08001ad8                FDCAN_CAL_IRQHandler
                0x08001ad8                SWPMI1_IRQHandler
                0x08001ad8                COMP1_IRQHandler
                0x08001ad8                LPTIM1_IRQHandler
                0x08001ad8                I2C4_ER_IRQHandler
                0x08001ad8                DMA2_Stream6_IRQHandler
                0x08001ad8                SAI1_IRQHandler
                0x08001ad8                DMA1_Stream3_IRQHandler
 *fill*         0x08001ada        0x2 
 .text.HAL_Init
                0x08001adc       0x78 ./Drivers/STM32H7xx_HAL_Driver/Src/stm32h7xx_hal.o
                0x08001adc                HAL_Init
 .text.HAL_InitTick
                0x08001b54       0x6c ./Drivers/STM32H7xx_HAL_Driver/Src/stm32h7xx_hal.o
                0x08001b54                HAL_InitTick
 .text.HAL_IncTick
                0x08001bc0       0x28 ./Drivers/STM32H7xx_HAL_Driver/Src/stm32h7xx_hal.o
                0x08001bc0                HAL_IncTick
 .text.HAL_GetTick
                0x08001be8       0x18 ./Drivers/STM32H7xx_HAL_Driver/Src/stm32h7xx_hal.o
                0x08001be8                HAL_GetTick
 .text.HAL_GetREVID
                0x08001c00       0x18 ./Drivers/STM32H7xx_HAL_Driver/Src/stm32h7xx_hal.o
                0x08001c00                HAL_GetREVID
 .text.HAL_SYSCFG_VREFBUF_VoltageScalingConfig
                0x08001c18       0x28 ./Drivers/STM32H7xx_HAL_Driver/Src/stm32h7xx_hal.o
                0x08001c18                HAL_SYSCFG_VREFBUF_VoltageScalingConfig
 .text.HAL_SYSCFG_VREFBUF_HighImpedanceConfig
                0x08001c40       0x28 ./Drivers/STM32H7xx_HAL_Driver/Src/stm32h7xx_hal.o
                0x08001c40                HAL_SYSCFG_VREFBUF_HighImpedanceConfig
 .text.HAL_SYSCFG_EnableVREFBUF
                0x08001c68       0x48 ./Drivers/STM32H7xx_HAL_Driver/Src/stm32h7xx_hal.o
                0x08001c68                HAL_SYSCFG_EnableVREFBUF
 .text.HAL_SYSCFG_AnalogSwitchConfig
                0x08001cb0       0x2c ./Drivers/STM32H7xx_HAL_Driver/Src/stm32h7xx_hal.o
                0x08001cb0                HAL_SYSCFG_AnalogSwitchConfig
 .text.LL_ADC_SetCommonClock
                0x08001cdc       0x26 ./Drivers/STM32H7xx_HAL_Driver/Src/stm32h7xx_hal_adc.o
 .text.LL_ADC_SetCommonPathInternalCh
                0x08001d02       0x26 ./Drivers/STM32H7xx_HAL_Driver/Src/stm32h7xx_hal_adc.o
 .text.LL_ADC_GetCommonPathInternalCh
                0x08001d28       0x1c ./Drivers/STM32H7xx_HAL_Driver/Src/stm32h7xx_hal_adc.o
 .text.LL_ADC_SetChannelPreselection
                0x08001d44       0x66 ./Drivers/STM32H7xx_HAL_Driver/Src/stm32h7xx_hal_adc.o
 .text.LL_ADC_SetOffset
                0x08001daa       0x40 ./Drivers/STM32H7xx_HAL_Driver/Src/stm32h7xx_hal_adc.o
 .text.LL_ADC_SetDataRightShift
                0x08001dea       0x32 ./Drivers/STM32H7xx_HAL_Driver/Src/stm32h7xx_hal_adc.o
 .text.LL_ADC_SetOffsetSignedSaturation
                0x08001e1c       0x36 ./Drivers/STM32H7xx_HAL_Driver/Src/stm32h7xx_hal_adc.o
 .text.LL_ADC_REG_SetSequencerRanks
                0x08001e52       0x58 ./Drivers/STM32H7xx_HAL_Driver/Src/stm32h7xx_hal_adc.o
 .text.LL_ADC_SetChannelSamplingTime
                0x08001eaa       0x56 ./Drivers/STM32H7xx_HAL_Driver/Src/stm32h7xx_hal_adc.o
 .text.LL_ADC_SetChannelSingleDiff
                0x08001f00       0x48 ./Drivers/STM32H7xx_HAL_Driver/Src/stm32h7xx_hal_adc.o
 .text.LL_ADC_DisableDeepPowerDown
                0x08001f48       0x24 ./Drivers/STM32H7xx_HAL_Driver/Src/stm32h7xx_hal_adc.o
 .text.LL_ADC_IsDeepPowerDownEnabled
                0x08001f6c       0x28 ./Drivers/STM32H7xx_HAL_Driver/Src/stm32h7xx_hal_adc.o
 .text.LL_ADC_EnableInternalRegulator
                0x08001f94       0x28 ./Drivers/STM32H7xx_HAL_Driver/Src/stm32h7xx_hal_adc.o
 .text.LL_ADC_IsInternalRegulatorEnabled
                0x08001fbc       0x28 ./Drivers/STM32H7xx_HAL_Driver/Src/stm32h7xx_hal_adc.o
 .text.LL_ADC_IsEnabled
                0x08001fe4       0x26 ./Drivers/STM32H7xx_HAL_Driver/Src/stm32h7xx_hal_adc.o
 .text.LL_ADC_REG_IsConversionOngoing
                0x0800200a       0x26 ./Drivers/STM32H7xx_HAL_Driver/Src/stm32h7xx_hal_adc.o
 .text.LL_ADC_INJ_IsConversionOngoing
                0x08002030       0x26 ./Drivers/STM32H7xx_HAL_Driver/Src/stm32h7xx_hal_adc.o
 *fill*         0x08002056        0x2 
 .text.HAL_ADC_Init
                0x08002058      0x344 ./Drivers/STM32H7xx_HAL_Driver/Src/stm32h7xx_hal_adc.o
                0x08002058                HAL_ADC_Init
 .text.HAL_ADC_ConfigChannel
                0x0800239c      0x5e0 ./Drivers/STM32H7xx_HAL_Driver/Src/stm32h7xx_hal_adc.o
                0x0800239c                HAL_ADC_ConfigChannel
 .text.ADC_ConfigureBoostMode
                0x0800297c      0x218 ./Drivers/STM32H7xx_HAL_Driver/Src/stm32h7xx_hal_adc.o
                0x0800297c                ADC_ConfigureBoostMode
 .text.LL_ADC_IsEnabled
                0x08002b94       0x26 ./Drivers/STM32H7xx_HAL_Driver/Src/stm32h7xx_hal_adc_ex.o
 .text.LL_ADC_REG_IsConversionOngoing
                0x08002bba       0x26 ./Drivers/STM32H7xx_HAL_Driver/Src/stm32h7xx_hal_adc_ex.o
 .text.HAL_ADCEx_MultiModeConfigChannel
                0x08002be0      0x1bc ./Drivers/STM32H7xx_HAL_Driver/Src/stm32h7xx_hal_adc_ex.o
                0x08002be0                HAL_ADCEx_MultiModeConfigChannel
 .text.HAL_COMP_Init
                0x08002d9c      0x254 ./Drivers/STM32H7xx_HAL_Driver/Src/stm32h7xx_hal_comp.o
                0x08002d9c                HAL_COMP_Init
 .text.__NVIC_SetPriorityGrouping
                0x08002ff0       0x48 ./Drivers/STM32H7xx_HAL_Driver/Src/stm32h7xx_hal_cortex.o
 .text.__NVIC_GetPriorityGrouping
                0x08003038       0x1c ./Drivers/STM32H7xx_HAL_Driver/Src/stm32h7xx_hal_cortex.o
 .text.__NVIC_EnableIRQ
                0x08003054       0x3c ./Drivers/STM32H7xx_HAL_Driver/Src/stm32h7xx_hal_cortex.o
 .text.__NVIC_SetPriority
                0x08003090       0x54 ./Drivers/STM32H7xx_HAL_Driver/Src/stm32h7xx_hal_cortex.o
 .text.NVIC_EncodePriority
                0x080030e4       0x66 ./Drivers/STM32H7xx_HAL_Driver/Src/stm32h7xx_hal_cortex.o
 *fill*         0x0800314a        0x2 
 .text.SysTick_Config
                0x0800314c       0x44 ./Drivers/STM32H7xx_HAL_Driver/Src/stm32h7xx_hal_cortex.o
 .text.HAL_NVIC_SetPriorityGrouping
                0x08003190       0x16 ./Drivers/STM32H7xx_HAL_Driver/Src/stm32h7xx_hal_cortex.o
                0x08003190                HAL_NVIC_SetPriorityGrouping
 .text.HAL_NVIC_SetPriority
                0x080031a6       0x34 ./Drivers/STM32H7xx_HAL_Driver/Src/stm32h7xx_hal_cortex.o
                0x080031a6                HAL_NVIC_SetPriority
 .text.HAL_NVIC_EnableIRQ
                0x080031da       0x1c ./Drivers/STM32H7xx_HAL_Driver/Src/stm32h7xx_hal_cortex.o
                0x080031da                HAL_NVIC_EnableIRQ
 .text.HAL_SYSTICK_Config
                0x080031f6       0x18 ./Drivers/STM32H7xx_HAL_Driver/Src/stm32h7xx_hal_cortex.o
                0x080031f6                HAL_SYSTICK_Config
 .text.HAL_DAC_Init
                0x0800320e       0x44 ./Drivers/STM32H7xx_HAL_Driver/Src/stm32h7xx_hal_dac.o
                0x0800320e                HAL_DAC_Init
 *fill*         0x08003252        0x2 
 .text.HAL_DAC_ConfigChannel
                0x08003254      0x28c ./Drivers/STM32H7xx_HAL_Driver/Src/stm32h7xx_hal_dac.o
                0x08003254                HAL_DAC_ConfigChannel
 .text.HAL_DMA_Init
                0x080034e0      0x6b8 ./Drivers/STM32H7xx_HAL_Driver/Src/stm32h7xx_hal_dma.o
                0x080034e0                HAL_DMA_Init
 .text.DMA_CalcBaseAndBitshift
                0x08003b98      0x164 ./Drivers/STM32H7xx_HAL_Driver/Src/stm32h7xx_hal_dma.o
 .text.DMA_CheckFifoParam
                0x08003cfc       0xf8 ./Drivers/STM32H7xx_HAL_Driver/Src/stm32h7xx_hal_dma.o
 .text.DMA_CalcDMAMUXChannelBaseAndMask
                0x08003df4      0x134 ./Drivers/STM32H7xx_HAL_Driver/Src/stm32h7xx_hal_dma.o
 .text.DMA_CalcDMAMUXRequestGenBaseAndMask
                0x08003f28       0xe8 ./Drivers/STM32H7xx_HAL_Driver/Src/stm32h7xx_hal_dma.o
 .text.HAL_GPIO_Init
                0x08004010      0x360 ./Drivers/STM32H7xx_HAL_Driver/Src/stm32h7xx_hal_gpio.o
                0x08004010                HAL_GPIO_Init
 .text.HAL_GPIO_WritePin
                0x08004370       0x32 ./Drivers/STM32H7xx_HAL_Driver/Src/stm32h7xx_hal_gpio.o
                0x08004370                HAL_GPIO_WritePin
 *fill*         0x080043a2        0x2 
 .text.HAL_PWREx_ConfigSupply
                0x080043a4       0x74 ./Drivers/STM32H7xx_HAL_Driver/Src/stm32h7xx_hal_pwr_ex.o
                0x080043a4                HAL_PWREx_ConfigSupply
 .text.HAL_RCC_OscConfig
                0x08004418      0x8b4 ./Drivers/STM32H7xx_HAL_Driver/Src/stm32h7xx_hal_rcc.o
                0x08004418                HAL_RCC_OscConfig
 .text.HAL_RCC_ClockConfig
                0x08004ccc      0x36c ./Drivers/STM32H7xx_HAL_Driver/Src/stm32h7xx_hal_rcc.o
                0x08004ccc                HAL_RCC_ClockConfig
 .text.HAL_RCC_GetSysClockFreq
                0x08005038      0x2f4 ./Drivers/STM32H7xx_HAL_Driver/Src/stm32h7xx_hal_rcc.o
                0x08005038                HAL_RCC_GetSysClockFreq
 .text.HAL_RCC_GetHCLKFreq
                0x0800532c       0x60 ./Drivers/STM32H7xx_HAL_Driver/Src/stm32h7xx_hal_rcc.o
                0x0800532c                HAL_RCC_GetHCLKFreq
 .text.HAL_RCC_GetPCLK1Freq
                0x0800538c       0x2c ./Drivers/STM32H7xx_HAL_Driver/Src/stm32h7xx_hal_rcc.o
                0x0800538c                HAL_RCC_GetPCLK1Freq
 .text.HAL_RCC_GetPCLK2Freq
                0x080053b8       0x2c ./Drivers/STM32H7xx_HAL_Driver/Src/stm32h7xx_hal_rcc.o
                0x080053b8                HAL_RCC_GetPCLK2Freq
 .text.HAL_RCCEx_PeriphCLKConfig
                0x080053e4     0x1414 ./Drivers/STM32H7xx_HAL_Driver/Src/stm32h7xx_hal_rcc_ex.o
                0x080053e4                HAL_RCCEx_PeriphCLKConfig
 .text.HAL_RCCEx_GetPeriphCLKFreq
                0x080067f8      0xb00 ./Drivers/STM32H7xx_HAL_Driver/Src/stm32h7xx_hal_rcc_ex.o
                0x080067f8                HAL_RCCEx_GetPeriphCLKFreq
 .text.HAL_RCCEx_GetD3PCLK1Freq
                0x080072f8       0x2c ./Drivers/STM32H7xx_HAL_Driver/Src/stm32h7xx_hal_rcc_ex.o
                0x080072f8                HAL_RCCEx_GetD3PCLK1Freq
 .text.HAL_RCCEx_GetPLL2ClockFreq
                0x08007324      0x2a8 ./Drivers/STM32H7xx_HAL_Driver/Src/stm32h7xx_hal_rcc_ex.o
                0x08007324                HAL_RCCEx_GetPLL2ClockFreq
 .text.HAL_RCCEx_GetPLL3ClockFreq
                0x080075cc      0x2a8 ./Drivers/STM32H7xx_HAL_Driver/Src/stm32h7xx_hal_rcc_ex.o
                0x080075cc                HAL_RCCEx_GetPLL3ClockFreq
 .text.HAL_RCCEx_GetPLL1ClockFreq
                0x08007874      0x2a4 ./Drivers/STM32H7xx_HAL_Driver/Src/stm32h7xx_hal_rcc_ex.o
                0x08007874                HAL_RCCEx_GetPLL1ClockFreq
 .text.RCCEx_PLL2_Config
                0x08007b18      0x164 ./Drivers/STM32H7xx_HAL_Driver/Src/stm32h7xx_hal_rcc_ex.o
 .text.RCCEx_PLL3_Config
                0x08007c7c      0x164 ./Drivers/STM32H7xx_HAL_Driver/Src/stm32h7xx_hal_rcc_ex.o
 .text.HAL_TIM_Base_Init
                0x08007de0       0xae ./Drivers/STM32H7xx_HAL_Driver/Src/stm32h7xx_hal_tim.o
                0x08007de0                HAL_TIM_Base_Init
 .text.HAL_TIM_IRQHandler
                0x08007e8e      0x20e ./Drivers/STM32H7xx_HAL_Driver/Src/stm32h7xx_hal_tim.o
                0x08007e8e                HAL_TIM_IRQHandler
 .text.HAL_TIM_PeriodElapsedCallback
                0x0800809c       0x14 ./Drivers/STM32H7xx_HAL_Driver/Src/stm32h7xx_hal_tim.o
                0x0800809c                HAL_TIM_PeriodElapsedCallback
 .text.HAL_TIM_OC_DelayElapsedCallback
                0x080080b0       0x14 ./Drivers/STM32H7xx_HAL_Driver/Src/stm32h7xx_hal_tim.o
                0x080080b0                HAL_TIM_OC_DelayElapsedCallback
 .text.HAL_TIM_IC_CaptureCallback
                0x080080c4       0x14 ./Drivers/STM32H7xx_HAL_Driver/Src/stm32h7xx_hal_tim.o
                0x080080c4                HAL_TIM_IC_CaptureCallback
 .text.HAL_TIM_PWM_PulseFinishedCallback
                0x080080d8       0x14 ./Drivers/STM32H7xx_HAL_Driver/Src/stm32h7xx_hal_tim.o
                0x080080d8                HAL_TIM_PWM_PulseFinishedCallback
 .text.HAL_TIM_TriggerCallback
                0x080080ec       0x14 ./Drivers/STM32H7xx_HAL_Driver/Src/stm32h7xx_hal_tim.o
                0x080080ec                HAL_TIM_TriggerCallback
 .text.TIM_Base_SetConfig
                0x08008100      0x140 ./Drivers/STM32H7xx_HAL_Driver/Src/stm32h7xx_hal_tim.o
                0x08008100                TIM_Base_SetConfig
 .text.HAL_TIMEx_MasterConfigSynchronization
                0x08008240      0x11c ./Drivers/STM32H7xx_HAL_Driver/Src/stm32h7xx_hal_tim_ex.o
                0x08008240                HAL_TIMEx_MasterConfigSynchronization
 .text.HAL_TIMEx_CommutCallback
                0x0800835c       0x14 ./Drivers/STM32H7xx_HAL_Driver/Src/stm32h7xx_hal_tim_ex.o
                0x0800835c                HAL_TIMEx_CommutCallback
 .text.HAL_TIMEx_BreakCallback
                0x08008370       0x14 ./Drivers/STM32H7xx_HAL_Driver/Src/stm32h7xx_hal_tim_ex.o
                0x08008370                HAL_TIMEx_BreakCallback
 .text.HAL_TIMEx_Break2Callback
                0x08008384       0x14 ./Drivers/STM32H7xx_HAL_Driver/Src/stm32h7xx_hal_tim_ex.o
                0x08008384                HAL_TIMEx_Break2Callback
 .text.HAL_UART_Init
                0x08008398       0xa0 ./Drivers/STM32H7xx_HAL_Driver/Src/stm32h7xx_hal_uart.o
                0x08008398                HAL_UART_Init
 .text.UART_SetConfig
                0x08008438      0xad0 ./Drivers/STM32H7xx_HAL_Driver/Src/stm32h7xx_hal_uart.o
                0x08008438                UART_SetConfig
 .text.UART_AdvFeatureConfig
                0x08008f08      0x144 ./Drivers/STM32H7xx_HAL_Driver/Src/stm32h7xx_hal_uart.o
                0x08008f08                UART_AdvFeatureConfig
 .text.UART_CheckIdleState
                0x0800904c      0x154 ./Drivers/STM32H7xx_HAL_Driver/Src/stm32h7xx_hal_uart.o
                0x0800904c                UART_CheckIdleState
 .text.UART_WaitOnFlagUntilTimeout
                0x080091a0       0xda ./Drivers/STM32H7xx_HAL_Driver/Src/stm32h7xx_hal_uart.o
                0x080091a0                UART_WaitOnFlagUntilTimeout
 *fill*         0x0800927a        0x2 
 .text.UART_EndRxTransfer
                0x0800927c       0xcc ./Drivers/STM32H7xx_HAL_Driver/Src/stm32h7xx_hal_uart.o
 .text.HAL_UARTEx_DisableFifoMode
                0x08009348       0x72 ./Drivers/STM32H7xx_HAL_Driver/Src/stm32h7xx_hal_uart_ex.o
                0x08009348                HAL_UARTEx_DisableFifoMode
 .text.HAL_UARTEx_SetTxFifoThreshold
                0x080093ba       0x7c ./Drivers/STM32H7xx_HAL_Driver/Src/stm32h7xx_hal_uart_ex.o
                0x080093ba                HAL_UARTEx_SetTxFifoThreshold
 .text.HAL_UARTEx_SetRxFifoThreshold
                0x08009436       0x7c ./Drivers/STM32H7xx_HAL_Driver/Src/stm32h7xx_hal_uart_ex.o
                0x08009436                HAL_UARTEx_SetRxFifoThreshold
 *fill*         0x080094b2        0x2 
 .text.UARTEx_SetNbDataToProcess
                0x080094b4       0x9c ./Drivers/STM32H7xx_HAL_Driver/Src/stm32h7xx_hal_uart_ex.o
 .text.memset   0x08009550       0x10 C:/ST/STM32CubeIDE_1.17.0/STM32CubeIDE/plugins/com.st.stm32cube.ide.mcu.externaltools.gnu-tools-for-stm32.12.3.rel1.win32_1.1.0.202410251130/tools/bin/../lib/gcc/arm-none-eabi/12.3.1/../../../../arm-none-eabi/lib/thumb/v7e-m+dp/hard\libc_nano.a(libc_a-memset.o)
                0x08009550                memset
 .text.__libc_init_array
                0x08009560       0x48 C:/ST/STM32CubeIDE_1.17.0/STM32CubeIDE/plugins/com.st.stm32cube.ide.mcu.externaltools.gnu-tools-for-stm32.12.3.rel1.win32_1.1.0.202410251130/tools/bin/../lib/gcc/arm-none-eabi/12.3.1/../../../../arm-none-eabi/lib/thumb/v7e-m+dp/hard\libc_nano.a(libc_a-init.o)
                0x08009560                __libc_init_array
 *(.glue_7)
 .glue_7        0x080095a8        0x0 linker stubs
 *(.glue_7t)
 .glue_7t       0x080095a8        0x0 linker stubs
 *(.eh_frame)
 .eh_frame      0x080095a8        0x0 C:/ST/STM32CubeIDE_1.17.0/STM32CubeIDE/plugins/com.st.stm32cube.ide.mcu.externaltools.gnu-tools-for-stm32.12.3.rel1.win32_1.1.0.202410251130/tools/bin/../lib/gcc/arm-none-eabi/12.3.1/thumb/v7e-m+dp/hard/crtbegin.o
 *(.init)
 .init          0x080095a8        0x4 C:/ST/STM32CubeIDE_1.17.0/STM32CubeIDE/plugins/com.st.stm32cube.ide.mcu.externaltools.gnu-tools-for-stm32.12.3.rel1.win32_1.1.0.202410251130/tools/bin/../lib/gcc/arm-none-eabi/12.3.1/thumb/v7e-m+dp/hard/crti.o
                0x080095a8                _init
 .init          0x080095ac        0x8 C:/ST/STM32CubeIDE_1.17.0/STM32CubeIDE/plugins/com.st.stm32cube.ide.mcu.externaltools.gnu-tools-for-stm32.12.3.rel1.win32_1.1.0.202410251130/tools/bin/../lib/gcc/arm-none-eabi/12.3.1/thumb/v7e-m+dp/hard/crtn.o
 *(.fini)
 .fini          0x080095b4        0x4 C:/ST/STM32CubeIDE_1.17.0/STM32CubeIDE/plugins/com.st.stm32cube.ide.mcu.externaltools.gnu-tools-for-stm32.12.3.rel1.win32_1.1.0.202410251130/tools/bin/../lib/gcc/arm-none-eabi/12.3.1/thumb/v7e-m+dp/hard/crti.o
                0x080095b4                _fini
 .fini          0x080095b8        0x8 C:/ST/STM32CubeIDE_1.17.0/STM32CubeIDE/plugins/com.st.stm32cube.ide.mcu.externaltools.gnu-tools-for-stm32.12.3.rel1.win32_1.1.0.202410251130/tools/bin/../lib/gcc/arm-none-eabi/12.3.1/thumb/v7e-m+dp/hard/crtn.o
                0x080095c0                        . = ALIGN (0x4)
                0x080095c0                        _etext = .

.vfp11_veneer   0x080095c0        0x0
 .vfp11_veneer  0x080095c0        0x0 linker stubs

.v4_bx          0x080095c0        0x0
 .v4_bx         0x080095c0        0x0 linker stubs

.iplt           0x080095c0        0x0
 .iplt          0x080095c0        0x0 C:/ST/STM32CubeIDE_1.17.0/STM32CubeIDE/plugins/com.st.stm32cube.ide.mcu.externaltools.gnu-tools-for-stm32.12.3.rel1.win32_1.1.0.202410251130/tools/bin/../lib/gcc/arm-none-eabi/12.3.1/thumb/v7e-m+dp/hard/crtbegin.o

.rodata         0x080095c0       0x40
                0x080095c0                        . = ALIGN (0x4)
 *(.rodata)
 *(.rodata*)
 .rodata.D1CorePrescTable
                0x080095c0       0x10 ./Core/Src/system_stm32h7xx.o
                0x080095c0                D1CorePrescTable
 .rodata.flagBitshiftOffset.0
                0x080095d0        0x8 ./Drivers/STM32H7xx_HAL_Driver/Src/stm32h7xx_hal_dma.o
 .rodata.UARTPrescTable
                0x080095d8       0x18 ./Drivers/STM32H7xx_HAL_Driver/Src/stm32h7xx_hal_uart.o
                0x080095d8                UARTPrescTable
 .rodata.numerator.1
                0x080095f0        0x8 ./Drivers/STM32H7xx_HAL_Driver/Src/stm32h7xx_hal_uart_ex.o
 .rodata.denominator.0
                0x080095f8        0x8 ./Drivers/STM32H7xx_HAL_Driver/Src/stm32h7xx_hal_uart_ex.o
                0x08009600                        . = ALIGN (0x4)

.ARM.extab
 *(.ARM.extab* .gnu.linkonce.armextab.*)

.ARM            0x08009600        0x8
                0x08009600                        __exidx_start = .
 *(.ARM.exidx*)
 .ARM.exidx     0x08009600        0x8 C:/ST/STM32CubeIDE_1.17.0/STM32CubeIDE/plugins/com.st.stm32cube.ide.mcu.externaltools.gnu-tools-for-stm32.12.3.rel1.win32_1.1.0.202410251130/tools/bin/../lib/gcc/arm-none-eabi/12.3.1/thumb/v7e-m+dp/hard\libgcc.a(_udivmoddi4.o)
                0x08009608                        __exidx_end = .

.preinit_array  0x08009608        0x0
                0x08009608                        PROVIDE (__preinit_array_start = .)
 *(.preinit_array*)
                0x08009608                        PROVIDE (__preinit_array_end = .)

.init_array     0x08009608        0x4
                0x08009608                        PROVIDE (__init_array_start = .)
 *(SORT_BY_NAME(.init_array.*))
 *(.init_array*)
 .init_array    0x08009608        0x4 C:/ST/STM32CubeIDE_1.17.0/STM32CubeIDE/plugins/com.st.stm32cube.ide.mcu.externaltools.gnu-tools-for-stm32.12.3.rel1.win32_1.1.0.202410251130/tools/bin/../lib/gcc/arm-none-eabi/12.3.1/thumb/v7e-m+dp/hard/crtbegin.o
                0x0800960c                        PROVIDE (__init_array_end = .)

.fini_array     0x0800960c        0x4
                [!provide]                        PROVIDE (__fini_array_start = .)
 *(SORT_BY_NAME(.fini_array.*))
 *(.fini_array*)
 .fini_array    0x0800960c        0x4 C:/ST/STM32CubeIDE_1.17.0/STM32CubeIDE/plugins/com.st.stm32cube.ide.mcu.externaltools.gnu-tools-for-stm32.12.3.rel1.win32_1.1.0.202410251130/tools/bin/../lib/gcc/arm-none-eabi/12.3.1/thumb/v7e-m+dp/hard/crtbegin.o
                [!provide]                        PROVIDE (__fini_array_end = .)
                0x08009610                        _sidata = LOADADDR (.data)

.rel.dyn        0x08009610        0x0
 .rel.iplt      0x08009610        0x0 C:/ST/STM32CubeIDE_1.17.0/STM32CubeIDE/plugins/com.st.stm32cube.ide.mcu.externaltools.gnu-tools-for-stm32.12.3.rel1.win32_1.1.0.202410251130/tools/bin/../lib/gcc/arm-none-eabi/12.3.1/thumb/v7e-m+dp/hard/crtbegin.o

.data           0x24000000       0x10 load address 0x08009610
                0x24000000                        . = ALIGN (0x4)
                0x24000000                        _sdata = .
 *(.data)
 *(.data*)
 .data.SystemCoreClock
                0x24000000        0x4 ./Core/Src/system_stm32h7xx.o
                0x24000000                SystemCoreClock
 .data.SystemD2Clock
                0x24000004        0x4 ./Core/Src/system_stm32h7xx.o
                0x24000004                SystemD2Clock
 .data.uwTickPrio
                0x24000008        0x4 ./Drivers/STM32H7xx_HAL_Driver/Src/stm32h7xx_hal.o
                0x24000008                uwTickPrio
 .data.uwTickFreq
                0x2400000c        0x1 ./Drivers/STM32H7xx_HAL_Driver/Src/stm32h7xx_hal.o
                0x2400000c                uwTickFreq
 *(.RamFunc)
 *(.RamFunc*)
                0x24000010                        . = ALIGN (0x4)
 *fill*         0x2400000d        0x3 
                0x24000010                        _edata = .

.igot.plt       0x24000010        0x0 load address 0x08009620
 .igot.plt      0x24000010        0x0 C:/ST/STM32CubeIDE_1.17.0/STM32CubeIDE/plugins/com.st.stm32cube.ide.mcu.externaltools.gnu-tools-for-stm32.12.3.rel1.win32_1.1.0.202410251130/tools/bin/../lib/gcc/arm-none-eabi/12.3.1/thumb/v7e-m+dp/hard/crtbegin.o
                0x24000010                        . = ALIGN (0x4)

.bss            0x24000010      0xa34 load address 0x08009620
                0x24000010                        _sbss = .
                0x24000010                        __bss_start__ = _sbss
 *(.bss)
 .bss           0x24000010       0x1c C:/ST/STM32CubeIDE_1.17.0/STM32CubeIDE/plugins/com.st.stm32cube.ide.mcu.externaltools.gnu-tools-for-stm32.12.3.rel1.win32_1.1.0.202410251130/tools/bin/../lib/gcc/arm-none-eabi/12.3.1/thumb/v7e-m+dp/hard/crtbegin.o
 *(.bss*)
 .bss.triggd    0x2400002c        0x1 ./Core/Src/Custom_COMP.o
                0x2400002c                triggd
 .bss.acquiring
                0x2400002d        0x1 ./Core/Src/Custom_COMP.o
                0x2400002d                acquiring
 .bss.enable    0x2400002e        0x1 ./Core/Src/Custom_COMP.o
                0x2400002e                enable
 .bss.pre_triggd
                0x2400002f        0x1 ./Core/Src/Custom_COMP.o
                0x2400002f                pre_triggd
 .bss.DMA_data_buffer
                0x24000030      0x640 ./Core/Src/Custom_DMA.o
                0x24000030                DMA_data_buffer
 .bss.data_index
                0x24000670        0x2 ./Core/Src/Custom_DMA.o
                0x24000670                data_index
 *fill*         0x24000672        0x2 
 .bss.hadc1     0x24000674       0x64 ./Core/Src/main.o
                0x24000674                hadc1
 .bss.hadc3     0x240006d8       0x64 ./Core/Src/main.o
                0x240006d8                hadc3
 .bss.hdma_adc1
                0x2400073c       0x78 ./Core/Src/main.o
                0x2400073c                hdma_adc1
 .bss.hdma_adc3
                0x240007b4       0x78 ./Core/Src/main.o
                0x240007b4                hdma_adc3
 .bss.hcomp1    0x2400082c       0x2c ./Core/Src/main.o
                0x2400082c                hcomp1
 .bss.hcomp2    0x24000858       0x2c ./Core/Src/main.o
                0x24000858                hcomp2
 .bss.hdac1     0x24000884       0x14 ./Core/Src/main.o
                0x24000884                hdac1
 .bss.htim6     0x24000898       0x4c ./Core/Src/main.o
                0x24000898                htim6
 .bss.htim7     0x240008e4       0x4c ./Core/Src/main.o
                0x240008e4                htim7
 .bss.huart3    0x24000930       0x94 ./Core/Src/main.o
                0x24000930                huart3
 .bss.hdma_usart3_tx
                0x240009c4       0x78 ./Core/Src/main.o
                0x240009c4                hdma_usart3_tx
 .bss.HAL_RCC_COMP12_CLK_ENABLED
                0x24000a3c        0x4 ./Core/Src/stm32h7xx_hal_msp.o
 .bss.uwTick    0x24000a40        0x4 ./Drivers/STM32H7xx_HAL_Driver/Src/stm32h7xx_hal.o
                0x24000a40                uwTick
 *(COMMON)
                0x24000a44                        . = ALIGN (0x4)
                0x24000a44                        _ebss = .
                0x24000a44                        __bss_end__ = _ebss

._user_heap_stack
                0x24000a44      0x604 load address 0x08009620
                0x24000a48                        . = ALIGN (0x8)
 *fill*         0x24000a44        0x4 
                [!provide]                        PROVIDE (end = .)
                0x24000a48                        PROVIDE (_end = .)
                0x24000c48                        . = (. + _Min_Heap_Size)
 *fill*         0x24000a48      0x200 
                0x24001048                        . = (. + _Min_Stack_Size)
 *fill*         0x24000c48      0x400 
                0x24001048                        . = ALIGN (0x8)

/DISCARD/
 libc.a(*)
 libm.a(*)
 libgcc.a(*)

.ARM.attributes
                0x00000000       0x2e
 *(.ARM.attributes)
 .ARM.attributes
                0x00000000       0x20 C:/ST/STM32CubeIDE_1.17.0/STM32CubeIDE/plugins/com.st.stm32cube.ide.mcu.externaltools.gnu-tools-for-stm32.12.3.rel1.win32_1.1.0.202410251130/tools/bin/../lib/gcc/arm-none-eabi/12.3.1/thumb/v7e-m+dp/hard/crti.o
 .ARM.attributes
                0x00000020       0x32 C:/ST/STM32CubeIDE_1.17.0/STM32CubeIDE/plugins/com.st.stm32cube.ide.mcu.externaltools.gnu-tools-for-stm32.12.3.rel1.win32_1.1.0.202410251130/tools/bin/../lib/gcc/arm-none-eabi/12.3.1/thumb/v7e-m+dp/hard/crtbegin.o
 .ARM.attributes
                0x00000052       0x32 ./Core/Src/Custom_ADC.o
 .ARM.attributes
                0x00000084       0x32 ./Core/Src/Custom_COMP.o
 .ARM.attributes
                0x000000b6       0x32 ./Core/Src/Custom_DMA.o
 .ARM.attributes
                0x000000e8       0x32 ./Core/Src/Custom_USART.o
 .ARM.attributes
                0x0000011a       0x32 ./Core/Src/main.o
 .ARM.attributes
                0x0000014c       0x32 ./Core/Src/stm32h7xx_hal_msp.o
 .ARM.attributes
                0x0000017e       0x32 ./Core/Src/stm32h7xx_it.o
 .ARM.attributes
                0x000001b0       0x32 ./Core/Src/system_stm32h7xx.o
 .ARM.attributes
                0x000001e2       0x21 ./Core/Startup/startup_stm32h743zitx.o
 .ARM.attributes
                0x00000203       0x32 ./Drivers/STM32H7xx_HAL_Driver/Src/stm32h7xx_hal.o
 .ARM.attributes
                0x00000235       0x32 ./Drivers/STM32H7xx_HAL_Driver/Src/stm32h7xx_hal_adc.o
 .ARM.attributes
                0x00000267       0x32 ./Drivers/STM32H7xx_HAL_Driver/Src/stm32h7xx_hal_adc_ex.o
 .ARM.attributes
                0x00000299       0x32 ./Drivers/STM32H7xx_HAL_Driver/Src/stm32h7xx_hal_comp.o
 .ARM.attributes
                0x000002cb       0x32 ./Drivers/STM32H7xx_HAL_Driver/Src/stm32h7xx_hal_cortex.o
 .ARM.attributes
                0x000002fd       0x32 ./Drivers/STM32H7xx_HAL_Driver/Src/stm32h7xx_hal_dac.o
 .ARM.attributes
                0x0000032f       0x32 ./Drivers/STM32H7xx_HAL_Driver/Src/stm32h7xx_hal_dma.o
 .ARM.attributes
                0x00000361       0x32 ./Drivers/STM32H7xx_HAL_Driver/Src/stm32h7xx_hal_gpio.o
 .ARM.attributes
                0x00000393       0x32 ./Drivers/STM32H7xx_HAL_Driver/Src/stm32h7xx_hal_pwr_ex.o
 .ARM.attributes
                0x000003c5       0x32 ./Drivers/STM32H7xx_HAL_Driver/Src/stm32h7xx_hal_rcc.o
 .ARM.attributes
                0x000003f7       0x32 ./Drivers/STM32H7xx_HAL_Driver/Src/stm32h7xx_hal_rcc_ex.o
 .ARM.attributes
                0x00000429       0x32 ./Drivers/STM32H7xx_HAL_Driver/Src/stm32h7xx_hal_tim.o
 .ARM.attributes
                0x0000045b       0x32 ./Drivers/STM32H7xx_HAL_Driver/Src/stm32h7xx_hal_tim_ex.o
 .ARM.attributes
                0x0000048d       0x32 ./Drivers/STM32H7xx_HAL_Driver/Src/stm32h7xx_hal_uart.o
 .ARM.attributes
                0x000004bf       0x32 ./Drivers/STM32H7xx_HAL_Driver/Src/stm32h7xx_hal_uart_ex.o
 .ARM.attributes
                0x000004f1       0x32 C:/ST/STM32CubeIDE_1.17.0/STM32CubeIDE/plugins/com.st.stm32cube.ide.mcu.externaltools.gnu-tools-for-stm32.12.3.rel1.win32_1.1.0.202410251130/tools/bin/../lib/gcc/arm-none-eabi/12.3.1/../../../../arm-none-eabi/lib/thumb/v7e-m+dp/hard\libc_nano.a(libc_a-memset.o)
 .ARM.attributes
                0x00000523       0x32 C:/ST/STM32CubeIDE_1.17.0/STM32CubeIDE/plugins/com.st.stm32cube.ide.mcu.externaltools.gnu-tools-for-stm32.12.3.rel1.win32_1.1.0.202410251130/tools/bin/../lib/gcc/arm-none-eabi/12.3.1/../../../../arm-none-eabi/lib/thumb/v7e-m+dp/hard\libc_nano.a(libc_a-init.o)
 .ARM.attributes
                0x00000555       0x20 C:/ST/STM32CubeIDE_1.17.0/STM32CubeIDE/plugins/com.st.stm32cube.ide.mcu.externaltools.gnu-tools-for-stm32.12.3.rel1.win32_1.1.0.202410251130/tools/bin/../lib/gcc/arm-none-eabi/12.3.1/thumb/v7e-m+dp/hard\libgcc.a(_aeabi_uldivmod.o)
 .ARM.attributes
                0x00000575       0x32 C:/ST/STM32CubeIDE_1.17.0/STM32CubeIDE/plugins/com.st.stm32cube.ide.mcu.externaltools.gnu-tools-for-stm32.12.3.rel1.win32_1.1.0.202410251130/tools/bin/../lib/gcc/arm-none-eabi/12.3.1/thumb/v7e-m+dp/hard\libgcc.a(_udivmoddi4.o)
 .ARM.attributes
                0x000005a7       0x20 C:/ST/STM32CubeIDE_1.17.0/STM32CubeIDE/plugins/com.st.stm32cube.ide.mcu.externaltools.gnu-tools-for-stm32.12.3.rel1.win32_1.1.0.202410251130/tools/bin/../lib/gcc/arm-none-eabi/12.3.1/thumb/v7e-m+dp/hard\libgcc.a(_dvmd_tls.o)
 .ARM.attributes
                0x000005c7       0x20 C:/ST/STM32CubeIDE_1.17.0/STM32CubeIDE/plugins/com.st.stm32cube.ide.mcu.externaltools.gnu-tools-for-stm32.12.3.rel1.win32_1.1.0.202410251130/tools/bin/../lib/gcc/arm-none-eabi/12.3.1/thumb/v7e-m+dp/hard/crtn.o
OUTPUT(Dual ADC.elf elf32-littlearm)
LOAD linker stubs
LOAD C:/ST/STM32CubeIDE_1.17.0/STM32CubeIDE/plugins/com.st.stm32cube.ide.mcu.externaltools.gnu-tools-for-stm32.12.3.rel1.win32_1.1.0.202410251130/tools/bin/../lib/gcc/arm-none-eabi/12.3.1/../../../../arm-none-eabi/lib/thumb/v7e-m+dp/hard\libc.a
LOAD C:/ST/STM32CubeIDE_1.17.0/STM32CubeIDE/plugins/com.st.stm32cube.ide.mcu.externaltools.gnu-tools-for-stm32.12.3.rel1.win32_1.1.0.202410251130/tools/bin/../lib/gcc/arm-none-eabi/12.3.1/../../../../arm-none-eabi/lib/thumb/v7e-m+dp/hard\libm.a
LOAD C:/ST/STM32CubeIDE_1.17.0/STM32CubeIDE/plugins/com.st.stm32cube.ide.mcu.externaltools.gnu-tools-for-stm32.12.3.rel1.win32_1.1.0.202410251130/tools/bin/../lib/gcc/arm-none-eabi/12.3.1/thumb/v7e-m+dp/hard\libgcc.a

.debug_info     0x00000000    0x1d0ca
 .debug_info    0x00000000      0x46f ./Core/Src/Custom_ADC.o
 .debug_info    0x0000046f      0x3d2 ./Core/Src/Custom_COMP.o
 .debug_info    0x00000841      0x607 ./Core/Src/Custom_DMA.o
 .debug_info    0x00000e48      0x2c8 ./Core/Src/Custom_USART.o
 .debug_info    0x00001110     0x2a0b ./Core/Src/main.o
 .debug_info    0x00003b1b     0x22e6 ./Core/Src/stm32h7xx_hal_msp.o
 .debug_info    0x00005e01      0x8a7 ./Core/Src/stm32h7xx_it.o
 .debug_info    0x000066a8      0xcef ./Core/Src/system_stm32h7xx.o
 .debug_info    0x00007397       0x30 ./Core/Startup/startup_stm32h743zitx.o
 .debug_info    0x000073c7     0x153b ./Drivers/STM32H7xx_HAL_Driver/Src/stm32h7xx_hal.o
 .debug_info    0x00008902     0x1d84 ./Drivers/STM32H7xx_HAL_Driver/Src/stm32h7xx_hal_adc.o
 .debug_info    0x0000a686     0x1ea5 ./Drivers/STM32H7xx_HAL_Driver/Src/stm32h7xx_hal_adc_ex.o
 .debug_info    0x0000c52b      0x795 ./Drivers/STM32H7xx_HAL_Driver/Src/stm32h7xx_hal_comp.o
 .debug_info    0x0000ccc0     0x10b1 ./Drivers/STM32H7xx_HAL_Driver/Src/stm32h7xx_hal_cortex.o
 .debug_info    0x0000dd71      0xbb8 ./Drivers/STM32H7xx_HAL_Driver/Src/stm32h7xx_hal_dac.o
 .debug_info    0x0000e929      0xc31 ./Drivers/STM32H7xx_HAL_Driver/Src/stm32h7xx_hal_dma.o
 .debug_info    0x0000f55a      0xc5a ./Drivers/STM32H7xx_HAL_Driver/Src/stm32h7xx_hal_gpio.o
 .debug_info    0x000101b4     0x1012 ./Drivers/STM32H7xx_HAL_Driver/Src/stm32h7xx_hal_pwr_ex.o
 .debug_info    0x000111c6      0xe6a ./Drivers/STM32H7xx_HAL_Driver/Src/stm32h7xx_hal_rcc.o
 .debug_info    0x00012030     0x1225 ./Drivers/STM32H7xx_HAL_Driver/Src/stm32h7xx_hal_rcc_ex.o
 .debug_info    0x00013255     0x2bae ./Drivers/STM32H7xx_HAL_Driver/Src/stm32h7xx_hal_tim.o
 .debug_info    0x00015e03     0x17eb ./Drivers/STM32H7xx_HAL_Driver/Src/stm32h7xx_hal_tim_ex.o
 .debug_info    0x000175ee     0x4b1d ./Drivers/STM32H7xx_HAL_Driver/Src/stm32h7xx_hal_uart.o
 .debug_info    0x0001c10b      0xfbf ./Drivers/STM32H7xx_HAL_Driver/Src/stm32h7xx_hal_uart_ex.o

.debug_abbrev   0x00000000     0x335e
 .debug_abbrev  0x00000000      0x11b ./Core/Src/Custom_ADC.o
 .debug_abbrev  0x0000011b       0xc9 ./Core/Src/Custom_COMP.o
 .debug_abbrev  0x000001e4      0x118 ./Core/Src/Custom_DMA.o
 .debug_abbrev  0x000002fc       0xcb ./Core/Src/Custom_USART.o
 .debug_abbrev  0x000003c7      0x30c ./Core/Src/main.o
 .debug_abbrev  0x000006d3      0x2ab ./Core/Src/stm32h7xx_hal_msp.o
 .debug_abbrev  0x0000097e      0x1c4 ./Core/Src/stm32h7xx_it.o
 .debug_abbrev  0x00000b42      0x14c ./Core/Src/system_stm32h7xx.o
 .debug_abbrev  0x00000c8e       0x24 ./Core/Startup/startup_stm32h743zitx.o
 .debug_abbrev  0x00000cb2      0x295 ./Drivers/STM32H7xx_HAL_Driver/Src/stm32h7xx_hal.o
 .debug_abbrev  0x00000f47      0x2d1 ./Drivers/STM32H7xx_HAL_Driver/Src/stm32h7xx_hal_adc.o
 .debug_abbrev  0x00001218      0x31a ./Drivers/STM32H7xx_HAL_Driver/Src/stm32h7xx_hal_adc_ex.o
 .debug_abbrev  0x00001532      0x1bc ./Drivers/STM32H7xx_HAL_Driver/Src/stm32h7xx_hal_comp.o
 .debug_abbrev  0x000016ee      0x339 ./Drivers/STM32H7xx_HAL_Driver/Src/stm32h7xx_hal_cortex.o
 .debug_abbrev  0x00001a27      0x20c ./Drivers/STM32H7xx_HAL_Driver/Src/stm32h7xx_hal_dac.o
 .debug_abbrev  0x00001c33      0x248 ./Drivers/STM32H7xx_HAL_Driver/Src/stm32h7xx_hal_dma.o
 .debug_abbrev  0x00001e7b      0x205 ./Drivers/STM32H7xx_HAL_Driver/Src/stm32h7xx_hal_gpio.o
 .debug_abbrev  0x00002080      0x2a7 ./Drivers/STM32H7xx_HAL_Driver/Src/stm32h7xx_hal_pwr_ex.o
 .debug_abbrev  0x00002327      0x2c8 ./Drivers/STM32H7xx_HAL_Driver/Src/stm32h7xx_hal_rcc.o
 .debug_abbrev  0x000025ef      0x269 ./Drivers/STM32H7xx_HAL_Driver/Src/stm32h7xx_hal_rcc_ex.o
 .debug_abbrev  0x00002858      0x276 ./Drivers/STM32H7xx_HAL_Driver/Src/stm32h7xx_hal_tim.o
 .debug_abbrev  0x00002ace      0x281 ./Drivers/STM32H7xx_HAL_Driver/Src/stm32h7xx_hal_tim_ex.o
 .debug_abbrev  0x00002d4f      0x33d ./Drivers/STM32H7xx_HAL_Driver/Src/stm32h7xx_hal_uart.o
 .debug_abbrev  0x0000308c      0x2d2 ./Drivers/STM32H7xx_HAL_Driver/Src/stm32h7xx_hal_uart_ex.o

.debug_aranges  0x00000000     0x16c8
 .debug_aranges
                0x00000000       0x28 ./Core/Src/Custom_ADC.o
 .debug_aranges
                0x00000028       0x28 ./Core/Src/Custom_COMP.o
 .debug_aranges
                0x00000050       0x38 ./Core/Src/Custom_DMA.o
 .debug_aranges
                0x00000088       0x28 ./Core/Src/Custom_USART.o
 .debug_aranges
                0x000000b0       0x88 ./Core/Src/main.o
 .debug_aranges
                0x00000138       0x70 ./Core/Src/stm32h7xx_hal_msp.o
 .debug_aranges
                0x000001a8       0x88 ./Core/Src/stm32h7xx_it.o
 .debug_aranges
                0x00000230       0x28 ./Core/Src/system_stm32h7xx.o
 .debug_aranges
                0x00000258       0x28 ./Core/Startup/startup_stm32h743zitx.o
 .debug_aranges
                0x00000280      0x198 ./Drivers/STM32H7xx_HAL_Driver/Src/stm32h7xx_hal.o
 .debug_aranges
                0x00000418      0x230 ./Drivers/STM32H7xx_HAL_Driver/Src/stm32h7xx_hal_adc.o
 .debug_aranges
                0x00000648      0x1e0 ./Drivers/STM32H7xx_HAL_Driver/Src/stm32h7xx_hal_adc_ex.o
 .debug_aranges
                0x00000828       0x88 ./Drivers/STM32H7xx_HAL_Driver/Src/stm32h7xx_hal_comp.o
 .debug_aranges
                0x000008b0      0x130 ./Drivers/STM32H7xx_HAL_Driver/Src/stm32h7xx_hal_cortex.o
 .debug_aranges
                0x000009e0       0xc0 ./Drivers/STM32H7xx_HAL_Driver/Src/stm32h7xx_hal_dac.o
 .debug_aranges
                0x00000aa0       0xa0 ./Drivers/STM32H7xx_HAL_Driver/Src/stm32h7xx_hal_dma.o
 .debug_aranges
                0x00000b40       0x58 ./Drivers/STM32H7xx_HAL_Driver/Src/stm32h7xx_hal_gpio.o
 .debug_aranges
                0x00000b98      0x158 ./Drivers/STM32H7xx_HAL_Driver/Src/stm32h7xx_hal_pwr_ex.o
 .debug_aranges
                0x00000cf0       0x88 ./Drivers/STM32H7xx_HAL_Driver/Src/stm32h7xx_hal_rcc.o
 .debug_aranges
                0x00000d78       0xf8 ./Drivers/STM32H7xx_HAL_Driver/Src/stm32h7xx_hal_rcc_ex.o
 .debug_aranges
                0x00000e70      0x3e0 ./Drivers/STM32H7xx_HAL_Driver/Src/stm32h7xx_hal_tim.o
 .debug_aranges
                0x00001250      0x188 ./Drivers/STM32H7xx_HAL_Driver/Src/stm32h7xx_hal_tim_ex.o
 .debug_aranges
                0x000013d8      0x248 ./Drivers/STM32H7xx_HAL_Driver/Src/stm32h7xx_hal_uart.o
 .debug_aranges
                0x00001620       0xa8 ./Drivers/STM32H7xx_HAL_Driver/Src/stm32h7xx_hal_uart_ex.o

.debug_rnglists
                0x00000000     0x11bb
 .debug_rnglists
                0x00000000       0x1b ./Core/Src/Custom_ADC.o
 .debug_rnglists
                0x0000001b       0x19 ./Core/Src/Custom_COMP.o
 .debug_rnglists
                0x00000034       0x27 ./Core/Src/Custom_DMA.o
 .debug_rnglists
                0x0000005b       0x19 ./Core/Src/Custom_USART.o
 .debug_rnglists
                0x00000074       0x67 ./Core/Src/main.o
 .debug_rnglists
                0x000000db       0x54 ./Core/Src/stm32h7xx_hal_msp.o
 .debug_rnglists
                0x0000012f       0x61 ./Core/Src/stm32h7xx_it.o
 .debug_rnglists
                0x00000190       0x1b ./Core/Src/system_stm32h7xx.o
 .debug_rnglists
                0x000001ab       0x19 ./Core/Startup/startup_stm32h743zitx.o
 .debug_rnglists
                0x000001c4      0x131 ./Drivers/STM32H7xx_HAL_Driver/Src/stm32h7xx_hal.o
 .debug_rnglists
                0x000002f5      0x1af ./Drivers/STM32H7xx_HAL_Driver/Src/stm32h7xx_hal_adc.o
 .debug_rnglists
                0x000004a4      0x175 ./Drivers/STM32H7xx_HAL_Driver/Src/stm32h7xx_hal_adc_ex.o
 .debug_rnglists
                0x00000619       0x66 ./Drivers/STM32H7xx_HAL_Driver/Src/stm32h7xx_hal_comp.o
 .debug_rnglists
                0x0000067f       0xe0 ./Drivers/STM32H7xx_HAL_Driver/Src/stm32h7xx_hal_cortex.o
 .debug_rnglists
                0x0000075f       0x90 ./Drivers/STM32H7xx_HAL_Driver/Src/stm32h7xx_hal_dac.o
 .debug_rnglists
                0x000007ef       0x82 ./Drivers/STM32H7xx_HAL_Driver/Src/stm32h7xx_hal_dma.o
 .debug_rnglists
                0x00000871       0x3f ./Drivers/STM32H7xx_HAL_Driver/Src/stm32h7xx_hal_gpio.o
 .debug_rnglists
                0x000008b0      0x103 ./Drivers/STM32H7xx_HAL_Driver/Src/stm32h7xx_hal_pwr_ex.o
 .debug_rnglists
                0x000009b3       0x68 ./Drivers/STM32H7xx_HAL_Driver/Src/stm32h7xx_hal_rcc.o
 .debug_rnglists
                0x00000a1b       0xc0 ./Drivers/STM32H7xx_HAL_Driver/Src/stm32h7xx_hal_rcc_ex.o
 .debug_rnglists
                0x00000adb      0x328 ./Drivers/STM32H7xx_HAL_Driver/Src/stm32h7xx_hal_tim.o
 .debug_rnglists
                0x00000e03      0x13f ./Drivers/STM32H7xx_HAL_Driver/Src/stm32h7xx_hal_tim_ex.o
 .debug_rnglists
                0x00000f42      0x1fa ./Drivers/STM32H7xx_HAL_Driver/Src/stm32h7xx_hal_uart.o
 .debug_rnglists
                0x0000113c       0x7f ./Drivers/STM32H7xx_HAL_Driver/Src/stm32h7xx_hal_uart_ex.o

.debug_macro    0x00000000    0x3a65a
 .debug_macro   0x00000000      0x300 ./Core/Src/Custom_ADC.o
 .debug_macro   0x00000300      0xad2 ./Core/Src/Custom_ADC.o
 .debug_macro   0x00000dd2      0x24a ./Core/Src/Custom_ADC.o
 .debug_macro   0x0000101c       0x2e ./Core/Src/Custom_ADC.o
 .debug_macro   0x0000104a       0x3b ./Core/Src/Custom_ADC.o
 .debug_macro   0x00001085       0x22 ./Core/Src/Custom_ADC.o
 .debug_macro   0x000010a7       0x8e ./Core/Src/Custom_ADC.o
 .debug_macro   0x00001135       0x51 ./Core/Src/Custom_ADC.o
 .debug_macro   0x00001186      0x103 ./Core/Src/Custom_ADC.o
 .debug_macro   0x00001289       0x6a ./Core/Src/Custom_ADC.o
 .debug_macro   0x000012f3      0x1df ./Core/Src/Custom_ADC.o
 .debug_macro   0x000014d2       0x1c ./Core/Src/Custom_ADC.o
 .debug_macro   0x000014ee       0x22 ./Core/Src/Custom_ADC.o
 .debug_macro   0x00001510       0xfb ./Core/Src/Custom_ADC.o
 .debug_macro   0x0000160b     0x1305 ./Core/Src/Custom_ADC.o
 .debug_macro   0x00002910      0x11f ./Core/Src/Custom_ADC.o
 .debug_macro   0x00002a2f       0x27 ./Core/Src/Custom_ADC.o
 .debug_macro   0x00002a56    0x25b9b ./Core/Src/Custom_ADC.o
 .debug_macro   0x000285f1       0x6d ./Core/Src/Custom_ADC.o
 .debug_macro   0x0002865e     0x3d79 ./Core/Src/Custom_ADC.o
 .debug_macro   0x0002c3d7      0x189 ./Core/Src/Custom_ADC.o
 .debug_macro   0x0002c560       0x61 ./Core/Src/Custom_ADC.o
 .debug_macro   0x0002c5c1       0x29 ./Core/Src/Custom_ADC.o
 .debug_macro   0x0002c5ea       0x43 ./Core/Src/Custom_ADC.o
 .debug_macro   0x0002c62d       0x34 ./Core/Src/Custom_ADC.o
 .debug_macro   0x0002c661       0x16 ./Core/Src/Custom_ADC.o
 .debug_macro   0x0002c677       0x43 ./Core/Src/Custom_ADC.o
 .debug_macro   0x0002c6ba       0x34 ./Core/Src/Custom_ADC.o
 .debug_macro   0x0002c6ee       0x10 ./Core/Src/Custom_ADC.o
 .debug_macro   0x0002c6fe       0x58 ./Core/Src/Custom_ADC.o
 .debug_macro   0x0002c756       0x8e ./Core/Src/Custom_ADC.o
 .debug_macro   0x0002c7e4       0x1c ./Core/Src/Custom_ADC.o
 .debug_macro   0x0002c800      0x177 ./Core/Src/Custom_ADC.o
 .debug_macro   0x0002c977      0x369 ./Core/Src/Custom_ADC.o
 .debug_macro   0x0002cce0      0x19b ./Core/Src/Custom_ADC.o
 .debug_macro   0x0002ce7b       0x5d ./Core/Src/Custom_ADC.o
 .debug_macro   0x0002ced8     0x2382 ./Core/Src/Custom_ADC.o
 .debug_macro   0x0002f25a     0x102c ./Core/Src/Custom_ADC.o
 .debug_macro   0x00030286      0x154 ./Core/Src/Custom_ADC.o
 .debug_macro   0x000303da      0x114 ./Core/Src/Custom_ADC.o
 .debug_macro   0x000304ee      0x3b6 ./Core/Src/Custom_ADC.o
 .debug_macro   0x000308a4       0xac ./Core/Src/Custom_ADC.o
 .debug_macro   0x00030950      0x72d ./Core/Src/Custom_ADC.o
 .debug_macro   0x0003107d      0x228 ./Core/Src/Custom_ADC.o
 .debug_macro   0x000312a5       0x66 ./Core/Src/Custom_ADC.o
 .debug_macro   0x0003130b      0x3bb ./Core/Src/Custom_ADC.o
 .debug_macro   0x000316c6      0x3e4 ./Core/Src/Custom_ADC.o
 .debug_macro   0x00031aaa      0x275 ./Core/Src/Custom_ADC.o
 .debug_macro   0x00031d1f     0x1044 ./Core/Src/Custom_ADC.o
 .debug_macro   0x00032d63      0x6cc ./Core/Src/Custom_ADC.o
 .debug_macro   0x0003342f      0x383 ./Core/Src/Custom_ADC.o
 .debug_macro   0x000337b2      0x2ef ./Core/Src/Custom_ADC.o
 .debug_macro   0x00033aa1      0x184 ./Core/Src/Custom_ADC.o
 .debug_macro   0x00033c25       0xd8 ./Core/Src/Custom_ADC.o
 .debug_macro   0x00033cfd      0x3ca ./Core/Src/Custom_ADC.o
 .debug_macro   0x000340c7      0x408 ./Core/Src/Custom_ADC.o
 .debug_macro   0x000344cf       0x51 ./Core/Src/Custom_ADC.o
 .debug_macro   0x00034520       0x4a ./Core/Src/Custom_ADC.o
 .debug_macro   0x0003456a      0x22c ./Core/Src/Custom_ADC.o
 .debug_macro   0x00034796       0x67 ./Core/Src/Custom_ADC.o
 .debug_macro   0x000347fd       0xa5 ./Core/Src/Custom_ADC.o
 .debug_macro   0x000348a2      0x1c4 ./Core/Src/Custom_ADC.o
 .debug_macro   0x00034a66      0x25e ./Core/Src/Custom_ADC.o
 .debug_macro   0x00034cc4       0x35 ./Core/Src/Custom_ADC.o
 .debug_macro   0x00034cf9      0xafa ./Core/Src/Custom_ADC.o
 .debug_macro   0x000357f3      0x29f ./Core/Src/Custom_ADC.o
 .debug_macro   0x00035a92      0x693 ./Core/Src/Custom_ADC.o
 .debug_macro   0x00036125       0xa6 ./Core/Src/Custom_ADC.o
 .debug_macro   0x000361cb      0x5ac ./Core/Src/Custom_ADC.o
 .debug_macro   0x00036777       0x22 ./Core/Src/Custom_ADC.o
 .debug_macro   0x00036799       0x10 ./Core/Src/Custom_ADC.o
 .debug_macro   0x000367a9       0xd5 ./Core/Src/Custom_COMP.o
 .debug_macro   0x0003687e       0x10 ./Core/Src/Custom_COMP.o
 .debug_macro   0x0003688e      0x314 ./Core/Src/Custom_DMA.o
 .debug_macro   0x00036ba2       0xd0 ./Core/Src/Custom_USART.o
 .debug_macro   0x00036c72      0x32f ./Core/Src/main.o
 .debug_macro   0x00036fa1       0x64 ./Core/Src/main.o
 .debug_macro   0x00037005       0x16 ./Core/Src/main.o
 .debug_macro   0x0003701b       0x10 ./Core/Src/main.o
 .debug_macro   0x0003702b      0x2f7 ./Core/Src/stm32h7xx_hal_msp.o
 .debug_macro   0x00037322      0x339 ./Core/Src/stm32h7xx_it.o
 .debug_macro   0x0003765b      0x2e8 ./Core/Src/system_stm32h7xx.o
 .debug_macro   0x00037943      0x312 ./Drivers/STM32H7xx_HAL_Driver/Src/stm32h7xx_hal.o
 .debug_macro   0x00037c55      0x30c ./Drivers/STM32H7xx_HAL_Driver/Src/stm32h7xx_hal_adc.o
 .debug_macro   0x00037f61      0x2f4 ./Drivers/STM32H7xx_HAL_Driver/Src/stm32h7xx_hal_adc_ex.o
 .debug_macro   0x00038255      0x2f7 ./Drivers/STM32H7xx_HAL_Driver/Src/stm32h7xx_hal_comp.o
 .debug_macro   0x0003854c      0x2e8 ./Drivers/STM32H7xx_HAL_Driver/Src/stm32h7xx_hal_cortex.o
 .debug_macro   0x00038834      0x2f0 ./Drivers/STM32H7xx_HAL_Driver/Src/stm32h7xx_hal_dac.o
 .debug_macro   0x00038b24      0x33c ./Drivers/STM32H7xx_HAL_Driver/Src/stm32h7xx_hal_dma.o
 .debug_macro   0x00038e60      0x2ef ./Drivers/STM32H7xx_HAL_Driver/Src/stm32h7xx_hal_gpio.o
 .debug_macro   0x0003914f      0x321 ./Drivers/STM32H7xx_HAL_Driver/Src/stm32h7xx_hal_pwr_ex.o
 .debug_macro   0x00039470      0x30c ./Drivers/STM32H7xx_HAL_Driver/Src/stm32h7xx_hal_rcc.o
 .debug_macro   0x0003977c      0x306 ./Drivers/STM32H7xx_HAL_Driver/Src/stm32h7xx_hal_rcc_ex.o
 .debug_macro   0x00039a82      0x2e9 ./Drivers/STM32H7xx_HAL_Driver/Src/stm32h7xx_hal_tim.o
 .debug_macro   0x00039d6b      0x2e8 ./Drivers/STM32H7xx_HAL_Driver/Src/stm32h7xx_hal_tim_ex.o
 .debug_macro   0x0003a053      0x313 ./Drivers/STM32H7xx_HAL_Driver/Src/stm32h7xx_hal_uart.o
 .debug_macro   0x0003a366      0x2f4 ./Drivers/STM32H7xx_HAL_Driver/Src/stm32h7xx_hal_uart_ex.o

.debug_line     0x00000000    0x1f83c
 .debug_line    0x00000000      0xa42 ./Core/Src/Custom_ADC.o
 .debug_line    0x00000a42      0x57a ./Core/Src/Custom_COMP.o
 .debug_line    0x00000fbc      0xab7 ./Core/Src/Custom_DMA.o
 .debug_line    0x00001a73      0x555 ./Core/Src/Custom_USART.o
 .debug_line    0x00001fc8      0xdce ./Core/Src/main.o
 .debug_line    0x00002d96      0xbde ./Core/Src/stm32h7xx_hal_msp.o
 .debug_line    0x00003974      0xaf8 ./Core/Src/stm32h7xx_it.o
 .debug_line    0x0000446c      0xb26 ./Core/Src/system_stm32h7xx.o
 .debug_line    0x00004f92       0x7a ./Core/Startup/startup_stm32h743zitx.o
 .debug_line    0x0000500c      0xf1b ./Drivers/STM32H7xx_HAL_Driver/Src/stm32h7xx_hal.o
 .debug_line    0x00005f27     0x2483 ./Drivers/STM32H7xx_HAL_Driver/Src/stm32h7xx_hal_adc.o
 .debug_line    0x000083aa     0x2091 ./Drivers/STM32H7xx_HAL_Driver/Src/stm32h7xx_hal_adc_ex.o
 .debug_line    0x0000a43b      0xd1e ./Drivers/STM32H7xx_HAL_Driver/Src/stm32h7xx_hal_comp.o
 .debug_line    0x0000b159      0xf4a ./Drivers/STM32H7xx_HAL_Driver/Src/stm32h7xx_hal_cortex.o
 .debug_line    0x0000c0a3      0xe73 ./Drivers/STM32H7xx_HAL_Driver/Src/stm32h7xx_hal_dac.o
 .debug_line    0x0000cf16     0x287e ./Drivers/STM32H7xx_HAL_Driver/Src/stm32h7xx_hal_dma.o
 .debug_line    0x0000f794      0xdf3 ./Drivers/STM32H7xx_HAL_Driver/Src/stm32h7xx_hal_gpio.o
 .debug_line    0x00010587     0x103e ./Drivers/STM32H7xx_HAL_Driver/Src/stm32h7xx_hal_pwr_ex.o
 .debug_line    0x000115c5     0x14eb ./Drivers/STM32H7xx_HAL_Driver/Src/stm32h7xx_hal_rcc.o
 .debug_line    0x00012ab0     0x1e87 ./Drivers/STM32H7xx_HAL_Driver/Src/stm32h7xx_hal_rcc_ex.o
 .debug_line    0x00014937     0x40a9 ./Drivers/STM32H7xx_HAL_Driver/Src/stm32h7xx_hal_tim.o
 .debug_line    0x000189e0     0x1ebb ./Drivers/STM32H7xx_HAL_Driver/Src/stm32h7xx_hal_tim_ex.o
 .debug_line    0x0001a89b     0x3fe8 ./Drivers/STM32H7xx_HAL_Driver/Src/stm32h7xx_hal_uart.o
 .debug_line    0x0001e883      0xfb9 ./Drivers/STM32H7xx_HAL_Driver/Src/stm32h7xx_hal_uart_ex.o

.debug_str      0x00000000   0x17c69e
 .debug_str     0x00000000   0x17437e ./Core/Src/Custom_ADC.o
                             0x174a5d (size before relaxing)
 .debug_str     0x0017437e      0x17f ./Core/Src/Custom_COMP.o
                              0xe693d (size before relaxing)
 .debug_str     0x001744fd      0x10d ./Core/Src/Custom_DMA.o
                             0x174b44 (size before relaxing)
 .debug_str     0x0017460a       0x59 ./Core/Src/Custom_USART.o
                              0xe6828 (size before relaxing)
 .debug_str     0x00174663     0x2048 ./Core/Src/main.o
                             0x176e58 (size before relaxing)
 .debug_str     0x001766ab      0x1e5 ./Core/Src/stm32h7xx_hal_msp.o
                             0x176829 (size before relaxing)
 .debug_str     0x00176890      0x146 ./Core/Src/stm32h7xx_it.o
                             0x1752e8 (size before relaxing)
 .debug_str     0x001769d6      0x33a ./Core/Src/system_stm32h7xx.o
                             0x174db4 (size before relaxing)
 .debug_str     0x00176d10       0x44 ./Core/Startup/startup_stm32h743zitx.o
                                 0xaa (size before relaxing)
 .debug_str     0x00176d54      0x765 ./Drivers/STM32H7xx_HAL_Driver/Src/stm32h7xx_hal.o
                             0x175cca (size before relaxing)
 .debug_str     0x001774b9      0xb1b ./Drivers/STM32H7xx_HAL_Driver/Src/stm32h7xx_hal_adc.o
                             0x175b71 (size before relaxing)
 .debug_str     0x00177fd4      0x7c4 ./Drivers/STM32H7xx_HAL_Driver/Src/stm32h7xx_hal_adc_ex.o
                             0x175bb0 (size before relaxing)
 .debug_str     0x00178798      0x18d ./Drivers/STM32H7xx_HAL_Driver/Src/stm32h7xx_hal_comp.o
                             0x174cc2 (size before relaxing)
 .debug_str     0x00178925      0x364 ./Drivers/STM32H7xx_HAL_Driver/Src/stm32h7xx_hal_cortex.o
                             0x175705 (size before relaxing)
 .debug_str     0x00178c89      0x22e ./Drivers/STM32H7xx_HAL_Driver/Src/stm32h7xx_hal_dac.o
                             0x17505e (size before relaxing)
 .debug_str     0x00178eb7      0x843 ./Drivers/STM32H7xx_HAL_Driver/Src/stm32h7xx_hal_dma.o
                             0x1754ee (size before relaxing)
 .debug_str     0x001796fa       0xec ./Drivers/STM32H7xx_HAL_Driver/Src/stm32h7xx_hal_gpio.o
                             0x174d6b (size before relaxing)
 .debug_str     0x001797e6      0x624 ./Drivers/STM32H7xx_HAL_Driver/Src/stm32h7xx_hal_pwr_ex.o
                             0x17522c (size before relaxing)
 .debug_str     0x00179e0a      0x21a ./Drivers/STM32H7xx_HAL_Driver/Src/stm32h7xx_hal_rcc.o
                             0x17514f (size before relaxing)
 .debug_str     0x0017a024      0x630 ./Drivers/STM32H7xx_HAL_Driver/Src/stm32h7xx_hal_rcc_ex.o
                             0x175630 (size before relaxing)
 .debug_str     0x0017a654      0xe69 ./Drivers/STM32H7xx_HAL_Driver/Src/stm32h7xx_hal_tim.o
                             0x175eee (size before relaxing)
 .debug_str     0x0017b4bd      0x587 ./Drivers/STM32H7xx_HAL_Driver/Src/stm32h7xx_hal_tim_ex.o
                             0x175816 (size before relaxing)
 .debug_str     0x0017ba44      0x9f4 ./Drivers/STM32H7xx_HAL_Driver/Src/stm32h7xx_hal_uart.o
                             0x175c90 (size before relaxing)
 .debug_str     0x0017c438      0x266 ./Drivers/STM32H7xx_HAL_Driver/Src/stm32h7xx_hal_uart_ex.o
                             0x175250 (size before relaxing)

.comment        0x00000000       0x43
 .comment       0x00000000       0x43 ./Core/Src/Custom_ADC.o
                                 0x44 (size before relaxing)
 .comment       0x00000043       0x44 ./Core/Src/Custom_COMP.o
 .comment       0x00000043       0x44 ./Core/Src/Custom_DMA.o
 .comment       0x00000043       0x44 ./Core/Src/Custom_USART.o
 .comment       0x00000043       0x44 ./Core/Src/main.o
 .comment       0x00000043       0x44 ./Core/Src/stm32h7xx_hal_msp.o
 .comment       0x00000043       0x44 ./Core/Src/stm32h7xx_it.o
 .comment       0x00000043       0x44 ./Core/Src/system_stm32h7xx.o
 .comment       0x00000043       0x44 ./Drivers/STM32H7xx_HAL_Driver/Src/stm32h7xx_hal.o
 .comment       0x00000043       0x44 ./Drivers/STM32H7xx_HAL_Driver/Src/stm32h7xx_hal_adc.o
 .comment       0x00000043       0x44 ./Drivers/STM32H7xx_HAL_Driver/Src/stm32h7xx_hal_adc_ex.o
 .comment       0x00000043       0x44 ./Drivers/STM32H7xx_HAL_Driver/Src/stm32h7xx_hal_comp.o
 .comment       0x00000043       0x44 ./Drivers/STM32H7xx_HAL_Driver/Src/stm32h7xx_hal_cortex.o
 .comment       0x00000043       0x44 ./Drivers/STM32H7xx_HAL_Driver/Src/stm32h7xx_hal_dac.o
 .comment       0x00000043       0x44 ./Drivers/STM32H7xx_HAL_Driver/Src/stm32h7xx_hal_dma.o
 .comment       0x00000043       0x44 ./Drivers/STM32H7xx_HAL_Driver/Src/stm32h7xx_hal_gpio.o
 .comment       0x00000043       0x44 ./Drivers/STM32H7xx_HAL_Driver/Src/stm32h7xx_hal_pwr_ex.o
 .comment       0x00000043       0x44 ./Drivers/STM32H7xx_HAL_Driver/Src/stm32h7xx_hal_rcc.o
 .comment       0x00000043       0x44 ./Drivers/STM32H7xx_HAL_Driver/Src/stm32h7xx_hal_rcc_ex.o
 .comment       0x00000043       0x44 ./Drivers/STM32H7xx_HAL_Driver/Src/stm32h7xx_hal_tim.o
 .comment       0x00000043       0x44 ./Drivers/STM32H7xx_HAL_Driver/Src/stm32h7xx_hal_tim_ex.o
 .comment       0x00000043       0x44 ./Drivers/STM32H7xx_HAL_Driver/Src/stm32h7xx_hal_uart.o
 .comment       0x00000043       0x44 ./Drivers/STM32H7xx_HAL_Driver/Src/stm32h7xx_hal_uart_ex.o

.debug_frame    0x00000000     0x6184
 .debug_frame   0x00000000       0x54 ./Core/Src/Custom_ADC.o
 .debug_frame   0x00000054       0x50 ./Core/Src/Custom_COMP.o
 .debug_frame   0x000000a4       0x90 ./Core/Src/Custom_DMA.o
 .debug_frame   0x00000134       0x58 ./Core/Src/Custom_USART.o
 .debug_frame   0x0000018c      0x1e0 ./Core/Src/main.o
 .debug_frame   0x0000036c      0x1a8 ./Core/Src/stm32h7xx_hal_msp.o
 .debug_frame   0x00000514      0x190 ./Core/Src/stm32h7xx_it.o
 .debug_frame   0x000006a4       0x58 ./Core/Src/system_stm32h7xx.o
 .debug_frame   0x000006fc      0x690 ./Drivers/STM32H7xx_HAL_Driver/Src/stm32h7xx_hal.o
 .debug_frame   0x00000d8c      0xa50 ./Drivers/STM32H7xx_HAL_Driver/Src/stm32h7xx_hal_adc.o
 .debug_frame   0x000017dc      0x8b4 ./Drivers/STM32H7xx_HAL_Driver/Src/stm32h7xx_hal_adc_ex.o
 .debug_frame   0x00002090      0x234 ./Drivers/STM32H7xx_HAL_Driver/Src/stm32h7xx_hal_comp.o
 .debug_frame   0x000022c4      0x508 ./Drivers/STM32H7xx_HAL_Driver/Src/stm32h7xx_hal_cortex.o
 .debug_frame   0x000027cc      0x338 ./Drivers/STM32H7xx_HAL_Driver/Src/stm32h7xx_hal_dac.o
 .debug_frame   0x00002b04      0x2b4 ./Drivers/STM32H7xx_HAL_Driver/Src/stm32h7xx_hal_dma.o
 .debug_frame   0x00002db8      0x14c ./Drivers/STM32H7xx_HAL_Driver/Src/stm32h7xx_hal_gpio.o
 .debug_frame   0x00002f04      0x580 ./Drivers/STM32H7xx_HAL_Driver/Src/stm32h7xx_hal_pwr_ex.o
 .debug_frame   0x00003484      0x1f8 ./Drivers/STM32H7xx_HAL_Driver/Src/stm32h7xx_hal_rcc.o
 .debug_frame   0x0000367c      0x414 ./Drivers/STM32H7xx_HAL_Driver/Src/stm32h7xx_hal_rcc_ex.o
 .debug_frame   0x00003a90     0x121c ./Drivers/STM32H7xx_HAL_Driver/Src/stm32h7xx_hal_tim.o
 .debug_frame   0x00004cac      0x6d8 ./Drivers/STM32H7xx_HAL_Driver/Src/stm32h7xx_hal_tim_ex.o
 .debug_frame   0x00005384      0xa94 ./Drivers/STM32H7xx_HAL_Driver/Src/stm32h7xx_hal_uart.o
 .debug_frame   0x00005e18      0x2c0 ./Drivers/STM32H7xx_HAL_Driver/Src/stm32h7xx_hal_uart_ex.o
 .debug_frame   0x000060d8       0x20 C:/ST/STM32CubeIDE_1.17.0/STM32CubeIDE/plugins/com.st.stm32cube.ide.mcu.externaltools.gnu-tools-for-stm32.12.3.rel1.win32_1.1.0.202410251130/tools/bin/../lib/gcc/arm-none-eabi/12.3.1/../../../../arm-none-eabi/lib/thumb/v7e-m+dp/hard\libc_nano.a(libc_a-memset.o)
 .debug_frame   0x000060f8       0x2c C:/ST/STM32CubeIDE_1.17.0/STM32CubeIDE/plugins/com.st.stm32cube.ide.mcu.externaltools.gnu-tools-for-stm32.12.3.rel1.win32_1.1.0.202410251130/tools/bin/../lib/gcc/arm-none-eabi/12.3.1/../../../../arm-none-eabi/lib/thumb/v7e-m+dp/hard\libc_nano.a(libc_a-init.o)
 .debug_frame   0x00006124       0x2c C:/ST/STM32CubeIDE_1.17.0/STM32CubeIDE/plugins/com.st.stm32cube.ide.mcu.externaltools.gnu-tools-for-stm32.12.3.rel1.win32_1.1.0.202410251130/tools/bin/../lib/gcc/arm-none-eabi/12.3.1/thumb/v7e-m+dp/hard\libgcc.a(_aeabi_uldivmod.o)
 .debug_frame   0x00006150       0x34 C:/ST/STM32CubeIDE_1.17.0/STM32CubeIDE/plugins/com.st.stm32cube.ide.mcu.externaltools.gnu-tools-for-stm32.12.3.rel1.win32_1.1.0.202410251130/tools/bin/../lib/gcc/arm-none-eabi/12.3.1/thumb/v7e-m+dp/hard\libgcc.a(_udivmoddi4.o)

.debug_line_str
                0x00000000       0x8e
 .debug_line_str
                0x00000000       0x8e ./Core/Startup/startup_stm32h743zitx.o
