11:30:49 **** Incremental Build of configuration Debug for project DMA_hard_trig ****
make -j22 all 
arm-none-eabi-gcc "../Core/Src/Custom_ADC.c" -mcpu=cortex-m7 -std=gnu11 -g3 -DDEBUG -DUSE_HAL_DRIVER -DSTM32H743xx -c -I../Core/Inc -I../Drivers/STM32H7xx_HAL_Driver/Inc -I../Drivers/STM32H7xx_HAL_Driver/Inc/Legacy -I../Drivers/CMSIS/Device/ST/STM32H7xx/Include -I../Drivers/CMSIS/Include -O0 -ffunction-sections -fdata-sections -Wall -fstack-usage -fcyclomatic-complexity -MMD -MP -MF"Core/Src/Custom_ADC.d" -MT"Core/Src/Custom_ADC.o" --specs=nano.specs -mfpu=fpv5-d16 -mfloat-abi=hard -mthumb -o "Core/Src/Custom_ADC.o"
arm-none-eabi-gcc -o "DMA_hard_trig.elf" @"objects.list"   -mcpu=cortex-m7 -T"C:\Users\yehan\Documents\Uni\Esperimentazioni-Elettronica\DMA_hard_trig\DMA_hard_trig\STM32H743ZITX_FLASH.ld" --specs=nosys.specs -Wl,-Map="DMA_hard_trig.map" -Wl,--gc-sections -static --specs=nano.specs -mfpu=fpv5-d16 -mfloat-abi=hard -mthumb -Wl,--start-group -lc -lm -Wl,--end-group
Finished building target: DMA_hard_trig.elf
 
arm-none-eabi-size  DMA_hard_trig.elf 
arm-none-eabi-objdump -h -S DMA_hard_trig.elf  > "DMA_hard_trig.list"
   text	   data	    bss	    dec	    hex	filename
  39780	     16	   4200	  43996	   abdc	DMA_hard_trig.elf
Finished building: default.size.stdout
 
Finished building: DMA_hard_trig.list
 

11:30:51 Build Finished. 0 errors, 0 warnings. (took 1s.611ms)

