00:24:45 **** Incremental Build of configuration Debug for project ADC_Temperature ****
make -j22 all 
arm-none-eabi-gcc "../Core/Src/Custom_ADC.c" -mcpu=cortex-m7 -std=gnu11 -g3 -DDEBUG -DUSE_HAL_DRIVER -DSTM32H743xx -c -I../Core/Inc -I../Drivers/STM32H7xx_HAL_Driver/Inc -I../Drivers/STM32H7xx_HAL_Driver/Inc/Legacy -I../Drivers/CMSIS/Device/ST/STM32H7xx/Include -I../Drivers/CMSIS/Include -O0 -ffunction-sections -fdata-sections -Wall -fstack-usage -fcyclomatic-complexity -MMD -MP -MF"Core/Src/Custom_ADC.d" -MT"Core/Src/Custom_ADC.o" --specs=nano.specs -mfpu=fpv5-d16 -mfloat-abi=hard -mthumb -o "Core/Src/Custom_ADC.o"
../Core/Src/Custom_ADC.c:11:31: warning: initialization of 'uint8_t *' {aka 'unsigned char *'} from incompatible pointer type 'uint16_t *' {aka 'short unsigned int *'} [-Wincompatible-pointer-types]
   11 | uint8_t *data_buffer_char_p = data_buffer;
      |                               ^~~~~~~~~~~
arm-none-eabi-gcc -o "ADC_Temperature.elf" @"objects.list"   -mcpu=cortex-m7 -T"C:\Users\yehan\Documents\Uni\Esperimentazioni-Elettronica\Temperature\ADC_Temperature\STM32H743ZITX_FLASH.ld" --specs=nosys.specs -Wl,-Map="ADC_Temperature.map" -Wl,--gc-sections -static --specs=nano.specs -mfpu=fpv5-d16 -mfloat-abi=hard -mthumb -Wl,--start-group -lc -lm -Wl,--end-group
Finished building target: ADC_Temperature.elf
 
arm-none-eabi-size  ADC_Temperature.elf 
arm-none-eabi-objdump -h -S ADC_Temperature.elf  > "ADC_Temperature.list"
   text	   data	    bss	    dec	    hex	filename
  40764	     20	   2100	  42884	   a784	ADC_Temperature.elf
Finished building: default.size.stdout
 
Finished building: ADC_Temperature.list
 

00:24:46 Build Finished. 0 errors, 1 warnings. (took 1s.460ms)

