Archive member included to satisfy reference by file (symbol)

C:/ST/STM32CubeIDE_1.16.1/STM32CubeIDE/plugins/com.st.stm32cube.ide.mcu.externaltools.gnu-tools-for-stm32.12.3.rel1.win32_1.0.200.202406191623/tools/bin/../lib/gcc/arm-none-eabi/12.3.1/../../../../arm-none-eabi/lib/thumb/v7e-m+dp/hard\libc_nano.a(libc_a-exit.o)
                              C:/ST/STM32CubeIDE_1.16.1/STM32CubeIDE/plugins/com.st.stm32cube.ide.mcu.externaltools.gnu-tools-for-stm32.12.3.rel1.win32_1.0.200.202406191623/tools/bin/../lib/gcc/arm-none-eabi/12.3.1/../../../../arm-none-eabi/lib/thumb/v7e-m+dp/hard/crt0.o (exit)
C:/ST/STM32CubeIDE_1.16.1/STM32CubeIDE/plugins/com.st.stm32cube.ide.mcu.externaltools.gnu-tools-for-stm32.12.3.rel1.win32_1.0.200.202406191623/tools/bin/../lib/gcc/arm-none-eabi/12.3.1/../../../../arm-none-eabi/lib/thumb/v7e-m+dp/hard\libc_nano.a(libc_a-findfp.o)
                              C:/ST/STM32CubeIDE_1.16.1/STM32CubeIDE/plugins/com.st.stm32cube.ide.mcu.externaltools.gnu-tools-for-stm32.12.3.rel1.win32_1.0.200.202406191623/tools/bin/../lib/gcc/arm-none-eabi/12.3.1/../../../../arm-none-eabi/lib/thumb/v7e-m+dp/hard\libc_nano.a(libc_a-exit.o) (__stdio_exit_handler)
C:/ST/STM32CubeIDE_1.16.1/STM32CubeIDE/plugins/com.st.stm32cube.ide.mcu.externaltools.gnu-tools-for-stm32.12.3.rel1.win32_1.0.200.202406191623/tools/bin/../lib/gcc/arm-none-eabi/12.3.1/../../../../arm-none-eabi/lib/thumb/v7e-m+dp/hard\libc_nano.a(libc_a-fwalk.o)
                              C:/ST/STM32CubeIDE_1.16.1/STM32CubeIDE/plugins/com.st.stm32cube.ide.mcu.externaltools.gnu-tools-for-stm32.12.3.rel1.win32_1.0.200.202406191623/tools/bin/../lib/gcc/arm-none-eabi/12.3.1/../../../../arm-none-eabi/lib/thumb/v7e-m+dp/hard\libc_nano.a(libc_a-findfp.o) (_fwalk_sglue)
C:/ST/STM32CubeIDE_1.16.1/STM32CubeIDE/plugins/com.st.stm32cube.ide.mcu.externaltools.gnu-tools-for-stm32.12.3.rel1.win32_1.0.200.202406191623/tools/bin/../lib/gcc/arm-none-eabi/12.3.1/../../../../arm-none-eabi/lib/thumb/v7e-m+dp/hard\libc_nano.a(libc_a-stdio.o)
                              C:/ST/STM32CubeIDE_1.16.1/STM32CubeIDE/plugins/com.st.stm32cube.ide.mcu.externaltools.gnu-tools-for-stm32.12.3.rel1.win32_1.0.200.202406191623/tools/bin/../lib/gcc/arm-none-eabi/12.3.1/../../../../arm-none-eabi/lib/thumb/v7e-m+dp/hard\libc_nano.a(libc_a-findfp.o) (__sread)
C:/ST/STM32CubeIDE_1.16.1/STM32CubeIDE/plugins/com.st.stm32cube.ide.mcu.externaltools.gnu-tools-for-stm32.12.3.rel1.win32_1.0.200.202406191623/tools/bin/../lib/gcc/arm-none-eabi/12.3.1/../../../../arm-none-eabi/lib/thumb/v7e-m+dp/hard\libc_nano.a(libc_a-memset.o)
                              C:/ST/STM32CubeIDE_1.16.1/STM32CubeIDE/plugins/com.st.stm32cube.ide.mcu.externaltools.gnu-tools-for-stm32.12.3.rel1.win32_1.0.200.202406191623/tools/bin/../lib/gcc/arm-none-eabi/12.3.1/../../../../arm-none-eabi/lib/thumb/v7e-m+dp/hard/crt0.o (memset)
C:/ST/STM32CubeIDE_1.16.1/STM32CubeIDE/plugins/com.st.stm32cube.ide.mcu.externaltools.gnu-tools-for-stm32.12.3.rel1.win32_1.0.200.202406191623/tools/bin/../lib/gcc/arm-none-eabi/12.3.1/../../../../arm-none-eabi/lib/thumb/v7e-m+dp/hard\libc_nano.a(libc_a-closer.o)
                              C:/ST/STM32CubeIDE_1.16.1/STM32CubeIDE/plugins/com.st.stm32cube.ide.mcu.externaltools.gnu-tools-for-stm32.12.3.rel1.win32_1.0.200.202406191623/tools/bin/../lib/gcc/arm-none-eabi/12.3.1/../../../../arm-none-eabi/lib/thumb/v7e-m+dp/hard\libc_nano.a(libc_a-stdio.o) (_close_r)
C:/ST/STM32CubeIDE_1.16.1/STM32CubeIDE/plugins/com.st.stm32cube.ide.mcu.externaltools.gnu-tools-for-stm32.12.3.rel1.win32_1.0.200.202406191623/tools/bin/../lib/gcc/arm-none-eabi/12.3.1/../../../../arm-none-eabi/lib/thumb/v7e-m+dp/hard\libc_nano.a(libc_a-reent.o)
                              C:/ST/STM32CubeIDE_1.16.1/STM32CubeIDE/plugins/com.st.stm32cube.ide.mcu.externaltools.gnu-tools-for-stm32.12.3.rel1.win32_1.0.200.202406191623/tools/bin/../lib/gcc/arm-none-eabi/12.3.1/../../../../arm-none-eabi/lib/thumb/v7e-m+dp/hard\libc_nano.a(libc_a-closer.o) (errno)
C:/ST/STM32CubeIDE_1.16.1/STM32CubeIDE/plugins/com.st.stm32cube.ide.mcu.externaltools.gnu-tools-for-stm32.12.3.rel1.win32_1.0.200.202406191623/tools/bin/../lib/gcc/arm-none-eabi/12.3.1/../../../../arm-none-eabi/lib/thumb/v7e-m+dp/hard\libc_nano.a(libc_a-impure.o)
                              C:/ST/STM32CubeIDE_1.16.1/STM32CubeIDE/plugins/com.st.stm32cube.ide.mcu.externaltools.gnu-tools-for-stm32.12.3.rel1.win32_1.0.200.202406191623/tools/bin/../lib/gcc/arm-none-eabi/12.3.1/../../../../arm-none-eabi/lib/thumb/v7e-m+dp/hard\libc_nano.a(libc_a-reent.o) (_impure_ptr)
C:/ST/STM32CubeIDE_1.16.1/STM32CubeIDE/plugins/com.st.stm32cube.ide.mcu.externaltools.gnu-tools-for-stm32.12.3.rel1.win32_1.0.200.202406191623/tools/bin/../lib/gcc/arm-none-eabi/12.3.1/../../../../arm-none-eabi/lib/thumb/v7e-m+dp/hard\libc_nano.a(libc_a-lseekr.o)
[...]
Memory Configuration

Name             Origin             Length             Attributes
FLASH            0x08000000         0x00200000         xr
DTCMRAM          0x20000000         0x00020000         xrw
RAM_D1           0x24000000         0x00080000         xrw
RAM_D2           0x30000000         0x00048000         xrw
RAM_D3           0x38000000         0x00010000         xrw
ITCMRAM          0x00000000         0x00010000         xrw
*default*        0x00000000         0xffffffff

Linker script and memory map

LOAD C:/ST/STM32CubeIDE_1.16.1/STM32CubeIDE/plugins/com.st.stm32cube.ide.mcu.externaltools.gnu-tools-for-stm32.12.3.rel1.win32_1.0.200.202406191623/tools/bin/../lib/gcc/arm-none-eabi/12.3.1/thumb/v7e-m+dp/hard/crti.o
LOAD C:/ST/STM32CubeIDE_1.16.1/STM32CubeIDE/plugins/com.st.stm32cube.ide.mcu.externaltools.gnu-tools-for-stm32.12.3.rel1.win32_1.0.200.202406191623/tools/bin/../lib/gcc/arm-none-eabi/12.3.1/thumb/v7e-m+dp/hard/crtbegin.o
LOAD C:/ST/STM32CubeIDE_1.16.1/STM32CubeIDE/plugins/com.st.stm32cube.ide.mcu.externaltools.gnu-tools-for-stm32.12.3.rel1.win32_1.0.200.202406191623/tools/bin/../lib/gcc/arm-none-eabi/12.3.1/../../../../arm-none-eabi/lib/thumb/v7e-m+dp/hard/crt0.o
LOAD ./Core/Src/Custom_ADC.o
LOAD ./Core/Src/Custom_USART.o
LOAD ./Core/Src/main.o
LOAD ./Core/Src/stm32h7xx_hal_msp.o
LOAD ./Core/Src/stm32h7xx_it.o
LOAD ./Core/Src/syscalls.o
LOAD ./Core/Src/sysmem.o
LOAD ./Core/Src/system_stm32h7xx.o
LOAD ./Core/Startup/startup_stm32h743zitx.o
LOAD ./Drivers/STM32H7xx_HAL_Driver/Src/stm32h7xx_hal.o
LOAD ./Drivers/STM32H7xx_HAL_Driver/Src/stm32h7xx_hal_adc.o
LOAD ./Drivers/STM32H7xx_HAL_Driver/Src/stm32h7xx_hal_adc_ex.o
LOAD ./Drivers/STM32H7xx_HAL_Driver/Src/stm32h7xx_hal_cortex.o
LOAD ./Drivers/STM32H7xx_HAL_Driver/Src/stm32h7xx_hal_dma.o
LOAD ./Drivers/STM32H7xx_HAL_Driver/Src/stm32h7xx_hal_dma_ex.o
LOAD ./Drivers/STM32H7xx_HAL_Driver/Src/stm32h7xx_hal_exti.o
LOAD ./Drivers/STM32H7xx_HAL_Driver/Src/stm32h7xx_hal_flash.o
LOAD ./Drivers/STM32H7xx_HAL_Driver/Src/stm32h7xx_hal_flash_ex.o
LOAD ./Drivers/STM32H7xx_HAL_Driver/Src/stm32h7xx_hal_gpio.o
LOAD ./Drivers/STM32H7xx_HAL_Driver/Src/stm32h7xx_hal_hsem.o
LOAD ./Drivers/STM32H7xx_HAL_Driver/Src/stm32h7xx_hal_i2c.o
LOAD ./Drivers/STM32H7xx_HAL_Driver/Src/stm32h7xx_hal_i2c_ex.o
LOAD ./Drivers/STM32H7xx_HAL_Driver/Src/stm32h7xx_hal_mdma.o
LOAD ./Drivers/STM32H7xx_HAL_Driver/Src/stm32h7xx_hal_pwr.o
LOAD ./Drivers/STM32H7xx_HAL_Driver/Src/stm32h7xx_hal_pwr_ex.o
LOAD ./Drivers/STM32H7xx_HAL_Driver/Src/stm32h7xx_hal_rcc.o
LOAD ./Drivers/STM32H7xx_HAL_Driver/Src/stm32h7xx_hal_rcc_ex.o
LOAD ./Drivers/STM32H7xx_HAL_Driver/Src/stm32h7xx_hal_tim.o
LOAD ./Drivers/STM32H7xx_HAL_Driver/Src/stm32h7xx_hal_tim_ex.o
LOAD ./Drivers/STM32H7xx_HAL_Driver/Src/stm32h7xx_hal_uart.o
LOAD ./Drivers/STM32H7xx_HAL_Driver/Src/stm32h7xx_hal_uart_ex.o
START GROUP
LOAD C:/ST/STM32CubeIDE_1.16.1/STM32CubeIDE/plugins/com.st.stm32cube.ide.mcu.externaltools.gnu-tools-for-stm32.12.3.rel1.win32_1.0.200.202406191623/tools/bin/../lib/gcc/arm-none-eabi/12.3.1/../../../../arm-none-eabi/lib/thumb/v7e-m+dp/hard\libc_nano.a
LOAD C:/ST/STM32CubeIDE_1.16.1/STM32CubeIDE/plugins/com.st.stm32cube.ide.mcu.externaltools.gnu-tools-for-stm32.12.3.rel1.win32_1.0.200.202406191623/tools/bin/../lib/gcc/arm-none-eabi/12.3.1/../../../../arm-none-eabi/lib/thumb/v7e-m+dp/hard\libm.a
END GROUP
START GROUP
LOAD C:/ST/STM32CubeIDE_1.16.1/STM32CubeIDE/plugins/com.st.stm32cube.ide.mcu.externaltools.gnu-tools-for-stm32.12.3.rel1.win32_1.0.200.202406191623/tools/bin/../lib/gcc/arm-none-eabi/12.3.1/thumb/v7e-m+dp/hard\libgcc.a
LOAD C:/ST/STM32CubeIDE_1.16.1/STM32CubeIDE/plugins/com.st.stm32cube.ide.mcu.externaltools.gnu-tools-for-stm32.12.3.rel1.win32_1.0.200.202406191623/tools/bin/../lib/gcc/arm-none-eabi/12.3.1/../../../../arm-none-eabi/lib/thumb/v7e-m+dp/hard\libc_nano.a
END GROUP
START GROUP
LOAD C:/ST/STM32CubeIDE_1.16.1/STM32CubeIDE/plugins/com.st.stm32cube.ide.mcu.externaltools.gnu-tools-for-stm32.12.3.rel1.win32_1.0.200.202406191623/tools/bin/../lib/gcc/arm-none-eabi/12.3.1/thumb/v7e-m+dp/hard\libgcc.a
LOAD C:/ST/STM32CubeIDE_1.16.1/STM32CubeIDE/plugins/com.st.stm32cube.ide.mcu.externaltools.gnu-tools-for-stm32.12.3.rel1.win32_1.0.200.202406191623/tools/bin/../lib/gcc/arm-none-eabi/12.3.1/../../../../arm-none-eabi/lib/thumb/v7e-m+dp/hard\libc_nano.a
LOAD C:/ST/STM32CubeIDE_1.16.1/STM32CubeIDE/plugins/com.st.stm32cube.ide.mcu.externaltools.gnu-tools-for-stm32.12.3.rel1.win32_1.0.200.202406191623/tools/bin/../lib/gcc/arm-none-eabi/12.3.1/../../../../arm-none-eabi/lib/thumb/v7e-m+dp/hard\libnosys.a
END GROUP
START GROUP
LOAD C:/ST/STM32CubeIDE_1.16.1/STM32CubeIDE/plugins/com.st.stm32cube.ide.mcu.externaltools.gnu-tools-for-stm32.12.3.rel1.win32_1.0.200.202406191623/tools/bin/../lib/gcc/arm-none-eabi/12.3.1/thumb/v7e-m+dp/hard\libgcc.a
LOAD C:/ST/STM32CubeIDE_1.16.1/STM32CubeIDE/plugins/com.st.stm32cube.ide.mcu.externaltools.gnu-tools-for-stm32.12.3.rel1.win32_1.0.200.202406191623/tools/bin/../lib/gcc/arm-none-eabi/12.3.1/../../../../arm-none-eabi/lib/thumb/v7e-m+dp/hard\libc_nano.a
LOAD C:/ST/STM32CubeIDE_1.16.1/STM32CubeIDE/plugins/com.st.stm32cube.ide.mcu.externaltools.gnu-tools-for-stm32.12.3.rel1.win32_1.0.200.202406191623/tools/bin/../lib/gcc/arm-none-eabi/12.3.1/../../../../arm-none-eabi/lib/thumb/v7e-m+dp/hard\libnosys.a
END GROUP
LOAD C:/ST/STM32CubeIDE_1.16.1/STM32CubeIDE/plugins/com.st.stm32cube.ide.mcu.externaltools.gnu-tools-for-stm32.12.3.rel1.win32_1.0.200.202406191623/tools/bin/../lib/gcc/arm-none-eabi/12.3.1/thumb/v7e-m+dp/hard/crtend.o
LOAD C:/ST/STM32CubeIDE_1.16.1/STM32CubeIDE/plugins/com.st.stm32cube.ide.mcu.externaltools.gnu-tools-for-stm32.12.3.rel1.win32_1.0.200.202406191623/tools/bin/../lib/gcc/arm-none-eabi/12.3.1/thumb/v7e-m+dp/hard/crtn.o
                0x24080000                        _estack = (ORIGIN (RAM_D1) + LENGTH (RAM_D1))
                0x00000200                        _Min_Heap_Size = 0x200
                0x00000400                        _Min_Stack_Size = 0x400

.isr_vector     0x08000000      0x298
                0x08000000                        . = ALIGN (0x4)
 *(.isr_vector)
 .isr_vector    0x08000000      0x298 ./Core/Startup/startup_stm32h743zitx.o
                0x08000000                g_pfnVectors
                0x08000298                        . = ALIGN (0x4)

.text           0x08000298     0x9a10
                0x08000298                        . = ALIGN (0x4)
 *(.text)
 .text          0x08000298       0x40 C:/ST/STM32CubeIDE_1.16.1/STM32CubeIDE/plugins/com.st.stm32cube.ide.mcu.externaltools.gnu-tools-for-stm32.12.3.rel1.win32_1.0.200.202406191623/tools/bin/../lib/gcc/arm-none-eabi/12.3.1/thumb/v7e-m+dp/hard/crtbegin.o
 .text          0x080002d8       0x30 C:/ST/STM32CubeIDE_1.16.1/STM32CubeIDE/plugins/com.st.stm32cube.ide.mcu.externaltools.gnu-tools-for-stm32.12.3.rel1.win32_1.0.200.202406191623/tools/bin/../lib/gcc/arm-none-eabi/12.3.1/thumb/v7e-m+dp/hard\libgcc.a(_aeabi_uldivmod.o)
                0x080002d8                __aeabi_uldivmod
 .text          0x08000308      0x2bc C:/ST/STM32CubeIDE_1.16.1/STM32CubeIDE/plugins/com.st.stm32cube.ide.mcu.externaltools.gnu-tools-for-stm32.12.3.rel1.win32_1.0.200.202406191623/tools/bin/../lib/gcc/arm-none-eabi/12.3.1/thumb/v7e-m+dp/hard\libgcc.a(_udivmoddi4.o)
                0x08000308                __udivmoddi4
 .text          0x080005c4        0x4 C:/ST/STM32CubeIDE_1.16.1/STM32CubeIDE/plugins/com.st.stm32cube.ide.mcu.externaltools.gnu-tools-for-stm32.12.3.rel1.win32_1.0.200.202406191623/tools/bin/../lib/gcc/arm-none-eabi/12.3.1/thumb/v7e-m+dp/hard\libgcc.a(_dvmd_tls.o)
                0x080005c4                __aeabi_idiv0
                0x080005c4                __aeabi_ldiv0
 *(.text*)
 .text.adc_custom_init
                0x080005c8      0x10c ./Core/Src/Custom_ADC.o
                0x080005c8                adc_custom_init
 .text.adc_custom_interr
                0x080006d4       0x54 ./Core/Src/Custom_ADC.o
                0x080006d4                adc_custom_interr
 .text.usart_custom_init
                0x08000728       0x50 ./Core/Src/Custom_USART.o
                0x08000728                usart_custom_init
 .text.usart_custom_interr
                0x08000778      0x174 ./Core/Src/Custom_USART.o
                0x08000778                usart_custom_interr
 .text.main     0x080008ec       0x28 ./Core/Src/main.o
                0x080008ec                main
 .text.SystemClock_Config
                0x08000914      0x15c ./Core/Src/main.o
                0x08000914                SystemClock_Config
 .text.MX_ADC3_Init
                0x08000a70       0xe4 ./Core/Src/main.o
 .text.MX_TIM6_Init
                0x08000b54       0x6c ./Core/Src/main.o
 .text.MX_USART3_UART_Init
                0x08000bc0       0x9c ./Core/Src/main.o
 .text.MX_GPIO_Init
                0x08000c5c      0x260 ./Core/Src/main.o
 .text.Error_Handler
                0x08000ebc        0xc ./Core/Src/main.o
                0x08000ebc                Error_Handler
 .text.assert_failed
                0x08000ec8       0x16 ./Core/Src/main.o
                0x08000ec8                assert_failed
 *fill*         0x08000ede        0x2 
 .text.HAL_MspInit
                0x08000ee0       0x34 ./Core/Src/stm32h7xx_hal_msp.o
                0x08000ee0                HAL_MspInit
 .text.HAL_ADC_MspInit
                0x08000f14       0xa4 ./Core/Src/stm32h7xx_hal_msp.o
                0x08000f14                HAL_ADC_MspInit
 .text.HAL_TIM_Base_MspInit
                0x08000fb8       0x44 ./Core/Src/stm32h7xx_hal_msp.o
                0x08000fb8                HAL_TIM_Base_MspInit
 .text.HAL_UART_MspInit
                0x08000ffc       0xe4 ./Core/Src/stm32h7xx_hal_msp.o
                0x08000ffc                HAL_UART_MspInit
 .text.NMI_Handler
                0x080010e0        0x8 ./Core/Src/stm32h7xx_it.o
                0x080010e0                NMI_Handler
 .text.HardFault_Handler
                0x080010e8        0x8 ./Core/Src/stm32h7xx_it.o
                0x080010e8                HardFault_Handler
 .text.MemManage_Handler
                0x080010f0        0x8 ./Core/Src/stm32h7xx_it.o
                0x080010f0                MemManage_Handler
 .text.BusFault_Handler
                0x080010f8        0x8 ./Core/Src/stm32h7xx_it.o
                0x080010f8                BusFault_Handler
 .text.UsageFault_Handler
                0x08001100        0x8 ./Core/Src/stm32h7xx_it.o
                0x08001100                UsageFault_Handler
 .text.SVC_Handler
                0x08001108        0xe ./Core/Src/stm32h7xx_it.o
                0x08001108                SVC_Handler
 .text.DebugMon_Handler
                0x08001116        0xe ./Core/Src/stm32h7xx_it.o
                0x08001116                DebugMon_Handler
 .text.PendSV_Handler
                0x08001124        0xe ./Core/Src/stm32h7xx_it.o
                0x08001124                PendSV_Handler
 .text.SysTick_Handler
                0x08001132        0xc ./Core/Src/stm32h7xx_it.o
                0x08001132                SysTick_Handler
 .text.USART3_IRQHandler
                0x0800113e        0xc ./Core/Src/stm32h7xx_it.o
                0x0800113e                USART3_IRQHandler
 .text.ADC3_IRQHandler
                0x0800114a        0xc ./Core/Src/stm32h7xx_it.o
                0x0800114a                ADC3_IRQHandler
 *fill*         0x08001156        0x2 
 .text.SystemInit
                0x08001158      0x110 ./Core/Src/system_stm32h7xx.o
                0x08001158                SystemInit
 .text.Reset_Handler
                0x08001268       0x50 ./Core/Startup/startup_stm32h743zitx.o
                0x08001268                Reset_Handler
 .text.Default_Handler
                0x080012b8        0x2 ./Core/Startup/startup_stm32h743zitx.o
                0x080012b8                RTC_Alarm_IRQHandler
                0x080012b8                EXTI2_IRQHandler
                0x080012b8                TIM8_CC_IRQHandler
                0x080012b8                HRTIM1_Master_IRQHandler
                0x080012b8                UART8_IRQHandler
                0x080012b8                SPI4_IRQHandler
                0x080012b8                TIM1_CC_IRQHandler
                0x080012b8                BDMA_Channel6_IRQHandler
                0x080012b8                DMA2_Stream5_IRQHandler
                0x080012b8                HRTIM1_FLT_IRQHandler
                0x080012b8                JPEG_IRQHandler
                0x080012b8                DMA1_Stream5_IRQHandler
                0x080012b8                BDMA_Channel1_IRQHandler
                0x080012b8                HRTIM1_TIMD_IRQHandler
                0x080012b8                TAMP_STAMP_IRQHandler
                0x080012b8                EXTI3_IRQHandler
                0x080012b8                LPTIM4_IRQHandler
                0x080012b8                TIM8_TRG_COM_TIM14_IRQHandler
                0x080012b8                LPTIM2_IRQHandler
                0x080012b8                DFSDM1_FLT1_IRQHandler
                0x080012b8                DMAMUX2_OVR_IRQHandler
                0x080012b8                TIM8_UP_TIM13_IRQHandler
                0x080012b8                I2C3_ER_IRQHandler
                0x080012b8                DFSDM1_FLT2_IRQHandler
                0x080012b8                MDMA_IRQHandler
                0x080012b8                LPTIM3_IRQHandler
                0x080012b8                HSEM1_IRQHandler
                0x080012b8                EXTI0_IRQHandler
                0x080012b8                I2C2_EV_IRQHandler
                0x080012b8                DMA1_Stream2_IRQHandler
                0x080012b8                FPU_IRQHandler
                0x080012b8                OTG_HS_WKUP_IRQHandler
                0x080012b8                FDCAN1_IT1_IRQHandler
                0x080012b8                LTDC_ER_IRQHandler
                0x080012b8                DMA2_Stream2_IRQHandler
                0x080012b8                HRTIM1_TIME_IRQHandler
                0x080012b8                SPI1_IRQHandler
                0x080012b8                TIM6_DAC_IRQHandler
                0x080012b8                DCMI_IRQHandler
                0x080012b8                HRTIM1_TIMC_IRQHandler
                0x080012b8                DMA2_Stream3_IRQHandler
                0x080012b8                SAI2_IRQHandler
                0x080012b8                DFSDM1_FLT3_IRQHandler
                0x080012b8                USART6_IRQHandler
                0x080012b8                TIM17_IRQHandler
                0x080012b8                BDMA_Channel7_IRQHandler
                0x080012b8                LPTIM5_IRQHandler
                0x080012b8                UART5_IRQHandler
                0x080012b8                DMA2_Stream0_IRQHandler
                0x080012b8                TIM4_IRQHandler
                0x080012b8                BDMA_Channel2_IRQHandler
                0x080012b8                QUADSPI_IRQHandler
                0x080012b8                I2C1_EV_IRQHandler
                0x080012b8                DMA1_Stream6_IRQHandler
                0x080012b8                DMAMUX1_OVR_IRQHandler
                0x080012b8                DMA1_Stream1_IRQHandler
                0x080012b8                TIM16_IRQHandler
                0x080012b8                UART4_IRQHandler
                0x080012b8                BDMA_Channel5_IRQHandler
                0x080012b8                TIM3_IRQHandler
                0x080012b8                RCC_IRQHandler
                0x080012b8                TIM8_BRK_TIM12_IRQHandler
                0x080012b8                TIM1_TRG_COM_IRQHandler
                0x080012b8                Default_Handler
                0x080012b8                ECC_IRQHandler
                0x080012b8                CEC_IRQHandler
                0x080012b8                EXTI15_10_IRQHandler
                0x080012b8                BDMA_Channel0_IRQHandler
                0x080012b8                ADC_IRQHandler
                0x080012b8                DMA1_Stream7_IRQHandler
                0x080012b8                HRTIM1_TIMA_IRQHandler
                0x080012b8                SPI5_IRQHandler
                0x080012b8                TIM7_IRQHandler
                0x080012b8                SDMMC1_IRQHandler
                0x080012b8                TIM5_IRQHandler
                0x080012b8                DMA2_Stream7_IRQHandler
                0x080012b8                TIM15_IRQHandler
                0x080012b8                PVD_AVD_IRQHandler
                0x080012b8                I2C3_EV_IRQHandler
                0x080012b8                EXTI9_5_IRQHandler
                0x080012b8                RTC_WKUP_IRQHandler
                0x080012b8                LTDC_IRQHandler
                0x080012b8                SAI3_IRQHandler
                0x080012b8                ETH_WKUP_IRQHandler
                0x080012b8                SPDIF_RX_IRQHandler
                0x080012b8                SPI2_IRQHandler
                0x080012b8                OTG_HS_EP1_IN_IRQHandler
                0x080012b8                DMA1_Stream0_IRQHandler
                0x080012b8                CRS_IRQHandler
                0x080012b8                EXTI4_IRQHandler
                0x080012b8                RNG_IRQHandler
                0x080012b8                HRTIM1_TIMB_IRQHandler
                0x080012b8                FDCAN2_IT1_IRQHandler
                0x080012b8                ETH_IRQHandler
                0x080012b8                TIM1_UP_IRQHandler
                0x080012b8                BDMA_Channel4_IRQHandler
                0x080012b8                OTG_HS_EP1_OUT_IRQHandler
                0x080012b8                WWDG_IRQHandler
                0x080012b8                SPI6_IRQHandler
                0x080012b8                MDIOS_IRQHandler
                0x080012b8                I2C4_EV_IRQHandler
                0x080012b8                FDCAN2_IT0_IRQHandler
                0x080012b8                LPUART1_IRQHandler
                0x080012b8                FDCAN1_IT0_IRQHandler
                0x080012b8                TIM2_IRQHandler
                0x080012b8                OTG_FS_WKUP_IRQHandler
                0x080012b8                OTG_HS_IRQHandler
                0x080012b8                DMA2D_IRQHandler
                0x080012b8                TIM1_BRK_IRQHandler
                0x080012b8                EXTI1_IRQHandler
                0x080012b8                SDMMC2_IRQHandler
                0x080012b8                OTG_FS_EP1_OUT_IRQHandler
                0x080012b8                BDMA_Channel3_IRQHandler
                0x080012b8                UART7_IRQHandler
                0x080012b8                MDIOS_WKUP_IRQHandler
                0x080012b8                USART2_IRQHandler
                0x080012b8                DFSDM1_FLT0_IRQHandler
                0x080012b8                SAI4_IRQHandler
                0x080012b8                I2C2_ER_IRQHandler
                0x080012b8                DMA2_Stream1_IRQHandler
                0x080012b8                FLASH_IRQHandler
                0x080012b8                DMA2_Stream4_IRQHandler
                0x080012b8                USART1_IRQHandler
                0x080012b8                OTG_FS_IRQHandler
                0x080012b8                SPI3_IRQHandler
                0x080012b8                WAKEUP_PIN_IRQHandler
                0x080012b8                DMA1_Stream4_IRQHandler
                0x080012b8                OTG_FS_EP1_IN_IRQHandler
                0x080012b8                I2C1_ER_IRQHandler
                0x080012b8                FMC_IRQHandler
                0x080012b8                FDCAN_CAL_IRQHandler
                0x080012b8                SWPMI1_IRQHandler
                0x080012b8                COMP1_IRQHandler
                0x080012b8                LPTIM1_IRQHandler
                0x080012b8                I2C4_ER_IRQHandler
                0x080012b8                DMA2_Stream6_IRQHandler
                0x080012b8                SAI1_IRQHandler
                0x080012b8                DMA1_Stream3_IRQHandler
 *fill*         0x080012ba        0x2 
 .text.HAL_Init
                0x080012bc       0x78 ./Drivers/STM32H7xx_HAL_Driver/Src/stm32h7xx_hal.o
                0x080012bc                HAL_Init
 .text.HAL_InitTick
                0x08001334       0x6c ./Drivers/STM32H7xx_HAL_Driver/Src/stm32h7xx_hal.o
                0x08001334                HAL_InitTick
 .text.HAL_IncTick
                0x080013a0       0x28 ./Drivers/STM32H7xx_HAL_Driver/Src/stm32h7xx_hal.o
                0x080013a0                HAL_IncTick
 .text.HAL_GetTick
                0x080013c8       0x18 ./Drivers/STM32H7xx_HAL_Driver/Src/stm32h7xx_hal.o
                0x080013c8                HAL_GetTick
 .text.HAL_GetREVID
                0x080013e0       0x18 ./Drivers/STM32H7xx_HAL_Driver/Src/stm32h7xx_hal.o
                0x080013e0                HAL_GetREVID
 .text.LL_ADC_SetCommonClock
                0x080013f8       0x26 ./Drivers/STM32H7xx_HAL_Driver/Src/stm32h7xx_hal_adc.o
 .text.LL_ADC_SetCommonPathInternalCh
                0x0800141e       0x26 ./Drivers/STM32H7xx_HAL_Driver/Src/stm32h7xx_hal_adc.o
 .text.LL_ADC_GetCommonPathInternalCh
                0x08001444       0x1c ./Drivers/STM32H7xx_HAL_Driver/Src/stm32h7xx_hal_adc.o
 .text.LL_ADC_GetResolution
                0x08001460       0x48 ./Drivers/STM32H7xx_HAL_Driver/Src/stm32h7xx_hal_adc.o
 .text.LL_ADC_SetOffset
                0x080014a8       0x40 ./Drivers/STM32H7xx_HAL_Driver/Src/stm32h7xx_hal_adc.o
 .text.LL_ADC_SetDataRightShift
                0x080014e8       0x32 ./Drivers/STM32H7xx_HAL_Driver/Src/stm32h7xx_hal_adc.o
 .text.LL_ADC_SetOffsetSignedSaturation
                0x0800151a       0x36 ./Drivers/STM32H7xx_HAL_Driver/Src/stm32h7xx_hal_adc.o
 .text.LL_ADC_REG_SetSequencerRanks
                0x08001550       0x58 ./Drivers/STM32H7xx_HAL_Driver/Src/stm32h7xx_hal_adc.o
 .text.LL_ADC_SetChannelSamplingTime
                0x080015a8       0x56 ./Drivers/STM32H7xx_HAL_Driver/Src/stm32h7xx_hal_adc.o
 *fill*         0x080015fe        0x2 
 .text.LL_ADC_SetChannelSingleDiff
                0x08001600       0x48 ./Drivers/STM32H7xx_HAL_Driver/Src/stm32h7xx_hal_adc.o
 .text.LL_ADC_DisableDeepPowerDown
                0x08001648       0x24 ./Drivers/STM32H7xx_HAL_Driver/Src/stm32h7xx_hal_adc.o
 .text.LL_ADC_IsDeepPowerDownEnabled
                0x0800166c       0x28 ./Drivers/STM32H7xx_HAL_Driver/Src/stm32h7xx_hal_adc.o
 .text.LL_ADC_EnableInternalRegulator
                0x08001694       0x28 ./Drivers/STM32H7xx_HAL_Driver/Src/stm32h7xx_hal_adc.o
 .text.LL_ADC_IsInternalRegulatorEnabled
                0x080016bc       0x28 ./Drivers/STM32H7xx_HAL_Driver/Src/stm32h7xx_hal_adc.o
 .text.LL_ADC_IsEnabled
                0x080016e4       0x26 ./Drivers/STM32H7xx_HAL_Driver/Src/stm32h7xx_hal_adc.o
 .text.LL_ADC_REG_IsConversionOngoing
                0x0800170a       0x26 ./Drivers/STM32H7xx_HAL_Driver/Src/stm32h7xx_hal_adc.o
 .text.LL_ADC_INJ_IsConversionOngoing
                0x08001730       0x26 ./Drivers/STM32H7xx_HAL_Driver/Src/stm32h7xx_hal_adc.o
 *fill*         0x08001756        0x2 
 .text.HAL_ADC_Init
                0x08001758      0x7a4 ./Drivers/STM32H7xx_HAL_Driver/Src/stm32h7xx_hal_adc.o
                0x08001758                HAL_ADC_Init
 .text.HAL_ADC_ConfigChannel
                0x08001efc      0xc24 ./Drivers/STM32H7xx_HAL_Driver/Src/stm32h7xx_hal_adc.o
                0x08001efc                HAL_ADC_ConfigChannel
 .text.ADC_ConfigureBoostMode
                0x08002b20      0x218 ./Drivers/STM32H7xx_HAL_Driver/Src/stm32h7xx_hal_adc.o
                0x08002b20                ADC_ConfigureBoostMode
 .text.__NVIC_SetPriorityGrouping
                0x08002d38       0x48 ./Drivers/STM32H7xx_HAL_Driver/Src/stm32h7xx_hal_cortex.o
 .text.__NVIC_GetPriorityGrouping
                0x08002d80       0x1c ./Drivers/STM32H7xx_HAL_Driver/Src/stm32h7xx_hal_cortex.o
 .text.__NVIC_EnableIRQ
                0x08002d9c       0x3c ./Drivers/STM32H7xx_HAL_Driver/Src/stm32h7xx_hal_cortex.o
 .text.__NVIC_SetPriority
                0x08002dd8       0x54 ./Drivers/STM32H7xx_HAL_Driver/Src/stm32h7xx_hal_cortex.o
 .text.NVIC_EncodePriority
                0x08002e2c       0x66 ./Drivers/STM32H7xx_HAL_Driver/Src/stm32h7xx_hal_cortex.o
 *fill*         0x08002e92        0x2 
 .text.SysTick_Config
                0x08002e94       0x44 ./Drivers/STM32H7xx_HAL_Driver/Src/stm32h7xx_hal_cortex.o
 .text.HAL_NVIC_SetPriorityGrouping
                0x08002ed8       0x40 ./Drivers/STM32H7xx_HAL_Driver/Src/stm32h7xx_hal_cortex.o
                0x08002ed8                HAL_NVIC_SetPriorityGrouping
 .text.HAL_NVIC_SetPriority
                0x08002f18       0x54 ./Drivers/STM32H7xx_HAL_Driver/Src/stm32h7xx_hal_cortex.o
                0x08002f18                HAL_NVIC_SetPriority
 .text.HAL_NVIC_EnableIRQ
                0x08002f6c       0x30 ./Drivers/STM32H7xx_HAL_Driver/Src/stm32h7xx_hal_cortex.o
                0x08002f6c                HAL_NVIC_EnableIRQ
 .text.HAL_SYSTICK_Config
                0x08002f9c       0x18 ./Drivers/STM32H7xx_HAL_Driver/Src/stm32h7xx_hal_cortex.o
                0x08002f9c                HAL_SYSTICK_Config
 .text.HAL_GPIO_Init
                0x08002fb4      0x554 ./Drivers/STM32H7xx_HAL_Driver/Src/stm32h7xx_hal_gpio.o
                0x08002fb4                HAL_GPIO_Init
 .text.HAL_GPIO_WritePin
                0x08003508       0x58 ./Drivers/STM32H7xx_HAL_Driver/Src/stm32h7xx_hal_gpio.o
                0x08003508                HAL_GPIO_WritePin
 .text.HAL_PWREx_ConfigSupply
                0x08003560       0x8c ./Drivers/STM32H7xx_HAL_Driver/Src/stm32h7xx_hal_pwr_ex.o
                0x08003560                HAL_PWREx_ConfigSupply
 .text.HAL_RCC_OscConfig
                0x080035ec      0xb60 ./Drivers/STM32H7xx_HAL_Driver/Src/stm32h7xx_hal_rcc.o
                0x080035ec                HAL_RCC_OscConfig
 .text.HAL_RCC_ClockConfig
                0x0800414c      0x6e0 ./Drivers/STM32H7xx_HAL_Driver/Src/stm32h7xx_hal_rcc.o
                0x0800414c                HAL_RCC_ClockConfig
 .text.HAL_RCC_GetSysClockFreq
                0x0800482c      0x2f4 ./Drivers/STM32H7xx_HAL_Driver/Src/stm32h7xx_hal_rcc.o
                0x0800482c                HAL_RCC_GetSysClockFreq
 .text.HAL_RCC_GetHCLKFreq
                0x08004b20       0x60 ./Drivers/STM32H7xx_HAL_Driver/Src/stm32h7xx_hal_rcc.o
                0x08004b20                HAL_RCC_GetHCLKFreq
 .text.HAL_RCC_GetPCLK1Freq
                0x08004b80       0x2c ./Drivers/STM32H7xx_HAL_Driver/Src/stm32h7xx_hal_rcc.o
                0x08004b80                HAL_RCC_GetPCLK1Freq
 .text.HAL_RCC_GetPCLK2Freq
                0x08004bac       0x2c ./Drivers/STM32H7xx_HAL_Driver/Src/stm32h7xx_hal_rcc.o
                0x08004bac                HAL_RCC_GetPCLK2Freq
 .text.HAL_RCCEx_PeriphCLKConfig
                0x08004bd8     0x1a60 ./Drivers/STM32H7xx_HAL_Driver/Src/stm32h7xx_hal_rcc_ex.o
                0x08004bd8                HAL_RCCEx_PeriphCLKConfig
 .text.HAL_RCCEx_GetPeriphCLKFreq
                0x08006638      0xb00 ./Drivers/STM32H7xx_HAL_Driver/Src/stm32h7xx_hal_rcc_ex.o
                0x08006638                HAL_RCCEx_GetPeriphCLKFreq
 .text.HAL_RCCEx_GetD3PCLK1Freq
                0x08007138       0x2c ./Drivers/STM32H7xx_HAL_Driver/Src/stm32h7xx_hal_rcc_ex.o
                0x08007138                HAL_RCCEx_GetD3PCLK1Freq
 .text.HAL_RCCEx_GetPLL2ClockFreq
                0x08007164      0x2a8 ./Drivers/STM32H7xx_HAL_Driver/Src/stm32h7xx_hal_rcc_ex.o
                0x08007164                HAL_RCCEx_GetPLL2ClockFreq
 .text.HAL_RCCEx_GetPLL3ClockFreq
                0x0800740c      0x2a8 ./Drivers/STM32H7xx_HAL_Driver/Src/stm32h7xx_hal_rcc_ex.o
                0x0800740c                HAL_RCCEx_GetPLL3ClockFreq
 .text.HAL_RCCEx_GetPLL1ClockFreq
                0x080076b4      0x2a4 ./Drivers/STM32H7xx_HAL_Driver/Src/stm32h7xx_hal_rcc_ex.o
                0x080076b4                HAL_RCCEx_GetPLL1ClockFreq
 .text.RCCEx_PLL2_Config
                0x08007958      0x244 ./Drivers/STM32H7xx_HAL_Driver/Src/stm32h7xx_hal_rcc_ex.o
 .text.RCCEx_PLL3_Config
                0x08007b9c      0x24c ./Drivers/STM32H7xx_HAL_Driver/Src/stm32h7xx_hal_rcc_ex.o
 .text.HAL_TIM_Base_Init
                0x08007de8      0x240 ./Drivers/STM32H7xx_HAL_Driver/Src/stm32h7xx_hal_tim.o
                0x08007de8                HAL_TIM_Base_Init
 .text.TIM_Base_SetConfig
                0x08008028      0x14c ./Drivers/STM32H7xx_HAL_Driver/Src/stm32h7xx_hal_tim.o
                0x08008028                TIM_Base_SetConfig
 .text.HAL_TIMEx_MasterConfigSynchronization
                0x08008174      0x2cc ./Drivers/STM32H7xx_HAL_Driver/Src/stm32h7xx_hal_tim_ex.o
                0x08008174                HAL_TIMEx_MasterConfigSynchronization
 .text.HAL_UART_Init
                0x08008440      0x19c ./Drivers/STM32H7xx_HAL_Driver/Src/stm32h7xx_hal_uart.o
                0x08008440                HAL_UART_Init
 .text.UART_SetConfig
                0x080085dc      0xc88 ./Drivers/STM32H7xx_HAL_Driver/Src/stm32h7xx_hal_uart.o
                0x080085dc                UART_SetConfig
 .text.UART_AdvFeatureConfig
                0x08009264      0x2e8 ./Drivers/STM32H7xx_HAL_Driver/Src/stm32h7xx_hal_uart.o
                0x08009264                UART_AdvFeatureConfig
 .text.UART_CheckIdleState
                0x0800954c      0x154 ./Drivers/STM32H7xx_HAL_Driver/Src/stm32h7xx_hal_uart.o
                0x0800954c                UART_CheckIdleState
 .text.UART_WaitOnFlagUntilTimeout
                0x080096a0       0xda ./Drivers/STM32H7xx_HAL_Driver/Src/stm32h7xx_hal_uart.o
                0x080096a0                UART_WaitOnFlagUntilTimeout
 *fill*         0x0800977a        0x2 
 .text.UART_EndRxTransfer
                0x0800977c       0xcc ./Drivers/STM32H7xx_HAL_Driver/Src/stm32h7xx_hal_uart.o
 .text.HAL_UARTEx_DisableFifoMode
                0x08009848       0xec ./Drivers/STM32H7xx_HAL_Driver/Src/stm32h7xx_hal_uart_ex.o
                0x08009848                HAL_UARTEx_DisableFifoMode
 .text.HAL_UARTEx_SetTxFifoThreshold
                0x08009934      0x134 ./Drivers/STM32H7xx_HAL_Driver/Src/stm32h7xx_hal_uart_ex.o
                0x08009934                HAL_UARTEx_SetTxFifoThreshold
 .text.HAL_UARTEx_SetRxFifoThreshold
                0x08009a68      0x134 ./Drivers/STM32H7xx_HAL_Driver/Src/stm32h7xx_hal_uart_ex.o
                0x08009a68                HAL_UARTEx_SetRxFifoThreshold
 .text.UARTEx_SetNbDataToProcess
                0x08009b9c       0x9c ./Drivers/STM32H7xx_HAL_Driver/Src/stm32h7xx_hal_uart_ex.o
 .text.memset   0x08009c38       0x10 C:/ST/STM32CubeIDE_1.16.1/STM32CubeIDE/plugins/com.st.stm32cube.ide.mcu.externaltools.gnu-tools-for-stm32.12.3.rel1.win32_1.0.200.202406191623/tools/bin/../lib/gcc/arm-none-eabi/12.3.1/../../../../arm-none-eabi/lib/thumb/v7e-m+dp/hard\libc_nano.a(libc_a-memset.o)
                0x08009c38                memset
 .text.__libc_init_array
                0x08009c48       0x48 C:/ST/STM32CubeIDE_1.16.1/STM32CubeIDE/plugins/com.st.stm32cube.ide.mcu.externaltools.gnu-tools-for-stm32.12.3.rel1.win32_1.0.200.202406191623/tools/bin/../lib/gcc/arm-none-eabi/12.3.1/../../../../arm-none-eabi/lib/thumb/v7e-m+dp/hard\libc_nano.a(libc_a-init.o)
                0x08009c48                __libc_init_array
 *(.glue_7)
 .glue_7        0x08009c90        0x0 linker stubs
 *(.glue_7t)
 .glue_7t       0x08009c90        0x0 linker stubs
 *(.eh_frame)
 .eh_frame      0x08009c90        0x0 C:/ST/STM32CubeIDE_1.16.1/STM32CubeIDE/plugins/com.st.stm32cube.ide.mcu.externaltools.gnu-tools-for-stm32.12.3.rel1.win32_1.0.200.202406191623/tools/bin/../lib/gcc/arm-none-eabi/12.3.1/thumb/v7e-m+dp/hard/crtbegin.o
 *(.init)
 .init          0x08009c90        0x4 C:/ST/STM32CubeIDE_1.16.1/STM32CubeIDE/plugins/com.st.stm32cube.ide.mcu.externaltools.gnu-tools-for-stm32.12.3.rel1.win32_1.0.200.202406191623/tools/bin/../lib/gcc/arm-none-eabi/12.3.1/thumb/v7e-m+dp/hard/crti.o
                0x08009c90                _init
 .init          0x08009c94        0x8 C:/ST/STM32CubeIDE_1.16.1/STM32CubeIDE/plugins/com.st.stm32cube.ide.mcu.externaltools.gnu-tools-for-stm32.12.3.rel1.win32_1.0.200.202406191623/tools/bin/../lib/gcc/arm-none-eabi/12.3.1/thumb/v7e-m+dp/hard/crtn.o
 *(.fini)
 .fini          0x08009c9c        0x4 C:/ST/STM32CubeIDE_1.16.1/STM32CubeIDE/plugins/com.st.stm32cube.ide.mcu.externaltools.gnu-tools-for-stm32.12.3.rel1.win32_1.0.200.202406191623/tools/bin/../lib/gcc/arm-none-eabi/12.3.1/thumb/v7e-m+dp/hard/crti.o
                0x08009c9c                _fini
 .fini          0x08009ca0        0x8 C:/ST/STM32CubeIDE_1.16.1/STM32CubeIDE/plugins/com.st.stm32cube.ide.mcu.externaltools.gnu-tools-for-stm32.12.3.rel1.win32_1.0.200.202406191623/tools/bin/../lib/gcc/arm-none-eabi/12.3.1/thumb/v7e-m+dp/hard/crtn.o
                0x08009ca8                        . = ALIGN (0x4)
                0x08009ca8                        _etext = .

.vfp11_veneer   0x08009ca8        0x0
 .vfp11_veneer  0x08009ca8        0x0 linker stubs

.v4_bx          0x08009ca8        0x0
 .v4_bx         0x08009ca8        0x0 linker stubs

.iplt           0x08009ca8        0x0
 .iplt          0x08009ca8        0x0 C:/ST/STM32CubeIDE_1.16.1/STM32CubeIDE/plugins/com.st.stm32cube.ide.mcu.externaltools.gnu-tools-for-stm32.12.3.rel1.win32_1.0.200.202406191623/tools/bin/../lib/gcc/arm-none-eabi/12.3.1/thumb/v7e-m+dp/hard/crtbegin.o

.rodata         0x08009ca8      0x284
                0x08009ca8                        . = ALIGN (0x4)
 *(.rodata)
 .rodata        0x08009ca8       0x38 ./Drivers/STM32H7xx_HAL_Driver/Src/stm32h7xx_hal_adc.o
 .rodata        0x08009ce0       0x3b ./Drivers/STM32H7xx_HAL_Driver/Src/stm32h7xx_hal_cortex.o
 *fill*         0x08009d1b        0x1 
 .rodata        0x08009d1c       0x39 ./Drivers/STM32H7xx_HAL_Driver/Src/stm32h7xx_hal_gpio.o
 *fill*         0x08009d55        0x3 
 .rodata        0x08009d58       0x3b ./Drivers/STM32H7xx_HAL_Driver/Src/stm32h7xx_hal_pwr_ex.o
 *fill*         0x08009d93        0x1 
 .rodata        0x08009d94       0x38 ./Drivers/STM32H7xx_HAL_Driver/Src/stm32h7xx_hal_rcc.o
 .rodata        0x08009dcc       0x3b ./Drivers/STM32H7xx_HAL_Driver/Src/stm32h7xx_hal_rcc_ex.o
 *fill*         0x08009e07        0x1 
 .rodata        0x08009e08       0x38 ./Drivers/STM32H7xx_HAL_Driver/Src/stm32h7xx_hal_tim.o
 .rodata        0x08009e40       0x3b ./Drivers/STM32H7xx_HAL_Driver/Src/stm32h7xx_hal_tim_ex.o
 *fill*         0x08009e7b        0x1 
 .rodata        0x08009e7c       0x39 ./Drivers/STM32H7xx_HAL_Driver/Src/stm32h7xx_hal_uart.o
 *fill*         0x08009eb5        0x3 
 .rodata        0x08009eb8       0x3c ./Drivers/STM32H7xx_HAL_Driver/Src/stm32h7xx_hal_uart_ex.o
 *(.rodata*)
 .rodata.D1CorePrescTable
                0x08009ef4       0x10 ./Core/Src/system_stm32h7xx.o
                0x08009ef4                D1CorePrescTable
 .rodata.UARTPrescTable
                0x08009f04       0x18 ./Drivers/STM32H7xx_HAL_Driver/Src/stm32h7xx_hal_uart.o
                0x08009f04                UARTPrescTable
 .rodata.numerator.1
                0x08009f1c        0x8 ./Drivers/STM32H7xx_HAL_Driver/Src/stm32h7xx_hal_uart_ex.o
 .rodata.denominator.0
                0x08009f24        0x8 ./Drivers/STM32H7xx_HAL_Driver/Src/stm32h7xx_hal_uart_ex.o
                0x08009f2c                        . = ALIGN (0x4)

.ARM.extab
 *(.ARM.extab* .gnu.linkonce.armextab.*)

.ARM            0x08009f2c        0x8
                0x08009f2c                        __exidx_start = .
 *(.ARM.exidx*)
 .ARM.exidx     0x08009f2c        0x8 C:/ST/STM32CubeIDE_1.16.1/STM32CubeIDE/plugins/com.st.stm32cube.ide.mcu.externaltools.gnu-tools-for-stm32.12.3.rel1.win32_1.0.200.202406191623/tools/bin/../lib/gcc/arm-none-eabi/12.3.1/thumb/v7e-m+dp/hard\libgcc.a(_udivmoddi4.o)
                0x08009f34                        __exidx_end = .

.preinit_array  0x08009f34        0x0
                0x08009f34                        PROVIDE (__preinit_array_start = .)
 *(.preinit_array*)
                0x08009f34                        PROVIDE (__preinit_array_end = .)

.init_array     0x08009f34        0x4
                0x08009f34                        PROVIDE (__init_array_start = .)
 *(SORT_BY_NAME(.init_array.*))
 *(.init_array*)
 .init_array    0x08009f34        0x4 C:/ST/STM32CubeIDE_1.16.1/STM32CubeIDE/plugins/com.st.stm32cube.ide.mcu.externaltools.gnu-tools-for-stm32.12.3.rel1.win32_1.0.200.202406191623/tools/bin/../lib/gcc/arm-none-eabi/12.3.1/thumb/v7e-m+dp/hard/crtbegin.o
                0x08009f38                        PROVIDE (__init_array_end = .)

.fini_array     0x08009f38        0x4
                [!provide]                        PROVIDE (__fini_array_start = .)
 *(SORT_BY_NAME(.fini_array.*))
 *(.fini_array*)
 .fini_array    0x08009f38        0x4 C:/ST/STM32CubeIDE_1.16.1/STM32CubeIDE/plugins/com.st.stm32cube.ide.mcu.externaltools.gnu-tools-for-stm32.12.3.rel1.win32_1.0.200.202406191623/tools/bin/../lib/gcc/arm-none-eabi/12.3.1/thumb/v7e-m+dp/hard/crtbegin.o
                [!provide]                        PROVIDE (__fini_array_end = .)
                0x08009f3c                        _sidata = LOADADDR (.data)

.rel.dyn        0x08009f3c        0x0
 .rel.iplt      0x08009f3c        0x0 C:/ST/STM32CubeIDE_1.16.1/STM32CubeIDE/plugins/com.st.stm32cube.ide.mcu.externaltools.gnu-tools-for-stm32.12.3.rel1.win32_1.0.200.202406191623/tools/bin/../lib/gcc/arm-none-eabi/12.3.1/thumb/v7e-m+dp/hard/crtbegin.o

.data           0x24000000       0x14 load address 0x08009f3c
                0x24000000                        . = ALIGN (0x4)
                0x24000000                        _sdata = .
 *(.data)
 *(.data*)
 .data.data_buffer_char_p
                0x24000000        0x4 ./Core/Src/Custom_ADC.o
                0x24000000                data_buffer_char_p
 .data.SystemCoreClock
                0x24000004        0x4 ./Core/Src/system_stm32h7xx.o
                0x24000004                SystemCoreClock
 .data.SystemD2Clock
                0x24000008        0x4 ./Core/Src/system_stm32h7xx.o
                0x24000008                SystemD2Clock
 .data.uwTickPrio
                0x2400000c        0x4 ./Drivers/STM32H7xx_HAL_Driver/Src/stm32h7xx_hal.o
                0x2400000c                uwTickPrio
 .data.uwTickFreq
                0x24000010        0x1 ./Drivers/STM32H7xx_HAL_Driver/Src/stm32h7xx_hal.o
                0x24000010                uwTickFreq
 *(.RamFunc)
 *(.RamFunc*)
                0x24000014                        . = ALIGN (0x4)
 *fill*         0x24000011        0x3 
                0x24000014                        _edata = .

.igot.plt       0x24000014        0x0 load address 0x08009f50
 .igot.plt      0x24000014        0x0 C:/ST/STM32CubeIDE_1.16.1/STM32CubeIDE/plugins/com.st.stm32cube.ide.mcu.externaltools.gnu-tools-for-stm32.12.3.rel1.win32_1.0.200.202406191623/tools/bin/../lib/gcc/arm-none-eabi/12.3.1/thumb/v7e-m+dp/hard/crtbegin.o
                0x24000014                        . = ALIGN (0x4)

.bss            0x24000014      0x230 load address 0x08009f50
                0x24000014                        _sbss = .
                0x24000014                        __bss_start__ = _sbss
 *(.bss)
 .bss           0x24000014       0x1c C:/ST/STM32CubeIDE_1.16.1/STM32CubeIDE/plugins/com.st.stm32cube.ide.mcu.externaltools.gnu-tools-for-stm32.12.3.rel1.win32_1.0.200.202406191623/tools/bin/../lib/gcc/arm-none-eabi/12.3.1/thumb/v7e-m+dp/hard/crtbegin.o
 *(.bss*)
 .bss.data_buffer
                0x24000030       0xc8 ./Core/Src/Custom_ADC.o
                0x24000030                data_buffer
 .bss.data_buffer_index
                0x240000f8        0x2 ./Core/Src/Custom_ADC.o
                0x240000f8                data_buffer_index
 .bss.tx_buff_index
                0x240000fa        0x2 ./Core/Src/Custom_USART.o
                0x240000fa                tx_buff_index
 .bss.hadc3     0x240000fc       0x64 ./Core/Src/main.o
                0x240000fc                hadc3
 .bss.htim6     0x24000160       0x4c ./Core/Src/main.o
                0x24000160                htim6
 .bss.huart3    0x240001ac       0x94 ./Core/Src/main.o
                0x240001ac                huart3
 .bss.uwTick    0x24000240        0x4 ./Drivers/STM32H7xx_HAL_Driver/Src/stm32h7xx_hal.o
                0x24000240                uwTick
 *(COMMON)
                0x24000244                        . = ALIGN (0x4)
                0x24000244                        _ebss = .
                0x24000244                        __bss_end__ = _ebss

._user_heap_stack
                0x24000244      0x604 load address 0x08009f50
                0x24000248                        . = ALIGN (0x8)
 *fill*         0x24000244        0x4 
                [!provide]                        PROVIDE (end = .)
                0x24000248                        PROVIDE (_end = .)
                0x24000448                        . = (. + _Min_Heap_Size)
 *fill*         0x24000248      0x200 
                0x24000848                        . = (. + _Min_Stack_Size)
 *fill*         0x24000448      0x400 
                0x24000848                        . = ALIGN (0x8)

/DISCARD/
 libc.a(*)
 libm.a(*)
 libgcc.a(*)

.ARM.attributes
                0x00000000       0x2e
 *(.ARM.attributes)
 .ARM.attributes
                0x00000000       0x20 C:/ST/STM32CubeIDE_1.16.1/STM32CubeIDE/plugins/com.st.stm32cube.ide.mcu.externaltools.gnu-tools-for-stm32.12.3.rel1.win32_1.0.200.202406191623/tools/bin/../lib/gcc/arm-none-eabi/12.3.1/thumb/v7e-m+dp/hard/crti.o
 .ARM.attributes
                0x00000020       0x32 C:/ST/STM32CubeIDE_1.16.1/STM32CubeIDE/plugins/com.st.stm32cube.ide.mcu.externaltools.gnu-tools-for-stm32.12.3.rel1.win32_1.0.200.202406191623/tools/bin/../lib/gcc/arm-none-eabi/12.3.1/thumb/v7e-m+dp/hard/crtbegin.o
 .ARM.attributes
                0x00000052       0x32 ./Core/Src/Custom_ADC.o
 .ARM.attributes
                0x00000084       0x32 ./Core/Src/Custom_USART.o
 .ARM.attributes
                0x000000b6       0x32 ./Core/Src/main.o
 .ARM.attributes
                0x000000e8       0x32 ./Core/Src/stm32h7xx_hal_msp.o
 .ARM.attributes
                0x0000011a       0x32 ./Core/Src/stm32h7xx_it.o
 .ARM.attributes
                0x0000014c       0x32 ./Core/Src/system_stm32h7xx.o
 .ARM.attributes
                0x0000017e       0x21 ./Core/Startup/startup_stm32h743zitx.o
 .ARM.attributes
                0x0000019f       0x32 ./Drivers/STM32H7xx_HAL_Driver/Src/stm32h7xx_hal.o
 .ARM.attributes
                0x000001d1       0x32 ./Drivers/STM32H7xx_HAL_Driver/Src/stm32h7xx_hal_adc.o
 .ARM.attributes
                0x00000203       0x32 ./Drivers/STM32H7xx_HAL_Driver/Src/stm32h7xx_hal_cortex.o
 .ARM.attributes
                0x00000235       0x32 ./Drivers/STM32H7xx_HAL_Driver/Src/stm32h7xx_hal_gpio.o
 .ARM.attributes
                0x00000267       0x32 ./Drivers/STM32H7xx_HAL_Driver/Src/stm32h7xx_hal_pwr_ex.o
 .ARM.attributes
                0x00000299       0x32 ./Drivers/STM32H7xx_HAL_Driver/Src/stm32h7xx_hal_rcc.o
 .ARM.attributes
                0x000002cb       0x32 ./Drivers/STM32H7xx_HAL_Driver/Src/stm32h7xx_hal_rcc_ex.o
 .ARM.attributes
                0x000002fd       0x32 ./Drivers/STM32H7xx_HAL_Driver/Src/stm32h7xx_hal_tim.o
 .ARM.attributes
                0x0000032f       0x32 ./Drivers/STM32H7xx_HAL_Driver/Src/stm32h7xx_hal_tim_ex.o
 .ARM.attributes
                0x00000361       0x32 ./Drivers/STM32H7xx_HAL_Driver/Src/stm32h7xx_hal_uart.o
 .ARM.attributes
                0x00000393       0x32 ./Drivers/STM32H7xx_HAL_Driver/Src/stm32h7xx_hal_uart_ex.o
 .ARM.attributes
                0x000003c5       0x32 C:/ST/STM32CubeIDE_1.16.1/STM32CubeIDE/plugins/com.st.stm32cube.ide.mcu.externaltools.gnu-tools-for-stm32.12.3.rel1.win32_1.0.200.202406191623/tools/bin/../lib/gcc/arm-none-eabi/12.3.1/../../../../arm-none-eabi/lib/thumb/v7e-m+dp/hard\libc_nano.a(libc_a-memset.o)
 .ARM.attributes
                0x000003f7       0x32 C:/ST/STM32CubeIDE_1.16.1/STM32CubeIDE/plugins/com.st.stm32cube.ide.mcu.externaltools.gnu-tools-for-stm32.12.3.rel1.win32_1.0.200.202406191623/tools/bin/../lib/gcc/arm-none-eabi/12.3.1/../../../../arm-none-eabi/lib/thumb/v7e-m+dp/hard\libc_nano.a(libc_a-init.o)
 .ARM.attributes
                0x00000429       0x20 C:/ST/STM32CubeIDE_1.16.1/STM32CubeIDE/plugins/com.st.stm32cube.ide.mcu.externaltools.gnu-tools-for-stm32.12.3.rel1.win32_1.0.200.202406191623/tools/bin/../lib/gcc/arm-none-eabi/12.3.1/thumb/v7e-m+dp/hard\libgcc.a(_aeabi_uldivmod.o)
 .ARM.attributes
                0x00000449       0x32 C:/ST/STM32CubeIDE_1.16.1/STM32CubeIDE/plugins/com.st.stm32cube.ide.mcu.externaltools.gnu-tools-for-stm32.12.3.rel1.win32_1.0.200.202406191623/tools/bin/../lib/gcc/arm-none-eabi/12.3.1/thumb/v7e-m+dp/hard\libgcc.a(_udivmoddi4.o)
 .ARM.attributes
                0x0000047b       0x20 C:/ST/STM32CubeIDE_1.16.1/STM32CubeIDE/plugins/com.st.stm32cube.ide.mcu.externaltools.gnu-tools-for-stm32.12.3.rel1.win32_1.0.200.202406191623/tools/bin/../lib/gcc/arm-none-eabi/12.3.1/thumb/v7e-m+dp/hard\libgcc.a(_dvmd_tls.o)
 .ARM.attributes
                0x0000049b       0x20 C:/ST/STM32CubeIDE_1.16.1/STM32CubeIDE/plugins/com.st.stm32cube.ide.mcu.externaltools.gnu-tools-for-stm32.12.3.rel1.win32_1.0.200.202406191623/tools/bin/../lib/gcc/arm-none-eabi/12.3.1/thumb/v7e-m+dp/hard/crtn.o
OUTPUT(ADC_Temperature.elf elf32-littlearm)
LOAD linker stubs
LOAD C:/ST/STM32CubeIDE_1.16.1/STM32CubeIDE/plugins/com.st.stm32cube.ide.mcu.externaltools.gnu-tools-for-stm32.12.3.rel1.win32_1.0.200.202406191623/tools/bin/../lib/gcc/arm-none-eabi/12.3.1/../../../../arm-none-eabi/lib/thumb/v7e-m+dp/hard\libc.a
LOAD C:/ST/STM32CubeIDE_1.16.1/STM32CubeIDE/plugins/com.st.stm32cube.ide.mcu.externaltools.gnu-tools-for-stm32.12.3.rel1.win32_1.0.200.202406191623/tools/bin/../lib/gcc/arm-none-eabi/12.3.1/../../../../arm-none-eabi/lib/thumb/v7e-m+dp/hard\libm.a
LOAD C:/ST/STM32CubeIDE_1.16.1/STM32CubeIDE/plugins/com.st.stm32cube.ide.mcu.externaltools.gnu-tools-for-stm32.12.3.rel1.win32_1.0.200.202406191623/tools/bin/../lib/gcc/arm-none-eabi/12.3.1/thumb/v7e-m+dp/hard\libgcc.a

.debug_info     0x00000000    0x17305
 .debug_info    0x00000000      0x4a5 ./Core/Src/Custom_ADC.o
 .debug_info    0x000004a5      0x32a ./Core/Src/Custom_USART.o
 .debug_info    0x000007cf     0x1d79 ./Core/Src/main.o
 .debug_info    0x00002548     0x1cff ./Core/Src/stm32h7xx_hal_msp.o
 .debug_info    0x00004247      0x160 ./Core/Src/stm32h7xx_it.o
 .debug_info    0x000043a7      0xcef ./Core/Src/system_stm32h7xx.o
 .debug_info    0x00005096       0x30 ./Core/Startup/startup_stm32h743zitx.o
 .debug_info    0x000050c6     0x1568 ./Drivers/STM32H7xx_HAL_Driver/Src/stm32h7xx_hal.o
 .debug_info    0x0000662e     0x1f37 ./Drivers/STM32H7xx_HAL_Driver/Src/stm32h7xx_hal_adc.o
 .debug_info    0x00008565     0x10e1 ./Drivers/STM32H7xx_HAL_Driver/Src/stm32h7xx_hal_cortex.o
 .debug_info    0x00009646      0xc7c ./Drivers/STM32H7xx_HAL_Driver/Src/stm32h7xx_hal_gpio.o
 .debug_info    0x0000a2c2     0x1029 ./Drivers/STM32H7xx_HAL_Driver/Src/stm32h7xx_hal_pwr_ex.o
 .debug_info    0x0000b2eb      0xe78 ./Drivers/STM32H7xx_HAL_Driver/Src/stm32h7xx_hal_rcc.o
 .debug_info    0x0000c163     0x122f ./Drivers/STM32H7xx_HAL_Driver/Src/stm32h7xx_hal_rcc_ex.o
 .debug_info    0x0000d392     0x2c22 ./Drivers/STM32H7xx_HAL_Driver/Src/stm32h7xx_hal_tim.o
 .debug_info    0x0000ffb4     0x184b ./Drivers/STM32H7xx_HAL_Driver/Src/stm32h7xx_hal_tim_ex.o
 .debug_info    0x000117ff     0x4b2a ./Drivers/STM32H7xx_HAL_Driver/Src/stm32h7xx_hal_uart.o
 .debug_info    0x00016329      0xfdc ./Drivers/STM32H7xx_HAL_Driver/Src/stm32h7xx_hal_uart_ex.o

.debug_abbrev   0x00000000     0x2756
 .debug_abbrev  0x00000000      0x12f ./Core/Src/Custom_ADC.o
 .debug_abbrev  0x0000012f      0x101 ./Core/Src/Custom_USART.o
 .debug_abbrev  0x00000230      0x316 ./Core/Src/main.o
 .debug_abbrev  0x00000546      0x23f ./Core/Src/stm32h7xx_hal_msp.o
 .debug_abbrev  0x00000785       0x8e ./Core/Src/stm32h7xx_it.o
 .debug_abbrev  0x00000813      0x14c ./Core/Src/system_stm32h7xx.o
 .debug_abbrev  0x0000095f       0x24 ./Core/Startup/startup_stm32h743zitx.o
 .debug_abbrev  0x00000983      0x278 ./Drivers/STM32H7xx_HAL_Driver/Src/stm32h7xx_hal.o
 .debug_abbrev  0x00000bfb      0x2b1 ./Drivers/STM32H7xx_HAL_Driver/Src/stm32h7xx_hal_adc.o
 .debug_abbrev  0x00000eac      0x355 ./Drivers/STM32H7xx_HAL_Driver/Src/stm32h7xx_hal_cortex.o
 .debug_abbrev  0x00001201      0x21b ./Drivers/STM32H7xx_HAL_Driver/Src/stm32h7xx_hal_gpio.o
 .debug_abbrev  0x0000141c      0x2c3 ./Drivers/STM32H7xx_HAL_Driver/Src/stm32h7xx_hal_pwr_ex.o
 .debug_abbrev  0x000016df      0x2dd ./Drivers/STM32H7xx_HAL_Driver/Src/stm32h7xx_hal_rcc.o
 .debug_abbrev  0x000019bc      0x285 ./Drivers/STM32H7xx_HAL_Driver/Src/stm32h7xx_hal_rcc_ex.o
 .debug_abbrev  0x00001c41      0x273 ./Drivers/STM32H7xx_HAL_Driver/Src/stm32h7xx_hal_tim.o
 .debug_abbrev  0x00001eb4      0x27d ./Drivers/STM32H7xx_HAL_Driver/Src/stm32h7xx_hal_tim_ex.o
 .debug_abbrev  0x00002131      0x33d ./Drivers/STM32H7xx_HAL_Driver/Src/stm32h7xx_hal_uart.o
 .debug_abbrev  0x0000246e      0x2e8 ./Drivers/STM32H7xx_HAL_Driver/Src/stm32h7xx_hal_uart_ex.o

.debug_aranges  0x00000000     0x1238
 .debug_aranges
                0x00000000       0x28 ./Core/Src/Custom_ADC.o
 .debug_aranges
                0x00000028       0x28 ./Core/Src/Custom_USART.o
 .debug_aranges
                0x00000050       0x58 ./Core/Src/main.o
 .debug_aranges
                0x000000a8       0x50 ./Core/Src/stm32h7xx_hal_msp.o
 .debug_aranges
                0x000000f8       0x70 ./Core/Src/stm32h7xx_it.o
 .debug_aranges
                0x00000168       0x28 ./Core/Src/system_stm32h7xx.o
 .debug_aranges
                0x00000190       0x28 ./Core/Startup/startup_stm32h743zitx.o
 .debug_aranges
                0x000001b8      0x198 ./Drivers/STM32H7xx_HAL_Driver/Src/stm32h7xx_hal.o
 .debug_aranges
                0x00000350      0x230 ./Drivers/STM32H7xx_HAL_Driver/Src/stm32h7xx_hal_adc.o
 .debug_aranges
                0x00000580      0x130 ./Drivers/STM32H7xx_HAL_Driver/Src/stm32h7xx_hal_cortex.o
 .debug_aranges
                0x000006b0       0x58 ./Drivers/STM32H7xx_HAL_Driver/Src/stm32h7xx_hal_gpio.o
 .debug_aranges
                0x00000708      0x158 ./Drivers/STM32H7xx_HAL_Driver/Src/stm32h7xx_hal_pwr_ex.o
 .debug_aranges
                0x00000860       0x88 ./Drivers/STM32H7xx_HAL_Driver/Src/stm32h7xx_hal_rcc.o
 .debug_aranges
                0x000008e8       0xf8 ./Drivers/STM32H7xx_HAL_Driver/Src/stm32h7xx_hal_rcc_ex.o
 .debug_aranges
                0x000009e0      0x3e0 ./Drivers/STM32H7xx_HAL_Driver/Src/stm32h7xx_hal_tim.o
 .debug_aranges
                0x00000dc0      0x188 ./Drivers/STM32H7xx_HAL_Driver/Src/stm32h7xx_hal_tim_ex.o
 .debug_aranges
                0x00000f48      0x248 ./Drivers/STM32H7xx_HAL_Driver/Src/stm32h7xx_hal_uart.o
 .debug_aranges
                0x00001190       0xa8 ./Drivers/STM32H7xx_HAL_Driver/Src/stm32h7xx_hal_uart_ex.o

.debug_rnglists
                0x00000000      0xe56
 .debug_rnglists
                0x00000000       0x1a ./Core/Src/Custom_ADC.o
 .debug_rnglists
                0x0000001a       0x1a ./Core/Src/Custom_USART.o
 .debug_rnglists
                0x00000034       0x41 ./Core/Src/main.o
 .debug_rnglists
                0x00000075       0x39 ./Core/Src/stm32h7xx_hal_msp.o
 .debug_rnglists
                0x000000ae       0x4f ./Core/Src/stm32h7xx_it.o
 .debug_rnglists
                0x000000fd       0x1b ./Core/Src/system_stm32h7xx.o
 .debug_rnglists
                0x00000118       0x19 ./Core/Startup/startup_stm32h743zitx.o
 .debug_rnglists
                0x00000131      0x133 ./Drivers/STM32H7xx_HAL_Driver/Src/stm32h7xx_hal.o
 .debug_rnglists
                0x00000264      0x1b1 ./Drivers/STM32H7xx_HAL_Driver/Src/stm32h7xx_hal_adc.o
 .debug_rnglists
                0x00000415       0xe2 ./Drivers/STM32H7xx_HAL_Driver/Src/stm32h7xx_hal_cortex.o
 .debug_rnglists
                0x000004f7       0x40 ./Drivers/STM32H7xx_HAL_Driver/Src/stm32h7xx_hal_gpio.o
 .debug_rnglists
                0x00000537      0x105 ./Drivers/STM32H7xx_HAL_Driver/Src/stm32h7xx_hal_pwr_ex.o
 .debug_rnglists
                0x0000063c       0x68 ./Drivers/STM32H7xx_HAL_Driver/Src/stm32h7xx_hal_rcc.o
 .debug_rnglists
                0x000006a4       0xc0 ./Drivers/STM32H7xx_HAL_Driver/Src/stm32h7xx_hal_rcc_ex.o
 .debug_rnglists
                0x00000764      0x32f ./Drivers/STM32H7xx_HAL_Driver/Src/stm32h7xx_hal_tim.o
 .debug_rnglists
                0x00000a93      0x144 ./Drivers/STM32H7xx_HAL_Driver/Src/stm32h7xx_hal_tim_ex.o
 .debug_rnglists
                0x00000bd7      0x1fc ./Drivers/STM32H7xx_HAL_Driver/Src/stm32h7xx_hal_uart.o
 .debug_rnglists
                0x00000dd3       0x83 ./Drivers/STM32H7xx_HAL_Driver/Src/stm32h7xx_hal_uart_ex.o

.debug_macro    0x00000000    0x389e7
 .debug_macro   0x00000000       0xcc ./Core/Src/Custom_ADC.o
 .debug_macro   0x000000cc      0xacc ./Core/Src/Custom_ADC.o
 .debug_macro   0x00000b98       0x22 ./Core/Src/Custom_ADC.o
 .debug_macro   0x00000bba       0x8e ./Core/Src/Custom_ADC.o
 .debug_macro   0x00000c48       0x51 ./Core/Src/Custom_ADC.o
 .debug_macro   0x00000c99      0x103 ./Core/Src/Custom_ADC.o
 .debug_macro   0x00000d9c       0x6a ./Core/Src/Custom_ADC.o
 .debug_macro   0x00000e06      0x1df ./Core/Src/Custom_ADC.o
 .debug_macro   0x00000fe5       0x3b ./Core/Src/Custom_ADC.o
 .debug_macro   0x00001020       0x1c ./Core/Src/Custom_ADC.o
 .debug_macro   0x0000103c       0x22 ./Core/Src/Custom_ADC.o
 .debug_macro   0x0000105e       0xfb ./Core/Src/Custom_ADC.o
 .debug_macro   0x00001159     0x1305 ./Core/Src/Custom_ADC.o
 .debug_macro   0x0000245e      0x11f ./Core/Src/Custom_ADC.o
 .debug_macro   0x0000257d       0x27 ./Core/Src/Custom_ADC.o
 .debug_macro   0x000025a4    0x258f9 ./Core/Src/Custom_ADC.o
 .debug_macro   0x00027e9d       0x16 ./Core/Src/Custom_ADC.o
 .debug_macro   0x00027eb3       0xd0 ./Core/Src/Custom_USART.o
 .debug_macro   0x00027f83       0x1c ./Core/Src/Custom_USART.o
 .debug_macro   0x00027f9f      0x2fa ./Core/Src/main.o
 .debug_macro   0x00028299      0x245 ./Core/Src/main.o
 .debug_macro   0x000284de       0x2e ./Core/Src/main.o
 .debug_macro   0x0002850c       0x6d ./Core/Src/main.o
 .debug_macro   0x00028579     0x3d79 ./Core/Src/main.o
 .debug_macro   0x0002c2f2      0x189 ./Core/Src/main.o
 .debug_macro   0x0002c47b       0x61 ./Core/Src/main.o
 .debug_macro   0x0002c4dc       0x29 ./Core/Src/main.o
 .debug_macro   0x0002c505       0x43 ./Core/Src/main.o
 .debug_macro   0x0002c548       0x34 ./Core/Src/main.o
 .debug_macro   0x0002c57c       0x16 ./Core/Src/main.o
 .debug_macro   0x0002c592       0x43 ./Core/Src/main.o
 .debug_macro   0x0002c5d5       0x34 ./Core/Src/main.o
 .debug_macro   0x0002c609       0x10 ./Core/Src/main.o
 .debug_macro   0x0002c619       0x58 ./Core/Src/main.o
 .debug_macro   0x0002c671       0x8e ./Core/Src/main.o
 .debug_macro   0x0002c6ff       0x1c ./Core/Src/main.o
 .debug_macro   0x0002c71b      0x177 ./Core/Src/main.o
 .debug_macro   0x0002c892      0x369 ./Core/Src/main.o
 .debug_macro   0x0002cbfb      0x19b ./Core/Src/main.o
 .debug_macro   0x0002cd96       0x5d ./Core/Src/main.o
 .debug_macro   0x0002cdf3     0x2382 ./Core/Src/main.o
 .debug_macro   0x0002f175     0x102c ./Core/Src/main.o
 .debug_macro   0x000301a1      0x154 ./Core/Src/main.o
 .debug_macro   0x000302f5      0x114 ./Core/Src/main.o
 .debug_macro   0x00030409      0x3b6 ./Core/Src/main.o
 .debug_macro   0x000307bf       0xac ./Core/Src/main.o
 .debug_macro   0x0003086b      0x72d ./Core/Src/main.o
 .debug_macro   0x00030f98      0x228 ./Core/Src/main.o
 .debug_macro   0x000311c0       0x66 ./Core/Src/main.o
 .debug_macro   0x00031226      0x3bb ./Core/Src/main.o
 .debug_macro   0x000315e1      0x3e4 ./Core/Src/main.o
 .debug_macro   0x000319c5      0x275 ./Core/Src/main.o
 .debug_macro   0x00031c3a     0x1044 ./Core/Src/main.o
 .debug_macro   0x00032c7e      0x6cc ./Core/Src/main.o
 .debug_macro   0x0003334a      0x36e ./Core/Src/main.o
 .debug_macro   0x000336b8      0x3ca ./Core/Src/main.o
 .debug_macro   0x00033a82      0x408 ./Core/Src/main.o
 .debug_macro   0x00033e8a       0x51 ./Core/Src/main.o
 .debug_macro   0x00033edb       0x4a ./Core/Src/main.o
 .debug_macro   0x00033f25      0x22c ./Core/Src/main.o
 .debug_macro   0x00034151       0x67 ./Core/Src/main.o
 .debug_macro   0x000341b8       0xa5 ./Core/Src/main.o
 .debug_macro   0x0003425d      0x1c4 ./Core/Src/main.o
 .debug_macro   0x00034421      0x25e ./Core/Src/main.o
 .debug_macro   0x0003467f       0x35 ./Core/Src/main.o
 .debug_macro   0x000346b4      0xafa ./Core/Src/main.o
 .debug_macro   0x000351ae      0x29f ./Core/Src/main.o
 .debug_macro   0x0003544d      0x693 ./Core/Src/main.o
 .debug_macro   0x00035ae0       0xa6 ./Core/Src/main.o
 .debug_macro   0x00035b86      0x5a0 ./Core/Src/main.o
 .debug_macro   0x00036126       0x64 ./Core/Src/main.o
 .debug_macro   0x0003618a      0x2d9 ./Core/Src/stm32h7xx_hal_msp.o
 .debug_macro   0x00036463      0x304 ./Core/Src/stm32h7xx_it.o
 .debug_macro   0x00036767      0x2ca ./Core/Src/system_stm32h7xx.o
 .debug_macro   0x00036a31      0x2f4 ./Drivers/STM32H7xx_HAL_Driver/Src/stm32h7xx_hal.o
 .debug_macro   0x00036d25      0x2ee ./Drivers/STM32H7xx_HAL_Driver/Src/stm32h7xx_hal_adc.o
 .debug_macro   0x00037013      0x2ca ./Drivers/STM32H7xx_HAL_Driver/Src/stm32h7xx_hal_cortex.o
 .debug_macro   0x000372dd      0x2d1 ./Drivers/STM32H7xx_HAL_Driver/Src/stm32h7xx_hal_gpio.o
 .debug_macro   0x000375ae      0x303 ./Drivers/STM32H7xx_HAL_Driver/Src/stm32h7xx_hal_pwr_ex.o
 .debug_macro   0x000378b1      0x2ee ./Drivers/STM32H7xx_HAL_Driver/Src/stm32h7xx_hal_rcc.o
 .debug_macro   0x00037b9f      0x2e8 ./Drivers/STM32H7xx_HAL_Driver/Src/stm32h7xx_hal_rcc_ex.o
 .debug_macro   0x00037e87      0x2cb ./Drivers/STM32H7xx_HAL_Driver/Src/stm32h7xx_hal_tim.o
 .debug_macro   0x00038152      0x2ca ./Drivers/STM32H7xx_HAL_Driver/Src/stm32h7xx_hal_tim_ex.o
 .debug_macro   0x0003841c      0x2f5 ./Drivers/STM32H7xx_HAL_Driver/Src/stm32h7xx_hal_uart.o
 .debug_macro   0x00038711      0x2d6 ./Drivers/STM32H7xx_HAL_Driver/Src/stm32h7xx_hal_uart_ex.o

.debug_line     0x00000000    0x1cb85
 .debug_line    0x00000000      0x5c6 ./Core/Src/Custom_ADC.o
 .debug_line    0x000005c6      0x654 ./Core/Src/Custom_USART.o
 .debug_line    0x00000c1a      0xbca ./Core/Src/main.o
 .debug_line    0x000017e4      0xa26 ./Core/Src/stm32h7xx_hal_msp.o
 .debug_line    0x0000220a      0xa40 ./Core/Src/stm32h7xx_it.o
 .debug_line    0x00002c4a      0xae7 ./Core/Src/system_stm32h7xx.o
 .debug_line    0x00003731       0x7a ./Core/Startup/startup_stm32h743zitx.o
 .debug_line    0x000037ab     0x149d ./Drivers/STM32H7xx_HAL_Driver/Src/stm32h7xx_hal.o
 .debug_line    0x00004c48     0x2aff ./Drivers/STM32H7xx_HAL_Driver/Src/stm32h7xx_hal_adc.o
 .debug_line    0x00007747     0x11a0 ./Drivers/STM32H7xx_HAL_Driver/Src/stm32h7xx_hal_cortex.o
 .debug_line    0x000088e7      0xf6c ./Drivers/STM32H7xx_HAL_Driver/Src/stm32h7xx_hal_gpio.o
 .debug_line    0x00009853     0x11f9 ./Drivers/STM32H7xx_HAL_Driver/Src/stm32h7xx_hal_pwr_ex.o
 .debug_line    0x0000aa4c     0x187a ./Drivers/STM32H7xx_HAL_Driver/Src/stm32h7xx_hal_rcc.o
 .debug_line    0x0000c2c6     0x210d ./Drivers/STM32H7xx_HAL_Driver/Src/stm32h7xx_hal_rcc_ex.o
 .debug_line    0x0000e3d3     0x6a36 ./Drivers/STM32H7xx_HAL_Driver/Src/stm32h7xx_hal_tim.o
 .debug_line    0x00014e09     0x2a27 ./Drivers/STM32H7xx_HAL_Driver/Src/stm32h7xx_hal_tim_ex.o
 .debug_line    0x00017830     0x4242 ./Drivers/STM32H7xx_HAL_Driver/Src/stm32h7xx_hal_uart.o
 .debug_line    0x0001ba72     0x1113 ./Drivers/STM32H7xx_HAL_Driver/Src/stm32h7xx_hal_uart_ex.o

.debug_str      0x00000000   0x175cdd
 .debug_str     0x00000000    0xe592f ./Core/Src/Custom_ADC.o
                              0xe5bb4 (size before relaxing)
 .debug_str     0x000e592f       0x90 ./Core/Src/Custom_USART.o
                              0xe5aed (size before relaxing)
 .debug_str     0x000e59bf    0x8ac15 ./Core/Src/main.o
                             0x170d35 (size before relaxing)
 .debug_str     0x001705d4      0xbdb ./Core/Src/stm32h7xx_hal_msp.o
                             0x17145a (size before relaxing)
 .debug_str     0x001711af       0xeb ./Core/Src/stm32h7xx_it.o
                             0x16faff (size before relaxing)
 .debug_str     0x0017129a      0x33a ./Core/Src/system_stm32h7xx.o
                             0x16fd87 (size before relaxing)
 .debug_str     0x001715d4       0x44 ./Core/Startup/startup_stm32h743zitx.o
                                 0xa0 (size before relaxing)
 .debug_str     0x00171618      0x7f9 ./Drivers/STM32H7xx_HAL_Driver/Src/stm32h7xx_hal.o
                             0x170cab (size before relaxing)
 .debug_str     0x00171e11      0xb35 ./Drivers/STM32H7xx_HAL_Driver/Src/stm32h7xx_hal_adc.o
                             0x170b49 (size before relaxing)
 .debug_str     0x00172946      0x364 ./Drivers/STM32H7xx_HAL_Driver/Src/stm32h7xx_hal_cortex.o
                             0x1706fa (size before relaxing)
 .debug_str     0x00172caa       0xec ./Drivers/STM32H7xx_HAL_Driver/Src/stm32h7xx_hal_gpio.o
                             0x16fd5e (size before relaxing)
 .debug_str     0x00172d96      0x624 ./Drivers/STM32H7xx_HAL_Driver/Src/stm32h7xx_hal_pwr_ex.o
                             0x17020d (size before relaxing)
 .debug_str     0x001733ba      0x21a ./Drivers/STM32H7xx_HAL_Driver/Src/stm32h7xx_hal_rcc.o
                             0x170130 (size before relaxing)
 .debug_str     0x001735d4      0x630 ./Drivers/STM32H7xx_HAL_Driver/Src/stm32h7xx_hal_rcc_ex.o
                             0x170611 (size before relaxing)
 .debug_str     0x00173c04      0xea8 ./Drivers/STM32H7xx_HAL_Driver/Src/stm32h7xx_hal_tim.o
                             0x170ee1 (size before relaxing)
 .debug_str     0x00174aac      0x587 ./Drivers/STM32H7xx_HAL_Driver/Src/stm32h7xx_hal_tim_ex.o
                             0x170809 (size before relaxing)
 .debug_str     0x00175033      0xa44 ./Drivers/STM32H7xx_HAL_Driver/Src/stm32h7xx_hal_uart.o
                             0x170c71 (size before relaxing)
 .debug_str     0x00175a77      0x266 ./Drivers/STM32H7xx_HAL_Driver/Src/stm32h7xx_hal_uart_ex.o
                             0x170231 (size before relaxing)

.comment        0x00000000       0x43
 .comment       0x00000000       0x43 ./Core/Src/Custom_ADC.o
                                 0x44 (size before relaxing)
 .comment       0x00000043       0x44 ./Core/Src/Custom_USART.o
 .comment       0x00000043       0x44 ./Core/Src/main.o
 .comment       0x00000043       0x44 ./Core/Src/stm32h7xx_hal_msp.o
 .comment       0x00000043       0x44 ./Core/Src/stm32h7xx_it.o
 .comment       0x00000043       0x44 ./Core/Src/system_stm32h7xx.o
 .comment       0x00000043       0x44 ./Drivers/STM32H7xx_HAL_Driver/Src/stm32h7xx_hal.o
 .comment       0x00000043       0x44 ./Drivers/STM32H7xx_HAL_Driver/Src/stm32h7xx_hal_adc.o
 .comment       0x00000043       0x44 ./Drivers/STM32H7xx_HAL_Driver/Src/stm32h7xx_hal_cortex.o
 .comment       0x00000043       0x44 ./Drivers/STM32H7xx_HAL_Driver/Src/stm32h7xx_hal_gpio.o
 .comment       0x00000043       0x44 ./Drivers/STM32H7xx_HAL_Driver/Src/stm32h7xx_hal_pwr_ex.o
 .comment       0x00000043       0x44 ./Drivers/STM32H7xx_HAL_Driver/Src/stm32h7xx_hal_rcc.o
 .comment       0x00000043       0x44 ./Drivers/STM32H7xx_HAL_Driver/Src/stm32h7xx_hal_rcc_ex.o
 .comment       0x00000043       0x44 ./Drivers/STM32H7xx_HAL_Driver/Src/stm32h7xx_hal_tim.o
 .comment       0x00000043       0x44 ./Drivers/STM32H7xx_HAL_Driver/Src/stm32h7xx_hal_tim_ex.o
 .comment       0x00000043       0x44 ./Drivers/STM32H7xx_HAL_Driver/Src/stm32h7xx_hal_uart.o
 .comment       0x00000043       0x44 ./Drivers/STM32H7xx_HAL_Driver/Src/stm32h7xx_hal_uart_ex.o

.debug_frame    0x00000000     0x4da4
 .debug_frame   0x00000000       0x50 ./Core/Src/Custom_ADC.o
 .debug_frame   0x00000050       0x58 ./Core/Src/Custom_USART.o
 .debug_frame   0x000000a8      0x120 ./Core/Src/main.o
 .debug_frame   0x000001c8      0x120 ./Core/Src/stm32h7xx_hal_msp.o
 .debug_frame   0x000002e8      0x13c ./Core/Src/stm32h7xx_it.o
 .debug_frame   0x00000424       0x58 ./Core/Src/system_stm32h7xx.o
 .debug_frame   0x0000047c      0x660 ./Drivers/STM32H7xx_HAL_Driver/Src/stm32h7xx_hal.o
 .debug_frame   0x00000adc      0xa44 ./Drivers/STM32H7xx_HAL_Driver/Src/stm32h7xx_hal_adc.o
 .debug_frame   0x00001520      0x4fc ./Drivers/STM32H7xx_HAL_Driver/Src/stm32h7xx_hal_cortex.o
 .debug_frame   0x00001a1c      0x13c ./Drivers/STM32H7xx_HAL_Driver/Src/stm32h7xx_hal_gpio.o
 .debug_frame   0x00001b58      0x55c ./Drivers/STM32H7xx_HAL_Driver/Src/stm32h7xx_hal_pwr_ex.o
 .debug_frame   0x000020b4      0x1f8 ./Drivers/STM32H7xx_HAL_Driver/Src/stm32h7xx_hal_rcc.o
 .debug_frame   0x000022ac      0x40c ./Drivers/STM32H7xx_HAL_Driver/Src/stm32h7xx_hal_rcc_ex.o
 .debug_frame   0x000026b8     0x1230 ./Drivers/STM32H7xx_HAL_Driver/Src/stm32h7xx_hal_tim.o
 .debug_frame   0x000038e8      0x6cc ./Drivers/STM32H7xx_HAL_Driver/Src/stm32h7xx_hal_tim_ex.o
 .debug_frame   0x00003fb4      0xa8c ./Drivers/STM32H7xx_HAL_Driver/Src/stm32h7xx_hal_uart.o
 .debug_frame   0x00004a40      0x2b8 ./Drivers/STM32H7xx_HAL_Driver/Src/stm32h7xx_hal_uart_ex.o
 .debug_frame   0x00004cf8       0x20 C:/ST/STM32CubeIDE_1.16.1/STM32CubeIDE/plugins/com.st.stm32cube.ide.mcu.externaltools.gnu-tools-for-stm32.12.3.rel1.win32_1.0.200.202406191623/tools/bin/../lib/gcc/arm-none-eabi/12.3.1/../../../../arm-none-eabi/lib/thumb/v7e-m+dp/hard\libc_nano.a(libc_a-memset.o)
 .debug_frame   0x00004d18       0x2c C:/ST/STM32CubeIDE_1.16.1/STM32CubeIDE/plugins/com.st.stm32cube.ide.mcu.externaltools.gnu-tools-for-stm32.12.3.rel1.win32_1.0.200.202406191623/tools/bin/../lib/gcc/arm-none-eabi/12.3.1/../../../../arm-none-eabi/lib/thumb/v7e-m+dp/hard\libc_nano.a(libc_a-init.o)
 .debug_frame   0x00004d44       0x2c C:/ST/STM32CubeIDE_1.16.1/STM32CubeIDE/plugins/com.st.stm32cube.ide.mcu.externaltools.gnu-tools-for-stm32.12.3.rel1.win32_1.0.200.202406191623/tools/bin/../lib/gcc/arm-none-eabi/12.3.1/thumb/v7e-m+dp/hard\libgcc.a(_aeabi_uldivmod.o)
 .debug_frame   0x00004d70       0x34 C:/ST/STM32CubeIDE_1.16.1/STM32CubeIDE/plugins/com.st.stm32cube.ide.mcu.externaltools.gnu-tools-for-stm32.12.3.rel1.win32_1.0.200.202406191623/tools/bin/../lib/gcc/arm-none-eabi/12.3.1/thumb/v7e-m+dp/hard\libgcc.a(_udivmoddi4.o)

.debug_line_str
                0x00000000       0x84
 .debug_line_str
                0x00000000       0x84 ./Core/Startup/startup_stm32h743zitx.o
