Archive member included to satisfy reference by file (symbol)

C:/ST/STM32CubeIDE_1.16.1/STM32CubeIDE/plugins/com.st.stm32cube.ide.mcu.externaltools.gnu-tools-for-stm32.12.3.rel1.win32_1.0.200.202406191623/tools/bin/../lib/gcc/arm-none-eabi/12.3.1/../../../../arm-none-eabi/lib/thumb/v7e-m+dp/hard\libc_nano.a(libc_a-exit.o)
                              C:/ST/STM32CubeIDE_1.16.1/STM32CubeIDE/plugins/com.st.stm32cube.ide.mcu.externaltools.gnu-tools-for-stm32.12.3.rel1.win32_1.0.200.202406191623/tools/bin/../lib/gcc/arm-none-eabi/12.3.1/../../../../arm-none-eabi/lib/thumb/v7e-m+dp/hard/crt0.o (exit)
C:/ST/STM32CubeIDE_1.16.1/STM32CubeIDE/plugins/com.st.stm32cube.ide.mcu.externaltools.gnu-tools-for-stm32.12.3.rel1.win32_1.0.200.202406191623/tools/bin/../lib/gcc/arm-none-eabi/12.3.1/../../../../arm-none-eabi/lib/thumb/v7e-m+dp/hard\libc_nano.a(libc_a-findfp.o)
                              C:/ST/STM32CubeIDE_1.16.1/STM32CubeIDE/plugins/com.st.stm32cube.ide.mcu.externaltools.gnu-tools-for-stm32.12.3.rel1.win32_1.0.200.202406191623/tools/bin/../lib/gcc/arm-none-eabi/12.3.1/../../../../arm-none-eabi/lib/thumb/v7e-m+dp/hard\libc_nano.a(libc_a-exit.o) (__stdio_exit_handler)
C:/ST/STM32CubeIDE_1.16.1/STM32CubeIDE/plugins/com.st.stm32cube.ide.mcu.externaltools.gnu-tools-for-stm32.12.3.rel1.win32_1.0.200.202406191623/tools/bin/../lib/gcc/arm-none-eabi/12.3.1/../../../../arm-none-eabi/lib/thumb/v7e-m+dp/hard\libc_nano.a(libc_a-fwalk.o)
                              C:/ST/STM32CubeIDE_1.16.1/STM32CubeIDE/plugins/com.st.stm32cube.ide.mcu.externaltools.gnu-tools-for-stm32.12.3.rel1.win32_1.0.200.202406191623/tools/bin/../lib/gcc/arm-none-eabi/12.3.1/../../../../arm-none-eabi/lib/thumb/v7e-m+dp/hard\libc_nano.a(libc_a-findfp.o) (_fwalk_sglue)
C:/ST/STM32CubeIDE_1.16.1/STM32CubeIDE/plugins/com.st.stm32cube.ide.mcu.externaltools.gnu-tools-for-stm32.12.3.rel1.win32_1.0.200.202406191623/tools/bin/../lib/gcc/arm-none-eabi/12.3.1/../../../../arm-none-eabi/lib/thumb/v7e-m+dp/hard\libc_nano.a(libc_a-stdio.o)
                              C:/ST/STM32CubeIDE_1.16.1/STM32CubeIDE/plugins/com.st.stm32cube.ide.mcu.externaltools.gnu-tools-for-stm32.12.3.rel1.win32_1.0.200.202406191623/tools/bin/../lib/gcc/arm-none-eabi/12.3.1/../../../../arm-none-eabi/lib/thumb/v7e-m+dp/hard\libc_nano.a(libc_a-findfp.o) (__sread)
C:/ST/STM32CubeIDE_1.16.1/STM32CubeIDE/plugins/com.st.stm32cube.ide.mcu.externaltools.gnu-tools-for-stm32.12.3.rel1.win32_1.0.200.202406191623/tools/bin/../lib/gcc/arm-none-eabi/12.3.1/../../../../arm-none-eabi/lib/thumb/v7e-m+dp/hard\libc_nano.a(libc_a-memset.o)
                              C:/ST/STM32CubeIDE_1.16.1/STM32CubeIDE/plugins/com.st.stm32cube.ide.mcu.externaltools.gnu-tools-for-stm32.12.3.rel1.win32_1.0.200.202406191623/tools/bin/../lib/gcc/arm-none-eabi/12.3.1/../../../../arm-none-eabi/lib/thumb/v7e-m+dp/hard/crt0.o (memset)
C:/ST/STM32CubeIDE_1.16.1/STM32CubeIDE/plugins/com.st.stm32cube.ide.mcu.externaltools.gnu-tools-for-stm32.12.3.rel1.win32_1.0.200.202406191623/tools/bin/../lib/gcc/arm-none-eabi/12.3.1/../../../../arm-none-eabi/lib/thumb/v7e-m+dp/hard\libc_nano.a(libc_a-closer.o)
                              C:/ST/STM32CubeIDE_1.16.1/STM32CubeIDE/plugins/com.st.stm32cube.ide.mcu.externaltools.gnu-tools-for-stm32.12.3.rel1.win32_1.0.200.202406191623/tools/bin/../lib/gcc/arm-none-eabi/12.3.1/../../../../arm-none-eabi/lib/thumb/v7e-m+dp/hard\libc_nano.a(libc_a-stdio.o) (_close_r)
C:/ST/STM32CubeIDE_1.16.1/STM32CubeIDE/plugins/com.st.stm32cube.ide.mcu.externaltools.gnu-tools-for-stm32.12.3.rel1.win32_1.0.200.202406191623/tools/bin/../lib/gcc/arm-none-eabi/12.3.1/../../../../arm-none-eabi/lib/thumb/v7e-m+dp/hard\libc_nano.a(libc_a-reent.o)
                              C:/ST/STM32CubeIDE_1.16.1/STM32CubeIDE/plugins/com.st.stm32cube.ide.mcu.externaltools.gnu-tools-for-stm32.12.3.rel1.win32_1.0.200.202406191623/tools/bin/../lib/gcc/arm-none-eabi/12.3.1/../../../../arm-none-eabi/lib/thumb/v7e-m+dp/hard\libc_nano.a(libc_a-closer.o) (errno)
C:/ST/STM32CubeIDE_1.16.1/STM32CubeIDE/plugins/com.st.stm32cube.ide.mcu.externaltools.gnu-tools-for-stm32.12.3.rel1.win32_1.0.200.202406191623/tools/bin/../lib/gcc/arm-none-eabi/12.3.1/../../../../arm-none-eabi/lib/thumb/v7e-m+dp/hard\libc_nano.a(libc_a-impure.o)
                              C:/ST/STM32CubeIDE_1.16.1/STM32CubeIDE/plugins/com.st.stm32cube.ide.mcu.externaltools.gnu-tools-for-stm32.12.3.rel1.win32_1.0.200.202406191623/tools/bin/../lib/gcc/arm-none-eabi/12.3.1/../../../../arm-none-eabi/lib/thumb/v7e-m+dp/hard\libc_nano.a(libc_a-reent.o) (_impure_ptr)
C:/ST/STM32CubeIDE_1.16.1/STM32CubeIDE/plugins/com.st.stm32cube.ide.mcu.externaltools.gnu-tools-for-stm32.12.3.rel1.win32_1.0.200.202406191623/tools/bin/../lib/gcc/arm-none-eabi/12.3.1/../../../../arm-none-eabi/lib/thumb/v7e-m+dp/hard\libc_nano.a(libc_a-lseekr.o)
[...]
Memory Configuration

Name             Origin             Length             Attributes
FLASH            0x08000000         0x00200000         xr
DTCMRAM          0x20000000         0x00020000         xrw
RAM_D1           0x24000000         0x00080000         xrw
RAM_D2           0x30000000         0x00048000         xrw
RAM_D3           0x38000000         0x00010000         xrw
ITCMRAM          0x00000000         0x00010000         xrw
*default*        0x00000000         0xffffffff

Linker script and memory map

LOAD C:/ST/STM32CubeIDE_1.16.1/STM32CubeIDE/plugins/com.st.stm32cube.ide.mcu.externaltools.gnu-tools-for-stm32.12.3.rel1.win32_1.0.200.202406191623/tools/bin/../lib/gcc/arm-none-eabi/12.3.1/thumb/v7e-m+dp/hard/crti.o
LOAD C:/ST/STM32CubeIDE_1.16.1/STM32CubeIDE/plugins/com.st.stm32cube.ide.mcu.externaltools.gnu-tools-for-stm32.12.3.rel1.win32_1.0.200.202406191623/tools/bin/../lib/gcc/arm-none-eabi/12.3.1/thumb/v7e-m+dp/hard/crtbegin.o
LOAD C:/ST/STM32CubeIDE_1.16.1/STM32CubeIDE/plugins/com.st.stm32cube.ide.mcu.externaltools.gnu-tools-for-stm32.12.3.rel1.win32_1.0.200.202406191623/tools/bin/../lib/gcc/arm-none-eabi/12.3.1/../../../../arm-none-eabi/lib/thumb/v7e-m+dp/hard/crt0.o
LOAD ./Core/Src/Custom_ADC.o
LOAD ./Core/Src/Custom_dma.o
LOAD ./Core/Src/Custom_usart.o
LOAD ./Core/Src/main.o
LOAD ./Core/Src/stm32h7xx_hal_msp.o
LOAD ./Core/Src/stm32h7xx_it.o
LOAD ./Core/Src/syscalls.o
LOAD ./Core/Src/sysmem.o
LOAD ./Core/Src/system_stm32h7xx.o
LOAD ./Core/Startup/startup_stm32h743zitx.o
LOAD ./Drivers/STM32H7xx_HAL_Driver/Src/stm32h7xx_hal.o
LOAD ./Drivers/STM32H7xx_HAL_Driver/Src/stm32h7xx_hal_adc.o
LOAD ./Drivers/STM32H7xx_HAL_Driver/Src/stm32h7xx_hal_adc_ex.o
LOAD ./Drivers/STM32H7xx_HAL_Driver/Src/stm32h7xx_hal_cortex.o
LOAD ./Drivers/STM32H7xx_HAL_Driver/Src/stm32h7xx_hal_dma.o
LOAD ./Drivers/STM32H7xx_HAL_Driver/Src/stm32h7xx_hal_dma_ex.o
LOAD ./Drivers/STM32H7xx_HAL_Driver/Src/stm32h7xx_hal_exti.o
LOAD ./Drivers/STM32H7xx_HAL_Driver/Src/stm32h7xx_hal_flash.o
LOAD ./Drivers/STM32H7xx_HAL_Driver/Src/stm32h7xx_hal_flash_ex.o
LOAD ./Drivers/STM32H7xx_HAL_Driver/Src/stm32h7xx_hal_gpio.o
LOAD ./Drivers/STM32H7xx_HAL_Driver/Src/stm32h7xx_hal_hsem.o
LOAD ./Drivers/STM32H7xx_HAL_Driver/Src/stm32h7xx_hal_i2c.o
LOAD ./Drivers/STM32H7xx_HAL_Driver/Src/stm32h7xx_hal_i2c_ex.o
LOAD ./Drivers/STM32H7xx_HAL_Driver/Src/stm32h7xx_hal_mdma.o
LOAD ./Drivers/STM32H7xx_HAL_Driver/Src/stm32h7xx_hal_pwr.o
LOAD ./Drivers/STM32H7xx_HAL_Driver/Src/stm32h7xx_hal_pwr_ex.o
LOAD ./Drivers/STM32H7xx_HAL_Driver/Src/stm32h7xx_hal_rcc.o
LOAD ./Drivers/STM32H7xx_HAL_Driver/Src/stm32h7xx_hal_rcc_ex.o
LOAD ./Drivers/STM32H7xx_HAL_Driver/Src/stm32h7xx_hal_tim.o
LOAD ./Drivers/STM32H7xx_HAL_Driver/Src/stm32h7xx_hal_tim_ex.o
LOAD ./Drivers/STM32H7xx_HAL_Driver/Src/stm32h7xx_hal_uart.o
LOAD ./Drivers/STM32H7xx_HAL_Driver/Src/stm32h7xx_hal_uart_ex.o
START GROUP
LOAD C:/ST/STM32CubeIDE_1.16.1/STM32CubeIDE/plugins/com.st.stm32cube.ide.mcu.externaltools.gnu-tools-for-stm32.12.3.rel1.win32_1.0.200.202406191623/tools/bin/../lib/gcc/arm-none-eabi/12.3.1/../../../../arm-none-eabi/lib/thumb/v7e-m+dp/hard\libc_nano.a
LOAD C:/ST/STM32CubeIDE_1.16.1/STM32CubeIDE/plugins/com.st.stm32cube.ide.mcu.externaltools.gnu-tools-for-stm32.12.3.rel1.win32_1.0.200.202406191623/tools/bin/../lib/gcc/arm-none-eabi/12.3.1/../../../../arm-none-eabi/lib/thumb/v7e-m+dp/hard\libm.a
END GROUP
START GROUP
LOAD C:/ST/STM32CubeIDE_1.16.1/STM32CubeIDE/plugins/com.st.stm32cube.ide.mcu.externaltools.gnu-tools-for-stm32.12.3.rel1.win32_1.0.200.202406191623/tools/bin/../lib/gcc/arm-none-eabi/12.3.1/thumb/v7e-m+dp/hard\libgcc.a
LOAD C:/ST/STM32CubeIDE_1.16.1/STM32CubeIDE/plugins/com.st.stm32cube.ide.mcu.externaltools.gnu-tools-for-stm32.12.3.rel1.win32_1.0.200.202406191623/tools/bin/../lib/gcc/arm-none-eabi/12.3.1/../../../../arm-none-eabi/lib/thumb/v7e-m+dp/hard\libc_nano.a
END GROUP
START GROUP
LOAD C:/ST/STM32CubeIDE_1.16.1/STM32CubeIDE/plugins/com.st.stm32cube.ide.mcu.externaltools.gnu-tools-for-stm32.12.3.rel1.win32_1.0.200.202406191623/tools/bin/../lib/gcc/arm-none-eabi/12.3.1/thumb/v7e-m+dp/hard\libgcc.a
LOAD C:/ST/STM32CubeIDE_1.16.1/STM32CubeIDE/plugins/com.st.stm32cube.ide.mcu.externaltools.gnu-tools-for-stm32.12.3.rel1.win32_1.0.200.202406191623/tools/bin/../lib/gcc/arm-none-eabi/12.3.1/../../../../arm-none-eabi/lib/thumb/v7e-m+dp/hard\libc_nano.a
LOAD C:/ST/STM32CubeIDE_1.16.1/STM32CubeIDE/plugins/com.st.stm32cube.ide.mcu.externaltools.gnu-tools-for-stm32.12.3.rel1.win32_1.0.200.202406191623/tools/bin/../lib/gcc/arm-none-eabi/12.3.1/../../../../arm-none-eabi/lib/thumb/v7e-m+dp/hard\libnosys.a
END GROUP
START GROUP
LOAD C:/ST/STM32CubeIDE_1.16.1/STM32CubeIDE/plugins/com.st.stm32cube.ide.mcu.externaltools.gnu-tools-for-stm32.12.3.rel1.win32_1.0.200.202406191623/tools/bin/../lib/gcc/arm-none-eabi/12.3.1/thumb/v7e-m+dp/hard\libgcc.a
LOAD C:/ST/STM32CubeIDE_1.16.1/STM32CubeIDE/plugins/com.st.stm32cube.ide.mcu.externaltools.gnu-tools-for-stm32.12.3.rel1.win32_1.0.200.202406191623/tools/bin/../lib/gcc/arm-none-eabi/12.3.1/../../../../arm-none-eabi/lib/thumb/v7e-m+dp/hard\libc_nano.a
LOAD C:/ST/STM32CubeIDE_1.16.1/STM32CubeIDE/plugins/com.st.stm32cube.ide.mcu.externaltools.gnu-tools-for-stm32.12.3.rel1.win32_1.0.200.202406191623/tools/bin/../lib/gcc/arm-none-eabi/12.3.1/../../../../arm-none-eabi/lib/thumb/v7e-m+dp/hard\libnosys.a
END GROUP
LOAD C:/ST/STM32CubeIDE_1.16.1/STM32CubeIDE/plugins/com.st.stm32cube.ide.mcu.externaltools.gnu-tools-for-stm32.12.3.rel1.win32_1.0.200.202406191623/tools/bin/../lib/gcc/arm-none-eabi/12.3.1/thumb/v7e-m+dp/hard/crtend.o
LOAD C:/ST/STM32CubeIDE_1.16.1/STM32CubeIDE/plugins/com.st.stm32cube.ide.mcu.externaltools.gnu-tools-for-stm32.12.3.rel1.win32_1.0.200.202406191623/tools/bin/../lib/gcc/arm-none-eabi/12.3.1/thumb/v7e-m+dp/hard/crtn.o
                0x24080000                        _estack = (ORIGIN (RAM_D1) + LENGTH (RAM_D1))
                0x00000200                        _Min_Heap_Size = 0x200
                0x00000400                        _Min_Stack_Size = 0x400

.isr_vector     0x08000000      0x298
                0x08000000                        . = ALIGN (0x4)
 *(.isr_vector)
 .isr_vector    0x08000000      0x298 ./Core/Startup/startup_stm32h743zitx.o
                0x08000000                g_pfnVectors
                0x08000298                        . = ALIGN (0x4)

.text           0x08000298     0x82e4
                0x08000298                        . = ALIGN (0x4)
 *(.text)
 .text          0x08000298       0x40 C:/ST/STM32CubeIDE_1.16.1/STM32CubeIDE/plugins/com.st.stm32cube.ide.mcu.externaltools.gnu-tools-for-stm32.12.3.rel1.win32_1.0.200.202406191623/tools/bin/../lib/gcc/arm-none-eabi/12.3.1/thumb/v7e-m+dp/hard/crtbegin.o
 .text          0x080002d8       0x30 C:/ST/STM32CubeIDE_1.16.1/STM32CubeIDE/plugins/com.st.stm32cube.ide.mcu.externaltools.gnu-tools-for-stm32.12.3.rel1.win32_1.0.200.202406191623/tools/bin/../lib/gcc/arm-none-eabi/12.3.1/thumb/v7e-m+dp/hard\libgcc.a(_aeabi_uldivmod.o)
                0x080002d8                __aeabi_uldivmod
 .text          0x08000308      0x2bc C:/ST/STM32CubeIDE_1.16.1/STM32CubeIDE/plugins/com.st.stm32cube.ide.mcu.externaltools.gnu-tools-for-stm32.12.3.rel1.win32_1.0.200.202406191623/tools/bin/../lib/gcc/arm-none-eabi/12.3.1/thumb/v7e-m+dp/hard\libgcc.a(_udivmoddi4.o)
                0x08000308                __udivmoddi4
 .text          0x080005c4        0x4 C:/ST/STM32CubeIDE_1.16.1/STM32CubeIDE/plugins/com.st.stm32cube.ide.mcu.externaltools.gnu-tools-for-stm32.12.3.rel1.win32_1.0.200.202406191623/tools/bin/../lib/gcc/arm-none-eabi/12.3.1/thumb/v7e-m+dp/hard\libgcc.a(_dvmd_tls.o)
                0x080005c4                __aeabi_idiv0
                0x080005c4                __aeabi_ldiv0
 *(.text*)
 .text.ADC_custom_init
                0x080005c8       0xd0 ./Core/Src/Custom_ADC.o
                0x080005c8                ADC_custom_init
 .text.ADC_custom_interrupt
                0x08000698       0xdc ./Core/Src/Custom_ADC.o
                0x08000698                ADC_custom_interrupt
 .text.DMA_custom_init
                0x08000774       0xa0 ./Core/Src/Custom_dma.o
                0x08000774                DMA_custom_init
 .text.DMA_custom_interrupt_tx
                0x08000814       0x98 ./Core/Src/Custom_dma.o
                0x08000814                DMA_custom_interrupt_tx
 .text.DMA_custom_interrupt_rx
                0x080008ac        0xe ./Core/Src/Custom_dma.o
                0x080008ac                DMA_custom_interrupt_rx
 *fill*         0x080008ba        0x2 
 .text.usart3_init
                0x080008bc       0x50 ./Core/Src/Custom_usart.o
                0x080008bc                usart3_init
 .text.usart3_custom_interrupt
                0x0800090c       0x64 ./Core/Src/Custom_usart.o
                0x0800090c                usart3_custom_interrupt
 .text.main     0x08000970       0x30 ./Core/Src/main.o
                0x08000970                main
 .text.SystemClock_Config
                0x080009a0      0x15c ./Core/Src/main.o
                0x080009a0                SystemClock_Config
 .text.MX_ADC3_Init
                0x08000afc       0xe0 ./Core/Src/main.o
 .text.MX_TIM6_Init
                0x08000bdc       0x6c ./Core/Src/main.o
 .text.MX_USART3_UART_Init
                0x08000c48       0x9c ./Core/Src/main.o
 .text.MX_DMA_Init
                0x08000ce4       0x50 ./Core/Src/main.o
 .text.MX_GPIO_Init
                0x08000d34      0x260 ./Core/Src/main.o
 .text.Error_Handler
                0x08000f94        0xc ./Core/Src/main.o
                0x08000f94                Error_Handler
 .text.HAL_MspInit
                0x08000fa0       0x34 ./Core/Src/stm32h7xx_hal_msp.o
                0x08000fa0                HAL_MspInit
 .text.HAL_ADC_MspInit
                0x08000fd4      0x138 ./Core/Src/stm32h7xx_hal_msp.o
                0x08000fd4                HAL_ADC_MspInit
 .text.HAL_TIM_Base_MspInit
                0x0800110c       0x44 ./Core/Src/stm32h7xx_hal_msp.o
                0x0800110c                HAL_TIM_Base_MspInit
 .text.HAL_UART_MspInit
                0x08001150      0x144 ./Core/Src/stm32h7xx_hal_msp.o
                0x08001150                HAL_UART_MspInit
 .text.NMI_Handler
                0x08001294        0x8 ./Core/Src/stm32h7xx_it.o
                0x08001294                NMI_Handler
 .text.HardFault_Handler
                0x0800129c        0x8 ./Core/Src/stm32h7xx_it.o
                0x0800129c                HardFault_Handler
 .text.MemManage_Handler
                0x080012a4        0x8 ./Core/Src/stm32h7xx_it.o
                0x080012a4                MemManage_Handler
 .text.BusFault_Handler
                0x080012ac        0x8 ./Core/Src/stm32h7xx_it.o
                0x080012ac                BusFault_Handler
 .text.UsageFault_Handler
                0x080012b4        0x8 ./Core/Src/stm32h7xx_it.o
                0x080012b4                UsageFault_Handler
 .text.SVC_Handler
                0x080012bc        0xe ./Core/Src/stm32h7xx_it.o
                0x080012bc                SVC_Handler
 .text.DebugMon_Handler
                0x080012ca        0xe ./Core/Src/stm32h7xx_it.o
                0x080012ca                DebugMon_Handler
 .text.PendSV_Handler
                0x080012d8        0xe ./Core/Src/stm32h7xx_it.o
                0x080012d8                PendSV_Handler
 .text.SysTick_Handler
                0x080012e6        0xc ./Core/Src/stm32h7xx_it.o
                0x080012e6                SysTick_Handler
 .text.USART3_IRQHandler
                0x080012f2        0xc ./Core/Src/stm32h7xx_it.o
                0x080012f2                USART3_IRQHandler
 .text.DMA2_Stream0_IRQHandler
                0x080012fe        0xc ./Core/Src/stm32h7xx_it.o
                0x080012fe                DMA2_Stream0_IRQHandler
 .text.DMA2_Stream1_IRQHandler
                0x0800130a        0xc ./Core/Src/stm32h7xx_it.o
                0x0800130a                DMA2_Stream1_IRQHandler
 .text.ADC3_IRQHandler
                0x08001316        0xc ./Core/Src/stm32h7xx_it.o
                0x08001316                ADC3_IRQHandler
 *fill*         0x08001322        0x2 
 .text.SystemInit
                0x08001324      0x110 ./Core/Src/system_stm32h7xx.o
                0x08001324                SystemInit
 .text.Reset_Handler
                0x08001434       0x50 ./Core/Startup/startup_stm32h743zitx.o
                0x08001434                Reset_Handler
 .text.Default_Handler
                0x08001484        0x2 ./Core/Startup/startup_stm32h743zitx.o
                0x08001484                RTC_Alarm_IRQHandler
                0x08001484                EXTI2_IRQHandler
                0x08001484                TIM8_CC_IRQHandler
                0x08001484                HRTIM1_Master_IRQHandler
                0x08001484                UART8_IRQHandler
                0x08001484                SPI4_IRQHandler
                0x08001484                TIM1_CC_IRQHandler
                0x08001484                BDMA_Channel6_IRQHandler
                0x08001484                DMA2_Stream5_IRQHandler
                0x08001484                HRTIM1_FLT_IRQHandler
                0x08001484                JPEG_IRQHandler
                0x08001484                DMA1_Stream5_IRQHandler
                0x08001484                BDMA_Channel1_IRQHandler
                0x08001484                HRTIM1_TIMD_IRQHandler
                0x08001484                TAMP_STAMP_IRQHandler
                0x08001484                EXTI3_IRQHandler
                0x08001484                LPTIM4_IRQHandler
                0x08001484                TIM8_TRG_COM_TIM14_IRQHandler
                0x08001484                LPTIM2_IRQHandler
                0x08001484                DFSDM1_FLT1_IRQHandler
                0x08001484                DMAMUX2_OVR_IRQHandler
                0x08001484                TIM8_UP_TIM13_IRQHandler
                0x08001484                I2C3_ER_IRQHandler
                0x08001484                DFSDM1_FLT2_IRQHandler
                0x08001484                MDMA_IRQHandler
                0x08001484                LPTIM3_IRQHandler
                0x08001484                HSEM1_IRQHandler
                0x08001484                EXTI0_IRQHandler
                0x08001484                I2C2_EV_IRQHandler
                0x08001484                DMA1_Stream2_IRQHandler
                0x08001484                FPU_IRQHandler
                0x08001484                OTG_HS_WKUP_IRQHandler
                0x08001484                FDCAN1_IT1_IRQHandler
                0x08001484                LTDC_ER_IRQHandler
                0x08001484                DMA2_Stream2_IRQHandler
                0x08001484                HRTIM1_TIME_IRQHandler
                0x08001484                SPI1_IRQHandler
                0x08001484                TIM6_DAC_IRQHandler
                0x08001484                DCMI_IRQHandler
                0x08001484                HRTIM1_TIMC_IRQHandler
                0x08001484                DMA2_Stream3_IRQHandler
                0x08001484                SAI2_IRQHandler
                0x08001484                DFSDM1_FLT3_IRQHandler
                0x08001484                USART6_IRQHandler
                0x08001484                TIM17_IRQHandler
                0x08001484                BDMA_Channel7_IRQHandler
                0x08001484                LPTIM5_IRQHandler
                0x08001484                UART5_IRQHandler
                0x08001484                TIM4_IRQHandler
                0x08001484                BDMA_Channel2_IRQHandler
                0x08001484                QUADSPI_IRQHandler
                0x08001484                I2C1_EV_IRQHandler
                0x08001484                DMA1_Stream6_IRQHandler
                0x08001484                DMAMUX1_OVR_IRQHandler
                0x08001484                DMA1_Stream1_IRQHandler
                0x08001484                TIM16_IRQHandler
                0x08001484                UART4_IRQHandler
                0x08001484                BDMA_Channel5_IRQHandler
                0x08001484                TIM3_IRQHandler
                0x08001484                RCC_IRQHandler
                0x08001484                TIM8_BRK_TIM12_IRQHandler
                0x08001484                TIM1_TRG_COM_IRQHandler
                0x08001484                Default_Handler
                0x08001484                ECC_IRQHandler
                0x08001484                CEC_IRQHandler
                0x08001484                EXTI15_10_IRQHandler
                0x08001484                BDMA_Channel0_IRQHandler
                0x08001484                ADC_IRQHandler
                0x08001484                DMA1_Stream7_IRQHandler
                0x08001484                HRTIM1_TIMA_IRQHandler
                0x08001484                SPI5_IRQHandler
                0x08001484                TIM7_IRQHandler
                0x08001484                SDMMC1_IRQHandler
                0x08001484                TIM5_IRQHandler
                0x08001484                DMA2_Stream7_IRQHandler
                0x08001484                TIM15_IRQHandler
                0x08001484                PVD_AVD_IRQHandler
                0x08001484                I2C3_EV_IRQHandler
                0x08001484                EXTI9_5_IRQHandler
                0x08001484                RTC_WKUP_IRQHandler
                0x08001484                LTDC_IRQHandler
                0x08001484                SAI3_IRQHandler
                0x08001484                ETH_WKUP_IRQHandler
                0x08001484                SPDIF_RX_IRQHandler
                0x08001484                SPI2_IRQHandler
                0x08001484                OTG_HS_EP1_IN_IRQHandler
                0x08001484                DMA1_Stream0_IRQHandler
                0x08001484                CRS_IRQHandler
                0x08001484                EXTI4_IRQHandler
                0x08001484                RNG_IRQHandler
                0x08001484                HRTIM1_TIMB_IRQHandler
                0x08001484                FDCAN2_IT1_IRQHandler
                0x08001484                ETH_IRQHandler
                0x08001484                TIM1_UP_IRQHandler
                0x08001484                BDMA_Channel4_IRQHandler
                0x08001484                OTG_HS_EP1_OUT_IRQHandler
                0x08001484                WWDG_IRQHandler
                0x08001484                SPI6_IRQHandler
                0x08001484                MDIOS_IRQHandler
                0x08001484                I2C4_EV_IRQHandler
                0x08001484                FDCAN2_IT0_IRQHandler
                0x08001484                LPUART1_IRQHandler
                0x08001484                FDCAN1_IT0_IRQHandler
                0x08001484                TIM2_IRQHandler
                0x08001484                OTG_FS_WKUP_IRQHandler
                0x08001484                OTG_HS_IRQHandler
                0x08001484                DMA2D_IRQHandler
                0x08001484                TIM1_BRK_IRQHandler
                0x08001484                EXTI1_IRQHandler
                0x08001484                SDMMC2_IRQHandler
                0x08001484                OTG_FS_EP1_OUT_IRQHandler
                0x08001484                BDMA_Channel3_IRQHandler
                0x08001484                UART7_IRQHandler
                0x08001484                MDIOS_WKUP_IRQHandler
                0x08001484                USART2_IRQHandler
                0x08001484                DFSDM1_FLT0_IRQHandler
                0x08001484                SAI4_IRQHandler
                0x08001484                I2C2_ER_IRQHandler
                0x08001484                FLASH_IRQHandler
                0x08001484                DMA2_Stream4_IRQHandler
                0x08001484                USART1_IRQHandler
                0x08001484                OTG_FS_IRQHandler
                0x08001484                SPI3_IRQHandler
                0x08001484                WAKEUP_PIN_IRQHandler
                0x08001484                DMA1_Stream4_IRQHandler
                0x08001484                OTG_FS_EP1_IN_IRQHandler
                0x08001484                I2C1_ER_IRQHandler
                0x08001484                FMC_IRQHandler
                0x08001484                FDCAN_CAL_IRQHandler
                0x08001484                SWPMI1_IRQHandler
                0x08001484                COMP1_IRQHandler
                0x08001484                LPTIM1_IRQHandler
                0x08001484                I2C4_ER_IRQHandler
                0x08001484                DMA2_Stream6_IRQHandler
                0x08001484                SAI1_IRQHandler
                0x08001484                DMA1_Stream3_IRQHandler
 *fill*         0x08001486        0x2 
 .text.HAL_Init
                0x08001488       0x78 ./Drivers/STM32H7xx_HAL_Driver/Src/stm32h7xx_hal.o
                0x08001488                HAL_Init
 .text.HAL_InitTick
                0x08001500       0x6c ./Drivers/STM32H7xx_HAL_Driver/Src/stm32h7xx_hal.o
                0x08001500                HAL_InitTick
 .text.HAL_IncTick
                0x0800156c       0x28 ./Drivers/STM32H7xx_HAL_Driver/Src/stm32h7xx_hal.o
                0x0800156c                HAL_IncTick
 .text.HAL_GetTick
                0x08001594       0x18 ./Drivers/STM32H7xx_HAL_Driver/Src/stm32h7xx_hal.o
                0x08001594                HAL_GetTick
 .text.HAL_GetREVID
                0x080015ac       0x18 ./Drivers/STM32H7xx_HAL_Driver/Src/stm32h7xx_hal.o
                0x080015ac                HAL_GetREVID
 .text.HAL_SYSCFG_AnalogSwitchConfig
                0x080015c4       0x2c ./Drivers/STM32H7xx_HAL_Driver/Src/stm32h7xx_hal.o
                0x080015c4                HAL_SYSCFG_AnalogSwitchConfig
 .text.LL_ADC_SetCommonClock
                0x080015f0       0x26 ./Drivers/STM32H7xx_HAL_Driver/Src/stm32h7xx_hal_adc.o
 .text.LL_ADC_SetCommonPathInternalCh
                0x08001616       0x26 ./Drivers/STM32H7xx_HAL_Driver/Src/stm32h7xx_hal_adc.o
 .text.LL_ADC_GetCommonPathInternalCh
                0x0800163c       0x1c ./Drivers/STM32H7xx_HAL_Driver/Src/stm32h7xx_hal_adc.o
 .text.LL_ADC_SetOffset
                0x08001658       0x40 ./Drivers/STM32H7xx_HAL_Driver/Src/stm32h7xx_hal_adc.o
 .text.LL_ADC_SetDataRightShift
                0x08001698       0x32 ./Drivers/STM32H7xx_HAL_Driver/Src/stm32h7xx_hal_adc.o
 .text.LL_ADC_SetOffsetSignedSaturation
                0x080016ca       0x36 ./Drivers/STM32H7xx_HAL_Driver/Src/stm32h7xx_hal_adc.o
 .text.LL_ADC_REG_SetSequencerRanks
                0x08001700       0x58 ./Drivers/STM32H7xx_HAL_Driver/Src/stm32h7xx_hal_adc.o
 .text.LL_ADC_SetChannelSamplingTime
                0x08001758       0x56 ./Drivers/STM32H7xx_HAL_Driver/Src/stm32h7xx_hal_adc.o
 *fill*         0x080017ae        0x2 
 .text.LL_ADC_SetChannelSingleDiff
                0x080017b0       0x48 ./Drivers/STM32H7xx_HAL_Driver/Src/stm32h7xx_hal_adc.o
 .text.LL_ADC_DisableDeepPowerDown
                0x080017f8       0x24 ./Drivers/STM32H7xx_HAL_Driver/Src/stm32h7xx_hal_adc.o
 .text.LL_ADC_IsDeepPowerDownEnabled
                0x0800181c       0x28 ./Drivers/STM32H7xx_HAL_Driver/Src/stm32h7xx_hal_adc.o
 .text.LL_ADC_EnableInternalRegulator
                0x08001844       0x28 ./Drivers/STM32H7xx_HAL_Driver/Src/stm32h7xx_hal_adc.o
 .text.LL_ADC_IsInternalRegulatorEnabled
                0x0800186c       0x28 ./Drivers/STM32H7xx_HAL_Driver/Src/stm32h7xx_hal_adc.o
 .text.LL_ADC_IsEnabled
                0x08001894       0x26 ./Drivers/STM32H7xx_HAL_Driver/Src/stm32h7xx_hal_adc.o
 .text.LL_ADC_REG_IsConversionOngoing
                0x080018ba       0x26 ./Drivers/STM32H7xx_HAL_Driver/Src/stm32h7xx_hal_adc.o
 .text.LL_ADC_INJ_IsConversionOngoing
                0x080018e0       0x26 ./Drivers/STM32H7xx_HAL_Driver/Src/stm32h7xx_hal_adc.o
 *fill*         0x08001906        0x2 
 .text.HAL_ADC_Init
                0x08001908      0x344 ./Drivers/STM32H7xx_HAL_Driver/Src/stm32h7xx_hal_adc.o
                0x08001908                HAL_ADC_Init
 .text.HAL_ADC_ConfigChannel
                0x08001c4c      0x6b8 ./Drivers/STM32H7xx_HAL_Driver/Src/stm32h7xx_hal_adc.o
                0x08001c4c                HAL_ADC_ConfigChannel
 .text.ADC_ConfigureBoostMode
                0x08002304      0x218 ./Drivers/STM32H7xx_HAL_Driver/Src/stm32h7xx_hal_adc.o
                0x08002304                ADC_ConfigureBoostMode
 .text.__NVIC_SetPriorityGrouping
                0x0800251c       0x48 ./Drivers/STM32H7xx_HAL_Driver/Src/stm32h7xx_hal_cortex.o
 .text.__NVIC_GetPriorityGrouping
                0x08002564       0x1c ./Drivers/STM32H7xx_HAL_Driver/Src/stm32h7xx_hal_cortex.o
 .text.__NVIC_EnableIRQ
                0x08002580       0x3c ./Drivers/STM32H7xx_HAL_Driver/Src/stm32h7xx_hal_cortex.o
 .text.__NVIC_SetPriority
                0x080025bc       0x54 ./Drivers/STM32H7xx_HAL_Driver/Src/stm32h7xx_hal_cortex.o
 .text.NVIC_EncodePriority
                0x08002610       0x66 ./Drivers/STM32H7xx_HAL_Driver/Src/stm32h7xx_hal_cortex.o
 *fill*         0x08002676        0x2 
 .text.SysTick_Config
                0x08002678       0x44 ./Drivers/STM32H7xx_HAL_Driver/Src/stm32h7xx_hal_cortex.o
 .text.HAL_NVIC_SetPriorityGrouping
                0x080026bc       0x16 ./Drivers/STM32H7xx_HAL_Driver/Src/stm32h7xx_hal_cortex.o
                0x080026bc                HAL_NVIC_SetPriorityGrouping
 .text.HAL_NVIC_SetPriority
                0x080026d2       0x34 ./Drivers/STM32H7xx_HAL_Driver/Src/stm32h7xx_hal_cortex.o
                0x080026d2                HAL_NVIC_SetPriority
 .text.HAL_NVIC_EnableIRQ
                0x08002706       0x1c ./Drivers/STM32H7xx_HAL_Driver/Src/stm32h7xx_hal_cortex.o
                0x08002706                HAL_NVIC_EnableIRQ
 .text.HAL_SYSTICK_Config
                0x08002722       0x18 ./Drivers/STM32H7xx_HAL_Driver/Src/stm32h7xx_hal_cortex.o
                0x08002722                HAL_SYSTICK_Config
 *fill*         0x0800273a        0x2 
 .text.HAL_DMA_Init
                0x0800273c      0x6b8 ./Drivers/STM32H7xx_HAL_Driver/Src/stm32h7xx_hal_dma.o
                0x0800273c                HAL_DMA_Init
 .text.DMA_CalcBaseAndBitshift
                0x08002df4      0x164 ./Drivers/STM32H7xx_HAL_Driver/Src/stm32h7xx_hal_dma.o
 .text.DMA_CheckFifoParam
                0x08002f58       0xf8 ./Drivers/STM32H7xx_HAL_Driver/Src/stm32h7xx_hal_dma.o
 .text.DMA_CalcDMAMUXChannelBaseAndMask
                0x08003050      0x134 ./Drivers/STM32H7xx_HAL_Driver/Src/stm32h7xx_hal_dma.o
 .text.DMA_CalcDMAMUXRequestGenBaseAndMask
                0x08003184       0xe8 ./Drivers/STM32H7xx_HAL_Driver/Src/stm32h7xx_hal_dma.o
 .text.HAL_GPIO_Init
                0x0800326c      0x360 ./Drivers/STM32H7xx_HAL_Driver/Src/stm32h7xx_hal_gpio.o
                0x0800326c                HAL_GPIO_Init
 .text.HAL_GPIO_WritePin
                0x080035cc       0x32 ./Drivers/STM32H7xx_HAL_Driver/Src/stm32h7xx_hal_gpio.o
                0x080035cc                HAL_GPIO_WritePin
 *fill*         0x080035fe        0x2 
 .text.HAL_PWREx_ConfigSupply
                0x08003600       0x74 ./Drivers/STM32H7xx_HAL_Driver/Src/stm32h7xx_hal_pwr_ex.o
                0x08003600                HAL_PWREx_ConfigSupply
 .text.HAL_RCC_OscConfig
                0x08003674      0x8b4 ./Drivers/STM32H7xx_HAL_Driver/Src/stm32h7xx_hal_rcc.o
                0x08003674                HAL_RCC_OscConfig
 .text.HAL_RCC_ClockConfig
                0x08003f28      0x36c ./Drivers/STM32H7xx_HAL_Driver/Src/stm32h7xx_hal_rcc.o
                0x08003f28                HAL_RCC_ClockConfig
 .text.HAL_RCC_GetSysClockFreq
                0x08004294      0x2f4 ./Drivers/STM32H7xx_HAL_Driver/Src/stm32h7xx_hal_rcc.o
                0x08004294                HAL_RCC_GetSysClockFreq
 .text.HAL_RCC_GetHCLKFreq
                0x08004588       0x60 ./Drivers/STM32H7xx_HAL_Driver/Src/stm32h7xx_hal_rcc.o
                0x08004588                HAL_RCC_GetHCLKFreq
 .text.HAL_RCC_GetPCLK1Freq
                0x080045e8       0x2c ./Drivers/STM32H7xx_HAL_Driver/Src/stm32h7xx_hal_rcc.o
                0x080045e8                HAL_RCC_GetPCLK1Freq
 .text.HAL_RCC_GetPCLK2Freq
                0x08004614       0x2c ./Drivers/STM32H7xx_HAL_Driver/Src/stm32h7xx_hal_rcc.o
                0x08004614                HAL_RCC_GetPCLK2Freq
 .text.HAL_RCCEx_PeriphCLKConfig
                0x08004640     0x1414 ./Drivers/STM32H7xx_HAL_Driver/Src/stm32h7xx_hal_rcc_ex.o
                0x08004640                HAL_RCCEx_PeriphCLKConfig
 .text.HAL_RCCEx_GetPeriphCLKFreq
                0x08005a54      0xb00 ./Drivers/STM32H7xx_HAL_Driver/Src/stm32h7xx_hal_rcc_ex.o
                0x08005a54                HAL_RCCEx_GetPeriphCLKFreq
 .text.HAL_RCCEx_GetD3PCLK1Freq
                0x08006554       0x2c ./Drivers/STM32H7xx_HAL_Driver/Src/stm32h7xx_hal_rcc_ex.o
                0x08006554                HAL_RCCEx_GetD3PCLK1Freq
 .text.HAL_RCCEx_GetPLL2ClockFreq
                0x08006580      0x2a8 ./Drivers/STM32H7xx_HAL_Driver/Src/stm32h7xx_hal_rcc_ex.o
                0x08006580                HAL_RCCEx_GetPLL2ClockFreq
 .text.HAL_RCCEx_GetPLL3ClockFreq
                0x08006828      0x2a8 ./Drivers/STM32H7xx_HAL_Driver/Src/stm32h7xx_hal_rcc_ex.o
                0x08006828                HAL_RCCEx_GetPLL3ClockFreq
 .text.HAL_RCCEx_GetPLL1ClockFreq
                0x08006ad0      0x2a4 ./Drivers/STM32H7xx_HAL_Driver/Src/stm32h7xx_hal_rcc_ex.o
                0x08006ad0                HAL_RCCEx_GetPLL1ClockFreq
 .text.RCCEx_PLL2_Config
                0x08006d74      0x164 ./Drivers/STM32H7xx_HAL_Driver/Src/stm32h7xx_hal_rcc_ex.o
 .text.RCCEx_PLL3_Config
                0x08006ed8      0x164 ./Drivers/STM32H7xx_HAL_Driver/Src/stm32h7xx_hal_rcc_ex.o
 .text.HAL_TIM_Base_Init
                0x0800703c       0xae ./Drivers/STM32H7xx_HAL_Driver/Src/stm32h7xx_hal_tim.o
                0x0800703c                HAL_TIM_Base_Init
 *fill*         0x080070ea        0x2 
 .text.TIM_Base_SetConfig
                0x080070ec      0x14c ./Drivers/STM32H7xx_HAL_Driver/Src/stm32h7xx_hal_tim.o
                0x080070ec                TIM_Base_SetConfig
 .text.HAL_TIMEx_MasterConfigSynchronization
                0x08007238      0x11c ./Drivers/STM32H7xx_HAL_Driver/Src/stm32h7xx_hal_tim_ex.o
                0x08007238                HAL_TIMEx_MasterConfigSynchronization
 .text.HAL_UART_Init
                0x08007354       0xa0 ./Drivers/STM32H7xx_HAL_Driver/Src/stm32h7xx_hal_uart.o
                0x08007354                HAL_UART_Init
 .text.UART_SetConfig
                0x080073f4      0xad0 ./Drivers/STM32H7xx_HAL_Driver/Src/stm32h7xx_hal_uart.o
                0x080073f4                UART_SetConfig
 .text.UART_AdvFeatureConfig
                0x08007ec4      0x144 ./Drivers/STM32H7xx_HAL_Driver/Src/stm32h7xx_hal_uart.o
                0x08007ec4                UART_AdvFeatureConfig
 .text.UART_CheckIdleState
                0x08008008      0x154 ./Drivers/STM32H7xx_HAL_Driver/Src/stm32h7xx_hal_uart.o
                0x08008008                UART_CheckIdleState
 .text.UART_WaitOnFlagUntilTimeout
                0x0800815c       0xda ./Drivers/STM32H7xx_HAL_Driver/Src/stm32h7xx_hal_uart.o
                0x0800815c                UART_WaitOnFlagUntilTimeout
 *fill*         0x08008236        0x2 
 .text.UART_EndRxTransfer
                0x08008238       0xcc ./Drivers/STM32H7xx_HAL_Driver/Src/stm32h7xx_hal_uart.o
 .text.HAL_UARTEx_DisableFifoMode
                0x08008304       0x72 ./Drivers/STM32H7xx_HAL_Driver/Src/stm32h7xx_hal_uart_ex.o
                0x08008304                HAL_UARTEx_DisableFifoMode
 .text.HAL_UARTEx_SetTxFifoThreshold
                0x08008376       0x7c ./Drivers/STM32H7xx_HAL_Driver/Src/stm32h7xx_hal_uart_ex.o
                0x08008376                HAL_UARTEx_SetTxFifoThreshold
 .text.HAL_UARTEx_SetRxFifoThreshold
                0x080083f2       0x7c ./Drivers/STM32H7xx_HAL_Driver/Src/stm32h7xx_hal_uart_ex.o
                0x080083f2                HAL_UARTEx_SetRxFifoThreshold
 *fill*         0x0800846e        0x2 
 .text.UARTEx_SetNbDataToProcess
                0x08008470       0x9c ./Drivers/STM32H7xx_HAL_Driver/Src/stm32h7xx_hal_uart_ex.o
 .text.memset   0x0800850c       0x10 C:/ST/STM32CubeIDE_1.16.1/STM32CubeIDE/plugins/com.st.stm32cube.ide.mcu.externaltools.gnu-tools-for-stm32.12.3.rel1.win32_1.0.200.202406191623/tools/bin/../lib/gcc/arm-none-eabi/12.3.1/../../../../arm-none-eabi/lib/thumb/v7e-m+dp/hard\libc_nano.a(libc_a-memset.o)
                0x0800850c                memset
 .text.__libc_init_array
                0x0800851c       0x48 C:/ST/STM32CubeIDE_1.16.1/STM32CubeIDE/plugins/com.st.stm32cube.ide.mcu.externaltools.gnu-tools-for-stm32.12.3.rel1.win32_1.0.200.202406191623/tools/bin/../lib/gcc/arm-none-eabi/12.3.1/../../../../arm-none-eabi/lib/thumb/v7e-m+dp/hard\libc_nano.a(libc_a-init.o)
                0x0800851c                __libc_init_array
 *(.glue_7)
 .glue_7        0x08008564        0x0 linker stubs
 *(.glue_7t)
 .glue_7t       0x08008564        0x0 linker stubs
 *(.eh_frame)
 .eh_frame      0x08008564        0x0 C:/ST/STM32CubeIDE_1.16.1/STM32CubeIDE/plugins/com.st.stm32cube.ide.mcu.externaltools.gnu-tools-for-stm32.12.3.rel1.win32_1.0.200.202406191623/tools/bin/../lib/gcc/arm-none-eabi/12.3.1/thumb/v7e-m+dp/hard/crtbegin.o
 *(.init)
 .init          0x08008564        0x4 C:/ST/STM32CubeIDE_1.16.1/STM32CubeIDE/plugins/com.st.stm32cube.ide.mcu.externaltools.gnu-tools-for-stm32.12.3.rel1.win32_1.0.200.202406191623/tools/bin/../lib/gcc/arm-none-eabi/12.3.1/thumb/v7e-m+dp/hard/crti.o
                0x08008564                _init
 .init          0x08008568        0x8 C:/ST/STM32CubeIDE_1.16.1/STM32CubeIDE/plugins/com.st.stm32cube.ide.mcu.externaltools.gnu-tools-for-stm32.12.3.rel1.win32_1.0.200.202406191623/tools/bin/../lib/gcc/arm-none-eabi/12.3.1/thumb/v7e-m+dp/hard/crtn.o
 *(.fini)
 .fini          0x08008570        0x4 C:/ST/STM32CubeIDE_1.16.1/STM32CubeIDE/plugins/com.st.stm32cube.ide.mcu.externaltools.gnu-tools-for-stm32.12.3.rel1.win32_1.0.200.202406191623/tools/bin/../lib/gcc/arm-none-eabi/12.3.1/thumb/v7e-m+dp/hard/crti.o
                0x08008570                _fini
 .fini          0x08008574        0x8 C:/ST/STM32CubeIDE_1.16.1/STM32CubeIDE/plugins/com.st.stm32cube.ide.mcu.externaltools.gnu-tools-for-stm32.12.3.rel1.win32_1.0.200.202406191623/tools/bin/../lib/gcc/arm-none-eabi/12.3.1/thumb/v7e-m+dp/hard/crtn.o
                0x0800857c                        . = ALIGN (0x4)
                0x0800857c                        _etext = .

.vfp11_veneer   0x0800857c        0x0
 .vfp11_veneer  0x0800857c        0x0 linker stubs

.v4_bx          0x0800857c        0x0
 .v4_bx         0x0800857c        0x0 linker stubs

.iplt           0x0800857c        0x0
 .iplt          0x0800857c        0x0 C:/ST/STM32CubeIDE_1.16.1/STM32CubeIDE/plugins/com.st.stm32cube.ide.mcu.externaltools.gnu-tools-for-stm32.12.3.rel1.win32_1.0.200.202406191623/tools/bin/../lib/gcc/arm-none-eabi/12.3.1/thumb/v7e-m+dp/hard/crtbegin.o

.rodata         0x0800857c       0x40
                0x0800857c                        . = ALIGN (0x4)
 *(.rodata)
 *(.rodata*)
 .rodata.D1CorePrescTable
                0x0800857c       0x10 ./Core/Src/system_stm32h7xx.o
                0x0800857c                D1CorePrescTable
 .rodata.flagBitshiftOffset.0
                0x0800858c        0x8 ./Drivers/STM32H7xx_HAL_Driver/Src/stm32h7xx_hal_dma.o
 .rodata.UARTPrescTable
                0x08008594       0x18 ./Drivers/STM32H7xx_HAL_Driver/Src/stm32h7xx_hal_uart.o
                0x08008594                UARTPrescTable
 .rodata.numerator.1
                0x080085ac        0x8 ./Drivers/STM32H7xx_HAL_Driver/Src/stm32h7xx_hal_uart_ex.o
 .rodata.denominator.0
                0x080085b4        0x8 ./Drivers/STM32H7xx_HAL_Driver/Src/stm32h7xx_hal_uart_ex.o
                0x080085bc                        . = ALIGN (0x4)

.ARM.extab
 *(.ARM.extab* .gnu.linkonce.armextab.*)

.ARM            0x080085bc        0x8
                0x080085bc                        __exidx_start = .
 *(.ARM.exidx*)
 .ARM.exidx     0x080085bc        0x8 C:/ST/STM32CubeIDE_1.16.1/STM32CubeIDE/plugins/com.st.stm32cube.ide.mcu.externaltools.gnu-tools-for-stm32.12.3.rel1.win32_1.0.200.202406191623/tools/bin/../lib/gcc/arm-none-eabi/12.3.1/thumb/v7e-m+dp/hard\libgcc.a(_udivmoddi4.o)
                0x080085c4                        __exidx_end = .

.preinit_array  0x080085c4        0x0
                0x080085c4                        PROVIDE (__preinit_array_start = .)
 *(.preinit_array*)
                0x080085c4                        PROVIDE (__preinit_array_end = .)

.init_array     0x080085c4        0x4
                0x080085c4                        PROVIDE (__init_array_start = .)
 *(SORT_BY_NAME(.init_array.*))
 *(.init_array*)
 .init_array    0x080085c4        0x4 C:/ST/STM32CubeIDE_1.16.1/STM32CubeIDE/plugins/com.st.stm32cube.ide.mcu.externaltools.gnu-tools-for-stm32.12.3.rel1.win32_1.0.200.202406191623/tools/bin/../lib/gcc/arm-none-eabi/12.3.1/thumb/v7e-m+dp/hard/crtbegin.o
                0x080085c8                        PROVIDE (__init_array_end = .)

.fini_array     0x080085c8        0x4
                [!provide]                        PROVIDE (__fini_array_start = .)
 *(SORT_BY_NAME(.fini_array.*))
 *(.fini_array*)
 .fini_array    0x080085c8        0x4 C:/ST/STM32CubeIDE_1.16.1/STM32CubeIDE/plugins/com.st.stm32cube.ide.mcu.externaltools.gnu-tools-for-stm32.12.3.rel1.win32_1.0.200.202406191623/tools/bin/../lib/gcc/arm-none-eabi/12.3.1/thumb/v7e-m+dp/hard/crtbegin.o
                [!provide]                        PROVIDE (__fini_array_end = .)
                0x080085cc                        _sidata = LOADADDR (.data)

.rel.dyn        0x080085cc        0x0
 .rel.iplt      0x080085cc        0x0 C:/ST/STM32CubeIDE_1.16.1/STM32CubeIDE/plugins/com.st.stm32cube.ide.mcu.externaltools.gnu-tools-for-stm32.12.3.rel1.win32_1.0.200.202406191623/tools/bin/../lib/gcc/arm-none-eabi/12.3.1/thumb/v7e-m+dp/hard/crtbegin.o

.data           0x24000000       0x14 load address 0x080085cc
                0x24000000                        . = ALIGN (0x4)
                0x24000000                        _sdata = .
 *(.data)
 *(.data*)
 .data.trig_indx
                0x24000000        0x2 ./Core/Src/Custom_ADC.o
                0x24000000                trig_indx
 *fill*         0x24000002        0x2 
 .data.SystemCoreClock
                0x24000004        0x4 ./Core/Src/system_stm32h7xx.o
                0x24000004                SystemCoreClock
 .data.SystemD2Clock
                0x24000008        0x4 ./Core/Src/system_stm32h7xx.o
                0x24000008                SystemD2Clock
 .data.uwTickPrio
                0x2400000c        0x4 ./Drivers/STM32H7xx_HAL_Driver/Src/stm32h7xx_hal.o
                0x2400000c                uwTickPrio
 .data.uwTickFreq
                0x24000010        0x1 ./Drivers/STM32H7xx_HAL_Driver/Src/stm32h7xx_hal.o
                0x24000010                uwTickFreq
 *(.RamFunc)
 *(.RamFunc*)
                0x24000014                        . = ALIGN (0x4)
 *fill*         0x24000011        0x3 
                0x24000014                        _edata = .

.igot.plt       0x24000014        0x0 load address 0x080085e0
 .igot.plt      0x24000014        0x0 C:/ST/STM32CubeIDE_1.16.1/STM32CubeIDE/plugins/com.st.stm32cube.ide.mcu.externaltools.gnu-tools-for-stm32.12.3.rel1.win32_1.0.200.202406191623/tools/bin/../lib/gcc/arm-none-eabi/12.3.1/thumb/v7e-m+dp/hard/crtbegin.o
                0x24000014                        . = ALIGN (0x4)

.bss            0x24000014      0xa28 load address 0x080085e0
                0x24000014                        _sbss = .
                0x24000014                        __bss_start__ = _sbss
 *(.bss)
 .bss           0x24000014       0x1c C:/ST/STM32CubeIDE_1.16.1/STM32CubeIDE/plugins/com.st.stm32cube.ide.mcu.externaltools.gnu-tools-for-stm32.12.3.rel1.win32_1.0.200.202406191623/tools/bin/../lib/gcc/arm-none-eabi/12.3.1/thumb/v7e-m+dp/hard/crtbegin.o
 *(.bss*)
 .bss.pre_triggd
                0x24000030        0x1 ./Core/Src/Custom_ADC.o
                0x24000030                pre_triggd
 .bss.triggd    0x24000031        0x1 ./Core/Src/Custom_ADC.o
                0x24000031                triggd
 *fill*         0x24000032        0x2 
 .bss.DMA_data_buffer
                0x24000034      0x7d0 ./Core/Src/Custom_dma.o
                0x24000034                DMA_data_buffer
 .bss.hadc3     0x24000804       0x64 ./Core/Src/main.o
                0x24000804                hadc3
 .bss.hdma_adc3
                0x24000868       0x78 ./Core/Src/main.o
                0x24000868                hdma_adc3
 .bss.htim6     0x240008e0       0x4c ./Core/Src/main.o
                0x240008e0                htim6
 .bss.huart3    0x2400092c       0x94 ./Core/Src/main.o
                0x2400092c                huart3
 .bss.hdma_usart3_tx
                0x240009c0       0x78 ./Core/Src/main.o
                0x240009c0                hdma_usart3_tx
 .bss.uwTick    0x24000a38        0x4 ./Drivers/STM32H7xx_HAL_Driver/Src/stm32h7xx_hal.o
                0x24000a38                uwTick
 *(COMMON)
                0x24000a3c                        . = ALIGN (0x4)
                0x24000a3c                        _ebss = .
                0x24000a3c                        __bss_end__ = _ebss

._user_heap_stack
                0x24000a3c      0x604 load address 0x080085e0
                0x24000a40                        . = ALIGN (0x8)
 *fill*         0x24000a3c        0x4 
                [!provide]                        PROVIDE (end = .)
                0x24000a40                        PROVIDE (_end = .)
                0x24000c40                        . = (. + _Min_Heap_Size)
 *fill*         0x24000a40      0x200 
                0x24001040                        . = (. + _Min_Stack_Size)
 *fill*         0x24000c40      0x400 
                0x24001040                        . = ALIGN (0x8)

/DISCARD/
 libc.a(*)
 libm.a(*)
 libgcc.a(*)

.ARM.attributes
                0x00000000       0x2e
 *(.ARM.attributes)
 .ARM.attributes
                0x00000000       0x20 C:/ST/STM32CubeIDE_1.16.1/STM32CubeIDE/plugins/com.st.stm32cube.ide.mcu.externaltools.gnu-tools-for-stm32.12.3.rel1.win32_1.0.200.202406191623/tools/bin/../lib/gcc/arm-none-eabi/12.3.1/thumb/v7e-m+dp/hard/crti.o
 .ARM.attributes
                0x00000020       0x32 C:/ST/STM32CubeIDE_1.16.1/STM32CubeIDE/plugins/com.st.stm32cube.ide.mcu.externaltools.gnu-tools-for-stm32.12.3.rel1.win32_1.0.200.202406191623/tools/bin/../lib/gcc/arm-none-eabi/12.3.1/thumb/v7e-m+dp/hard/crtbegin.o
 .ARM.attributes
                0x00000052       0x32 ./Core/Src/Custom_ADC.o
 .ARM.attributes
                0x00000084       0x32 ./Core/Src/Custom_dma.o
 .ARM.attributes
                0x000000b6       0x32 ./Core/Src/Custom_usart.o
 .ARM.attributes
                0x000000e8       0x32 ./Core/Src/main.o
 .ARM.attributes
                0x0000011a       0x32 ./Core/Src/stm32h7xx_hal_msp.o
 .ARM.attributes
                0x0000014c       0x32 ./Core/Src/stm32h7xx_it.o
 .ARM.attributes
                0x0000017e       0x32 ./Core/Src/system_stm32h7xx.o
 .ARM.attributes
                0x000001b0       0x21 ./Core/Startup/startup_stm32h743zitx.o
 .ARM.attributes
                0x000001d1       0x32 ./Drivers/STM32H7xx_HAL_Driver/Src/stm32h7xx_hal.o
 .ARM.attributes
                0x00000203       0x32 ./Drivers/STM32H7xx_HAL_Driver/Src/stm32h7xx_hal_adc.o
 .ARM.attributes
                0x00000235       0x32 ./Drivers/STM32H7xx_HAL_Driver/Src/stm32h7xx_hal_cortex.o
 .ARM.attributes
                0x00000267       0x32 ./Drivers/STM32H7xx_HAL_Driver/Src/stm32h7xx_hal_dma.o
 .ARM.attributes
                0x00000299       0x32 ./Drivers/STM32H7xx_HAL_Driver/Src/stm32h7xx_hal_gpio.o
 .ARM.attributes
                0x000002cb       0x32 ./Drivers/STM32H7xx_HAL_Driver/Src/stm32h7xx_hal_pwr_ex.o
 .ARM.attributes
                0x000002fd       0x32 ./Drivers/STM32H7xx_HAL_Driver/Src/stm32h7xx_hal_rcc.o
 .ARM.attributes
                0x0000032f       0x32 ./Drivers/STM32H7xx_HAL_Driver/Src/stm32h7xx_hal_rcc_ex.o
 .ARM.attributes
                0x00000361       0x32 ./Drivers/STM32H7xx_HAL_Driver/Src/stm32h7xx_hal_tim.o
 .ARM.attributes
                0x00000393       0x32 ./Drivers/STM32H7xx_HAL_Driver/Src/stm32h7xx_hal_tim_ex.o
 .ARM.attributes
                0x000003c5       0x32 ./Drivers/STM32H7xx_HAL_Driver/Src/stm32h7xx_hal_uart.o
 .ARM.attributes
                0x000003f7       0x32 ./Drivers/STM32H7xx_HAL_Driver/Src/stm32h7xx_hal_uart_ex.o
 .ARM.attributes
                0x00000429       0x32 C:/ST/STM32CubeIDE_1.16.1/STM32CubeIDE/plugins/com.st.stm32cube.ide.mcu.externaltools.gnu-tools-for-stm32.12.3.rel1.win32_1.0.200.202406191623/tools/bin/../lib/gcc/arm-none-eabi/12.3.1/../../../../arm-none-eabi/lib/thumb/v7e-m+dp/hard\libc_nano.a(libc_a-memset.o)
 .ARM.attributes
                0x0000045b       0x32 C:/ST/STM32CubeIDE_1.16.1/STM32CubeIDE/plugins/com.st.stm32cube.ide.mcu.externaltools.gnu-tools-for-stm32.12.3.rel1.win32_1.0.200.202406191623/tools/bin/../lib/gcc/arm-none-eabi/12.3.1/../../../../arm-none-eabi/lib/thumb/v7e-m+dp/hard\libc_nano.a(libc_a-init.o)
 .ARM.attributes
                0x0000048d       0x20 C:/ST/STM32CubeIDE_1.16.1/STM32CubeIDE/plugins/com.st.stm32cube.ide.mcu.externaltools.gnu-tools-for-stm32.12.3.rel1.win32_1.0.200.202406191623/tools/bin/../lib/gcc/arm-none-eabi/12.3.1/thumb/v7e-m+dp/hard\libgcc.a(_aeabi_uldivmod.o)
 .ARM.attributes
                0x000004ad       0x32 C:/ST/STM32CubeIDE_1.16.1/STM32CubeIDE/plugins/com.st.stm32cube.ide.mcu.externaltools.gnu-tools-for-stm32.12.3.rel1.win32_1.0.200.202406191623/tools/bin/../lib/gcc/arm-none-eabi/12.3.1/thumb/v7e-m+dp/hard\libgcc.a(_udivmoddi4.o)
 .ARM.attributes
                0x000004df       0x20 C:/ST/STM32CubeIDE_1.16.1/STM32CubeIDE/plugins/com.st.stm32cube.ide.mcu.externaltools.gnu-tools-for-stm32.12.3.rel1.win32_1.0.200.202406191623/tools/bin/../lib/gcc/arm-none-eabi/12.3.1/thumb/v7e-m+dp/hard\libgcc.a(_dvmd_tls.o)
 .ARM.attributes
                0x000004ff       0x20 C:/ST/STM32CubeIDE_1.16.1/STM32CubeIDE/plugins/com.st.stm32cube.ide.mcu.externaltools.gnu-tools-for-stm32.12.3.rel1.win32_1.0.200.202406191623/tools/bin/../lib/gcc/arm-none-eabi/12.3.1/thumb/v7e-m+dp/hard/crtn.o
OUTPUT(DMA_first.elf elf32-littlearm)
LOAD linker stubs
LOAD C:/ST/STM32CubeIDE_1.16.1/STM32CubeIDE/plugins/com.st.stm32cube.ide.mcu.externaltools.gnu-tools-for-stm32.12.3.rel1.win32_1.0.200.202406191623/tools/bin/../lib/gcc/arm-none-eabi/12.3.1/../../../../arm-none-eabi/lib/thumb/v7e-m+dp/hard\libc.a
LOAD C:/ST/STM32CubeIDE_1.16.1/STM32CubeIDE/plugins/com.st.stm32cube.ide.mcu.externaltools.gnu-tools-for-stm32.12.3.rel1.win32_1.0.200.202406191623/tools/bin/../lib/gcc/arm-none-eabi/12.3.1/../../../../arm-none-eabi/lib/thumb/v7e-m+dp/hard\libm.a
LOAD C:/ST/STM32CubeIDE_1.16.1/STM32CubeIDE/plugins/com.st.stm32cube.ide.mcu.externaltools.gnu-tools-for-stm32.12.3.rel1.win32_1.0.200.202406191623/tools/bin/../lib/gcc/arm-none-eabi/12.3.1/thumb/v7e-m+dp/hard\libgcc.a

.debug_info     0x00000000    0x186e8
 .debug_info    0x00000000      0x591 ./Core/Src/Custom_ADC.o
 .debug_info    0x00000591      0x472 ./Core/Src/Custom_dma.o
 .debug_info    0x00000a03      0x2c8 ./Core/Src/Custom_usart.o
 .debug_info    0x00000ccb     0x2173 ./Core/Src/main.o
 .debug_info    0x00002e3e     0x1ddf ./Core/Src/stm32h7xx_hal_msp.o
 .debug_info    0x00004c1d      0x19d ./Core/Src/stm32h7xx_it.o
 .debug_info    0x00004dba      0xcef ./Core/Src/system_stm32h7xx.o
 .debug_info    0x00005aa9       0x30 ./Core/Startup/startup_stm32h743zitx.o
 .debug_info    0x00005ad9     0x153b ./Drivers/STM32H7xx_HAL_Driver/Src/stm32h7xx_hal.o
 .debug_info    0x00007014     0x1ed2 ./Drivers/STM32H7xx_HAL_Driver/Src/stm32h7xx_hal_adc.o
 .debug_info    0x00008ee6     0x10ac ./Drivers/STM32H7xx_HAL_Driver/Src/stm32h7xx_hal_cortex.o
 .debug_info    0x00009f92      0xc27 ./Drivers/STM32H7xx_HAL_Driver/Src/stm32h7xx_hal_dma.o
 .debug_info    0x0000abb9      0xc4b ./Drivers/STM32H7xx_HAL_Driver/Src/stm32h7xx_hal_gpio.o
 .debug_info    0x0000b804     0x1008 ./Drivers/STM32H7xx_HAL_Driver/Src/stm32h7xx_hal_pwr_ex.o
 .debug_info    0x0000c80c      0xe5b ./Drivers/STM32H7xx_HAL_Driver/Src/stm32h7xx_hal_rcc.o
 .debug_info    0x0000d667     0x1216 ./Drivers/STM32H7xx_HAL_Driver/Src/stm32h7xx_hal_rcc_ex.o
 .debug_info    0x0000e87d     0x2bae ./Drivers/STM32H7xx_HAL_Driver/Src/stm32h7xx_hal_tim.o
 .debug_info    0x0001142b     0x17eb ./Drivers/STM32H7xx_HAL_Driver/Src/stm32h7xx_hal_tim_ex.o
 .debug_info    0x00012c16     0x4b13 ./Drivers/STM32H7xx_HAL_Driver/Src/stm32h7xx_hal_uart.o
 .debug_info    0x00017729      0xfbf ./Drivers/STM32H7xx_HAL_Driver/Src/stm32h7xx_hal_uart_ex.o

.debug_abbrev   0x00000000     0x2a86
 .debug_abbrev  0x00000000       0xfe ./Core/Src/Custom_ADC.o
 .debug_abbrev  0x000000fe      0x158 ./Core/Src/Custom_dma.o
 .debug_abbrev  0x00000256       0xcb ./Core/Src/Custom_usart.o
 .debug_abbrev  0x00000321      0x308 ./Core/Src/main.o
 .debug_abbrev  0x00000629      0x281 ./Core/Src/stm32h7xx_hal_msp.o
 .debug_abbrev  0x000008aa       0xa7 ./Core/Src/stm32h7xx_it.o
 .debug_abbrev  0x00000951      0x14c ./Core/Src/system_stm32h7xx.o
 .debug_abbrev  0x00000a9d       0x24 ./Core/Startup/startup_stm32h743zitx.o
 .debug_abbrev  0x00000ac1      0x295 ./Drivers/STM32H7xx_HAL_Driver/Src/stm32h7xx_hal.o
 .debug_abbrev  0x00000d56      0x2d3 ./Drivers/STM32H7xx_HAL_Driver/Src/stm32h7xx_hal_adc.o
 .debug_abbrev  0x00001029      0x339 ./Drivers/STM32H7xx_HAL_Driver/Src/stm32h7xx_hal_cortex.o
 .debug_abbrev  0x00001362      0x248 ./Drivers/STM32H7xx_HAL_Driver/Src/stm32h7xx_hal_dma.o
 .debug_abbrev  0x000015aa      0x1fe ./Drivers/STM32H7xx_HAL_Driver/Src/stm32h7xx_hal_gpio.o
 .debug_abbrev  0x000017a8      0x2a7 ./Drivers/STM32H7xx_HAL_Driver/Src/stm32h7xx_hal_pwr_ex.o
 .debug_abbrev  0x00001a4f      0x2c8 ./Drivers/STM32H7xx_HAL_Driver/Src/stm32h7xx_hal_rcc.o
 .debug_abbrev  0x00001d17      0x269 ./Drivers/STM32H7xx_HAL_Driver/Src/stm32h7xx_hal_rcc_ex.o
 .debug_abbrev  0x00001f80      0x276 ./Drivers/STM32H7xx_HAL_Driver/Src/stm32h7xx_hal_tim.o
 .debug_abbrev  0x000021f6      0x281 ./Drivers/STM32H7xx_HAL_Driver/Src/stm32h7xx_hal_tim_ex.o
 .debug_abbrev  0x00002477      0x33d ./Drivers/STM32H7xx_HAL_Driver/Src/stm32h7xx_hal_uart.o
 .debug_abbrev  0x000027b4      0x2d2 ./Drivers/STM32H7xx_HAL_Driver/Src/stm32h7xx_hal_uart_ex.o

.debug_aranges  0x00000000     0x1310
 .debug_aranges
                0x00000000       0x28 ./Core/Src/Custom_ADC.o
 .debug_aranges
                0x00000028       0x30 ./Core/Src/Custom_dma.o
 .debug_aranges
                0x00000058       0x28 ./Core/Src/Custom_usart.o
 .debug_aranges
                0x00000080       0x58 ./Core/Src/main.o
 .debug_aranges
                0x000000d8       0x50 ./Core/Src/stm32h7xx_hal_msp.o
 .debug_aranges
                0x00000128       0x80 ./Core/Src/stm32h7xx_it.o
 .debug_aranges
                0x000001a8       0x28 ./Core/Src/system_stm32h7xx.o
 .debug_aranges
                0x000001d0       0x28 ./Core/Startup/startup_stm32h743zitx.o
 .debug_aranges
                0x000001f8      0x198 ./Drivers/STM32H7xx_HAL_Driver/Src/stm32h7xx_hal.o
 .debug_aranges
                0x00000390      0x228 ./Drivers/STM32H7xx_HAL_Driver/Src/stm32h7xx_hal_adc.o
 .debug_aranges
                0x000005b8      0x130 ./Drivers/STM32H7xx_HAL_Driver/Src/stm32h7xx_hal_cortex.o
 .debug_aranges
                0x000006e8       0xa0 ./Drivers/STM32H7xx_HAL_Driver/Src/stm32h7xx_hal_dma.o
 .debug_aranges
                0x00000788       0x58 ./Drivers/STM32H7xx_HAL_Driver/Src/stm32h7xx_hal_gpio.o
 .debug_aranges
                0x000007e0      0x158 ./Drivers/STM32H7xx_HAL_Driver/Src/stm32h7xx_hal_pwr_ex.o
 .debug_aranges
                0x00000938       0x88 ./Drivers/STM32H7xx_HAL_Driver/Src/stm32h7xx_hal_rcc.o
 .debug_aranges
                0x000009c0       0xf8 ./Drivers/STM32H7xx_HAL_Driver/Src/stm32h7xx_hal_rcc_ex.o
 .debug_aranges
                0x00000ab8      0x3e0 ./Drivers/STM32H7xx_HAL_Driver/Src/stm32h7xx_hal_tim.o
 .debug_aranges
                0x00000e98      0x188 ./Drivers/STM32H7xx_HAL_Driver/Src/stm32h7xx_hal_tim_ex.o
 .debug_aranges
                0x00001020      0x248 ./Drivers/STM32H7xx_HAL_Driver/Src/stm32h7xx_hal_uart.o
 .debug_aranges
                0x00001268       0xa8 ./Drivers/STM32H7xx_HAL_Driver/Src/stm32h7xx_hal_uart_ex.o

.debug_rnglists
                0x00000000      0xee4
 .debug_rnglists
                0x00000000       0x1b ./Core/Src/Custom_ADC.o
 .debug_rnglists
                0x0000001b       0x21 ./Core/Src/Custom_dma.o
 .debug_rnglists
                0x0000003c       0x19 ./Core/Src/Custom_usart.o
 .debug_rnglists
                0x00000055       0x41 ./Core/Src/main.o
 .debug_rnglists
                0x00000096       0x39 ./Core/Src/stm32h7xx_hal_msp.o
 .debug_rnglists
                0x000000cf       0x5b ./Core/Src/stm32h7xx_it.o
 .debug_rnglists
                0x0000012a       0x1b ./Core/Src/system_stm32h7xx.o
 .debug_rnglists
                0x00000145       0x19 ./Core/Startup/startup_stm32h743zitx.o
 .debug_rnglists
                0x0000015e      0x131 ./Drivers/STM32H7xx_HAL_Driver/Src/stm32h7xx_hal.o
 .debug_rnglists
                0x0000028f      0x1a9 ./Drivers/STM32H7xx_HAL_Driver/Src/stm32h7xx_hal_adc.o
 .debug_rnglists
                0x00000438       0xe0 ./Drivers/STM32H7xx_HAL_Driver/Src/stm32h7xx_hal_cortex.o
 .debug_rnglists
                0x00000518       0x82 ./Drivers/STM32H7xx_HAL_Driver/Src/stm32h7xx_hal_dma.o
 .debug_rnglists
                0x0000059a       0x3f ./Drivers/STM32H7xx_HAL_Driver/Src/stm32h7xx_hal_gpio.o
 .debug_rnglists
                0x000005d9      0x103 ./Drivers/STM32H7xx_HAL_Driver/Src/stm32h7xx_hal_pwr_ex.o
 .debug_rnglists
                0x000006dc       0x68 ./Drivers/STM32H7xx_HAL_Driver/Src/stm32h7xx_hal_rcc.o
 .debug_rnglists
                0x00000744       0xc0 ./Drivers/STM32H7xx_HAL_Driver/Src/stm32h7xx_hal_rcc_ex.o
 .debug_rnglists
                0x00000804      0x328 ./Drivers/STM32H7xx_HAL_Driver/Src/stm32h7xx_hal_tim.o
 .debug_rnglists
                0x00000b2c      0x13f ./Drivers/STM32H7xx_HAL_Driver/Src/stm32h7xx_hal_tim_ex.o
 .debug_rnglists
                0x00000c6b      0x1fa ./Drivers/STM32H7xx_HAL_Driver/Src/stm32h7xx_hal_uart.o
 .debug_rnglists
                0x00000e65       0x7f ./Drivers/STM32H7xx_HAL_Driver/Src/stm32h7xx_hal_uart_ex.o

.debug_macro    0x00000000    0x38e1c
 .debug_macro   0x00000000       0xd5 ./Core/Src/Custom_ADC.o
 .debug_macro   0x000000d5      0xacc ./Core/Src/Custom_ADC.o
 .debug_macro   0x00000ba1       0x3b ./Core/Src/Custom_ADC.o
 .debug_macro   0x00000bdc       0x22 ./Core/Src/Custom_ADC.o
 .debug_macro   0x00000bfe       0x8e ./Core/Src/Custom_ADC.o
 .debug_macro   0x00000c8c       0x51 ./Core/Src/Custom_ADC.o
 .debug_macro   0x00000cdd      0x103 ./Core/Src/Custom_ADC.o
 .debug_macro   0x00000de0       0x6a ./Core/Src/Custom_ADC.o
 .debug_macro   0x00000e4a      0x1df ./Core/Src/Custom_ADC.o
 .debug_macro   0x00001029       0x1c ./Core/Src/Custom_ADC.o
 .debug_macro   0x00001045       0x22 ./Core/Src/Custom_ADC.o
 .debug_macro   0x00001067       0xfb ./Core/Src/Custom_ADC.o
 .debug_macro   0x00001162     0x1305 ./Core/Src/Custom_ADC.o
 .debug_macro   0x00002467      0x11f ./Core/Src/Custom_ADC.o
 .debug_macro   0x00002586       0x27 ./Core/Src/Custom_ADC.o
 .debug_macro   0x000025ad    0x258f9 ./Core/Src/Custom_ADC.o
 .debug_macro   0x00027ea6       0x22 ./Core/Src/Custom_ADC.o
 .debug_macro   0x00027ec8       0x10 ./Core/Src/Custom_ADC.o
 .debug_macro   0x00027ed8       0xd0 ./Core/Src/Custom_dma.o
 .debug_macro   0x00027fa8       0xe5 ./Core/Src/Custom_usart.o
 .debug_macro   0x0002808d      0x307 ./Core/Src/main.o
 .debug_macro   0x00028394      0x23e ./Core/Src/main.o
 .debug_macro   0x000285d2       0x2e ./Core/Src/main.o
 .debug_macro   0x00028600       0x6d ./Core/Src/main.o
 .debug_macro   0x0002866d     0x3d79 ./Core/Src/main.o
 .debug_macro   0x0002c3e6      0x189 ./Core/Src/main.o
 .debug_macro   0x0002c56f       0x61 ./Core/Src/main.o
 .debug_macro   0x0002c5d0       0x29 ./Core/Src/main.o
 .debug_macro   0x0002c5f9       0x43 ./Core/Src/main.o
 .debug_macro   0x0002c63c       0x34 ./Core/Src/main.o
 .debug_macro   0x0002c670       0x16 ./Core/Src/main.o
 .debug_macro   0x0002c686       0x43 ./Core/Src/main.o
 .debug_macro   0x0002c6c9       0x34 ./Core/Src/main.o
 .debug_macro   0x0002c6fd       0x10 ./Core/Src/main.o
 .debug_macro   0x0002c70d       0x58 ./Core/Src/main.o
 .debug_macro   0x0002c765       0x8e ./Core/Src/main.o
 .debug_macro   0x0002c7f3       0x1c ./Core/Src/main.o
 .debug_macro   0x0002c80f      0x177 ./Core/Src/main.o
 .debug_macro   0x0002c986      0x369 ./Core/Src/main.o
 .debug_macro   0x0002ccef      0x19b ./Core/Src/main.o
 .debug_macro   0x0002ce8a       0x5d ./Core/Src/main.o
 .debug_macro   0x0002cee7     0x2382 ./Core/Src/main.o
 .debug_macro   0x0002f269     0x102c ./Core/Src/main.o
 .debug_macro   0x00030295      0x154 ./Core/Src/main.o
 .debug_macro   0x000303e9      0x114 ./Core/Src/main.o
 .debug_macro   0x000304fd      0x3b6 ./Core/Src/main.o
 .debug_macro   0x000308b3       0xac ./Core/Src/main.o
 .debug_macro   0x0003095f      0x72d ./Core/Src/main.o
 .debug_macro   0x0003108c      0x228 ./Core/Src/main.o
 .debug_macro   0x000312b4       0x66 ./Core/Src/main.o
 .debug_macro   0x0003131a      0x3bb ./Core/Src/main.o
 .debug_macro   0x000316d5      0x3e4 ./Core/Src/main.o
 .debug_macro   0x00031ab9      0x275 ./Core/Src/main.o
 .debug_macro   0x00031d2e     0x1044 ./Core/Src/main.o
 .debug_macro   0x00032d72      0x6cc ./Core/Src/main.o
 .debug_macro   0x0003343e      0x36e ./Core/Src/main.o
 .debug_macro   0x000337ac      0x3ca ./Core/Src/main.o
 .debug_macro   0x00033b76      0x408 ./Core/Src/main.o
 .debug_macro   0x00033f7e       0x51 ./Core/Src/main.o
 .debug_macro   0x00033fcf       0x4a ./Core/Src/main.o
 .debug_macro   0x00034019      0x22c ./Core/Src/main.o
 .debug_macro   0x00034245       0x67 ./Core/Src/main.o
 .debug_macro   0x000342ac       0xa5 ./Core/Src/main.o
 .debug_macro   0x00034351      0x1c4 ./Core/Src/main.o
 .debug_macro   0x00034515      0x25e ./Core/Src/main.o
 .debug_macro   0x00034773       0x35 ./Core/Src/main.o
 .debug_macro   0x000347a8      0xafa ./Core/Src/main.o
 .debug_macro   0x000352a2      0x29f ./Core/Src/main.o
 .debug_macro   0x00035541      0x693 ./Core/Src/main.o
 .debug_macro   0x00035bd4       0xa6 ./Core/Src/main.o
 .debug_macro   0x00035c7a      0x5a0 ./Core/Src/main.o
 .debug_macro   0x0003621a       0x64 ./Core/Src/main.o
 .debug_macro   0x0003627e       0x16 ./Core/Src/main.o
 .debug_macro   0x00036294      0x2d9 ./Core/Src/stm32h7xx_hal_msp.o
 .debug_macro   0x0003656d      0x311 ./Core/Src/stm32h7xx_it.o
 .debug_macro   0x0003687e      0x2ca ./Core/Src/system_stm32h7xx.o
 .debug_macro   0x00036b48      0x2f4 ./Drivers/STM32H7xx_HAL_Driver/Src/stm32h7xx_hal.o
 .debug_macro   0x00036e3c      0x2ee ./Drivers/STM32H7xx_HAL_Driver/Src/stm32h7xx_hal_adc.o
 .debug_macro   0x0003712a      0x2ca ./Drivers/STM32H7xx_HAL_Driver/Src/stm32h7xx_hal_cortex.o
 .debug_macro   0x000373f4      0x31e ./Drivers/STM32H7xx_HAL_Driver/Src/stm32h7xx_hal_dma.o
 .debug_macro   0x00037712      0x2d1 ./Drivers/STM32H7xx_HAL_Driver/Src/stm32h7xx_hal_gpio.o
 .debug_macro   0x000379e3      0x303 ./Drivers/STM32H7xx_HAL_Driver/Src/stm32h7xx_hal_pwr_ex.o
 .debug_macro   0x00037ce6      0x2ee ./Drivers/STM32H7xx_HAL_Driver/Src/stm32h7xx_hal_rcc.o
 .debug_macro   0x00037fd4      0x2e8 ./Drivers/STM32H7xx_HAL_Driver/Src/stm32h7xx_hal_rcc_ex.o
 .debug_macro   0x000382bc      0x2cb ./Drivers/STM32H7xx_HAL_Driver/Src/stm32h7xx_hal_tim.o
 .debug_macro   0x00038587      0x2ca ./Drivers/STM32H7xx_HAL_Driver/Src/stm32h7xx_hal_tim_ex.o
 .debug_macro   0x00038851      0x2f5 ./Drivers/STM32H7xx_HAL_Driver/Src/stm32h7xx_hal_uart.o
 .debug_macro   0x00038b46      0x2d6 ./Drivers/STM32H7xx_HAL_Driver/Src/stm32h7xx_hal_uart_ex.o

.debug_line     0x00000000    0x1a61e
 .debug_line    0x00000000      0x621 ./Core/Src/Custom_ADC.o
 .debug_line    0x00000621      0x5f5 ./Core/Src/Custom_dma.o
 .debug_line    0x00000c16      0x56a ./Core/Src/Custom_usart.o
 .debug_line    0x00001180      0xbf2 ./Core/Src/main.o
 .debug_line    0x00001d72      0xa76 ./Core/Src/stm32h7xx_hal_msp.o
 .debug_line    0x000027e8      0xa8f ./Core/Src/stm32h7xx_it.o
 .debug_line    0x00003277      0xae7 ./Core/Src/system_stm32h7xx.o
 .debug_line    0x00003d5e       0x7a ./Core/Startup/startup_stm32h743zitx.o
 .debug_line    0x00003dd8      0xedc ./Drivers/STM32H7xx_HAL_Driver/Src/stm32h7xx_hal.o
 .debug_line    0x00004cb4     0x242b ./Drivers/STM32H7xx_HAL_Driver/Src/stm32h7xx_hal_adc.o
 .debug_line    0x000070df      0xf0b ./Drivers/STM32H7xx_HAL_Driver/Src/stm32h7xx_hal_cortex.o
 .debug_line    0x00007fea     0x283f ./Drivers/STM32H7xx_HAL_Driver/Src/stm32h7xx_hal_dma.o
 .debug_line    0x0000a829      0xdb4 ./Drivers/STM32H7xx_HAL_Driver/Src/stm32h7xx_hal_gpio.o
 .debug_line    0x0000b5dd      0xfff ./Drivers/STM32H7xx_HAL_Driver/Src/stm32h7xx_hal_pwr_ex.o
 .debug_line    0x0000c5dc     0x14ac ./Drivers/STM32H7xx_HAL_Driver/Src/stm32h7xx_hal_rcc.o
 .debug_line    0x0000da88     0x1dc4 ./Drivers/STM32H7xx_HAL_Driver/Src/stm32h7xx_hal_rcc_ex.o
 .debug_line    0x0000f84c     0x4072 ./Drivers/STM32H7xx_HAL_Driver/Src/stm32h7xx_hal_tim.o
 .debug_line    0x000138be     0x1e7c ./Drivers/STM32H7xx_HAL_Driver/Src/stm32h7xx_hal_tim_ex.o
 .debug_line    0x0001573a     0x3f6a ./Drivers/STM32H7xx_HAL_Driver/Src/stm32h7xx_hal_uart.o
 .debug_line    0x000196a4      0xf7a ./Drivers/STM32H7xx_HAL_Driver/Src/stm32h7xx_hal_uart_ex.o

.debug_str      0x00000000   0x17658a
 .debug_str     0x00000000    0xe595f ./Core/Src/Custom_ADC.o
                              0xe5bf8 (size before relaxing)
 .debug_str     0x000e595f       0xac ./Core/Src/Custom_dma.o
                              0xe5ba5 (size before relaxing)
 .debug_str     0x000e5a0b       0x77 ./Core/Src/Custom_usart.o
                              0xe5acb (size before relaxing)
 .debug_str     0x000e5a82    0x8b3d5 ./Core/Src/main.o
                             0x171580 (size before relaxing)
 .debug_str     0x00170e57      0x431 ./Core/Src/stm32h7xx_hal_msp.o
                             0x17147c (size before relaxing)
 .debug_str     0x00171288      0x11b ./Core/Src/stm32h7xx_it.o
                             0x16fb4b (size before relaxing)
 .debug_str     0x001713a3      0x33a ./Core/Src/system_stm32h7xx.o
                             0x16fd34 (size before relaxing)
 .debug_str     0x001716dd       0x44 ./Core/Startup/startup_stm32h743zitx.o
                                 0x98 (size before relaxing)
 .debug_str     0x00171721      0x7db ./Drivers/STM32H7xx_HAL_Driver/Src/stm32h7xx_hal.o
                             0x170c4a (size before relaxing)
 .debug_str     0x00171efc      0xb20 ./Drivers/STM32H7xx_HAL_Driver/Src/stm32h7xx_hal_adc.o
                             0x170ad3 (size before relaxing)
 .debug_str     0x00172a1c      0x364 ./Drivers/STM32H7xx_HAL_Driver/Src/stm32h7xx_hal_cortex.o
                             0x170685 (size before relaxing)
 .debug_str     0x00172d80      0x843 ./Drivers/STM32H7xx_HAL_Driver/Src/stm32h7xx_hal_dma.o
                             0x17046e (size before relaxing)
 .debug_str     0x001735c3       0xec ./Drivers/STM32H7xx_HAL_Driver/Src/stm32h7xx_hal_gpio.o
                             0x16fceb (size before relaxing)
 .debug_str     0x001736af      0x624 ./Drivers/STM32H7xx_HAL_Driver/Src/stm32h7xx_hal_pwr_ex.o
                             0x1701ac (size before relaxing)
 .debug_str     0x00173cd3      0x21a ./Drivers/STM32H7xx_HAL_Driver/Src/stm32h7xx_hal_rcc.o
                             0x1700cf (size before relaxing)
 .debug_str     0x00173eed      0x630 ./Drivers/STM32H7xx_HAL_Driver/Src/stm32h7xx_hal_rcc_ex.o
                             0x1705b0 (size before relaxing)
 .debug_str     0x0017451d      0xe8c ./Drivers/STM32H7xx_HAL_Driver/Src/stm32h7xx_hal_tim.o
                             0x170e6e (size before relaxing)
 .debug_str     0x001753a9      0x587 ./Drivers/STM32H7xx_HAL_Driver/Src/stm32h7xx_hal_tim_ex.o
                             0x170796 (size before relaxing)
 .debug_str     0x00175930      0x9f4 ./Drivers/STM32H7xx_HAL_Driver/Src/stm32h7xx_hal_uart.o
                             0x170c10 (size before relaxing)
 .debug_str     0x00176324      0x266 ./Drivers/STM32H7xx_HAL_Driver/Src/stm32h7xx_hal_uart_ex.o
                             0x1701d0 (size before relaxing)

.comment        0x00000000       0x43
 .comment       0x00000000       0x43 ./Core/Src/Custom_ADC.o
                                 0x44 (size before relaxing)
 .comment       0x00000043       0x44 ./Core/Src/Custom_dma.o
 .comment       0x00000043       0x44 ./Core/Src/Custom_usart.o
 .comment       0x00000043       0x44 ./Core/Src/main.o
 .comment       0x00000043       0x44 ./Core/Src/stm32h7xx_hal_msp.o
 .comment       0x00000043       0x44 ./Core/Src/stm32h7xx_it.o
 .comment       0x00000043       0x44 ./Core/Src/system_stm32h7xx.o
 .comment       0x00000043       0x44 ./Drivers/STM32H7xx_HAL_Driver/Src/stm32h7xx_hal.o
 .comment       0x00000043       0x44 ./Drivers/STM32H7xx_HAL_Driver/Src/stm32h7xx_hal_adc.o
 .comment       0x00000043       0x44 ./Drivers/STM32H7xx_HAL_Driver/Src/stm32h7xx_hal_cortex.o
 .comment       0x00000043       0x44 ./Drivers/STM32H7xx_HAL_Driver/Src/stm32h7xx_hal_dma.o
 .comment       0x00000043       0x44 ./Drivers/STM32H7xx_HAL_Driver/Src/stm32h7xx_hal_gpio.o
 .comment       0x00000043       0x44 ./Drivers/STM32H7xx_HAL_Driver/Src/stm32h7xx_hal_pwr_ex.o
 .comment       0x00000043       0x44 ./Drivers/STM32H7xx_HAL_Driver/Src/stm32h7xx_hal_rcc.o
 .comment       0x00000043       0x44 ./Drivers/STM32H7xx_HAL_Driver/Src/stm32h7xx_hal_rcc_ex.o
 .comment       0x00000043       0x44 ./Drivers/STM32H7xx_HAL_Driver/Src/stm32h7xx_hal_tim.o
 .comment       0x00000043       0x44 ./Drivers/STM32H7xx_HAL_Driver/Src/stm32h7xx_hal_tim_ex.o
 .comment       0x00000043       0x44 ./Drivers/STM32H7xx_HAL_Driver/Src/stm32h7xx_hal_uart.o
 .comment       0x00000043       0x44 ./Drivers/STM32H7xx_HAL_Driver/Src/stm32h7xx_hal_uart_ex.o

.debug_frame    0x00000000     0x5168
 .debug_frame   0x00000000       0x50 ./Core/Src/Custom_ADC.o
 .debug_frame   0x00000050       0x78 ./Core/Src/Custom_dma.o
 .debug_frame   0x000000c8       0x58 ./Core/Src/Custom_usart.o
 .debug_frame   0x00000120      0x11c ./Core/Src/main.o
 .debug_frame   0x0000023c      0x120 ./Core/Src/stm32h7xx_hal_msp.o
 .debug_frame   0x0000035c      0x174 ./Core/Src/stm32h7xx_it.o
 .debug_frame   0x000004d0       0x58 ./Core/Src/system_stm32h7xx.o
 .debug_frame   0x00000528      0x690 ./Drivers/STM32H7xx_HAL_Driver/Src/stm32h7xx_hal.o
 .debug_frame   0x00000bb8      0xa28 ./Drivers/STM32H7xx_HAL_Driver/Src/stm32h7xx_hal_adc.o
 .debug_frame   0x000015e0      0x508 ./Drivers/STM32H7xx_HAL_Driver/Src/stm32h7xx_hal_cortex.o
 .debug_frame   0x00001ae8      0x2b4 ./Drivers/STM32H7xx_HAL_Driver/Src/stm32h7xx_hal_dma.o
 .debug_frame   0x00001d9c      0x14c ./Drivers/STM32H7xx_HAL_Driver/Src/stm32h7xx_hal_gpio.o
 .debug_frame   0x00001ee8      0x580 ./Drivers/STM32H7xx_HAL_Driver/Src/stm32h7xx_hal_pwr_ex.o
 .debug_frame   0x00002468      0x1f8 ./Drivers/STM32H7xx_HAL_Driver/Src/stm32h7xx_hal_rcc.o
 .debug_frame   0x00002660      0x414 ./Drivers/STM32H7xx_HAL_Driver/Src/stm32h7xx_hal_rcc_ex.o
 .debug_frame   0x00002a74     0x121c ./Drivers/STM32H7xx_HAL_Driver/Src/stm32h7xx_hal_tim.o
 .debug_frame   0x00003c90      0x6d8 ./Drivers/STM32H7xx_HAL_Driver/Src/stm32h7xx_hal_tim_ex.o
 .debug_frame   0x00004368      0xa94 ./Drivers/STM32H7xx_HAL_Driver/Src/stm32h7xx_hal_uart.o
 .debug_frame   0x00004dfc      0x2c0 ./Drivers/STM32H7xx_HAL_Driver/Src/stm32h7xx_hal_uart_ex.o
 .debug_frame   0x000050bc       0x20 C:/ST/STM32CubeIDE_1.16.1/STM32CubeIDE/plugins/com.st.stm32cube.ide.mcu.externaltools.gnu-tools-for-stm32.12.3.rel1.win32_1.0.200.202406191623/tools/bin/../lib/gcc/arm-none-eabi/12.3.1/../../../../arm-none-eabi/lib/thumb/v7e-m+dp/hard\libc_nano.a(libc_a-memset.o)
 .debug_frame   0x000050dc       0x2c C:/ST/STM32CubeIDE_1.16.1/STM32CubeIDE/plugins/com.st.stm32cube.ide.mcu.externaltools.gnu-tools-for-stm32.12.3.rel1.win32_1.0.200.202406191623/tools/bin/../lib/gcc/arm-none-eabi/12.3.1/../../../../arm-none-eabi/lib/thumb/v7e-m+dp/hard\libc_nano.a(libc_a-init.o)
 .debug_frame   0x00005108       0x2c C:/ST/STM32CubeIDE_1.16.1/STM32CubeIDE/plugins/com.st.stm32cube.ide.mcu.externaltools.gnu-tools-for-stm32.12.3.rel1.win32_1.0.200.202406191623/tools/bin/../lib/gcc/arm-none-eabi/12.3.1/thumb/v7e-m+dp/hard\libgcc.a(_aeabi_uldivmod.o)
 .debug_frame   0x00005134       0x34 C:/ST/STM32CubeIDE_1.16.1/STM32CubeIDE/plugins/com.st.stm32cube.ide.mcu.externaltools.gnu-tools-for-stm32.12.3.rel1.win32_1.0.200.202406191623/tools/bin/../lib/gcc/arm-none-eabi/12.3.1/thumb/v7e-m+dp/hard\libgcc.a(_udivmoddi4.o)

.debug_line_str
                0x00000000       0x7c
 .debug_line_str
                0x00000000       0x7c ./Core/Startup/startup_stm32h743zitx.o
