12:55:04 **** Incremental Build of configuration Debug for project Dual_ADC ****
make -j22 all 
arm-none-eabi-gcc "../Core/Src/Custom_ADC.c" -mcpu=cortex-m7 -std=gnu11 -g3 -DDEBUG -DUSE_HAL_DRIVER -DSTM32H743xx -c -I../Core/Inc -I../Drivers/STM32H7xx_HAL_Driver/Inc -I../Drivers/STM32H7xx_HAL_Driver/Inc/Legacy -I../Drivers/CMSIS/Device/ST/STM32H7xx/Include -I../Drivers/CMSIS/Include -O0 -ffunction-sections -fdata-sections -Wall -fstack-usage -fcyclomatic-complexity -MMD -MP -MF"Core/Src/Custom_ADC.d" -MT"Core/Src/Custom_ADC.o" --specs=nano.specs -mfpu=fpv5-d16 -mfloat-abi=hard -mthumb -o "Core/Src/Custom_ADC.o"
arm-none-eabi-gcc -o "Dual_ADC.elf" @"objects.list"   -mcpu=cortex-m7 -T"C:\Users\yehan\Documents\Uni\Esperimentazioni-Elettronica\Dual_ADC\Dual_ADC\STM32H743ZITX_FLASH.ld" --specs=nosys.specs -Wl,-Map="Dual_ADC.map" -Wl,--gc-sections -static --specs=nano.specs -mfpu=fpv5-d16 -mfloat-abi=hard -mthumb -Wl,--start-group -lc -lm -Wl,--end-group
Finished building target: Dual_ADC.elf
 
arm-none-eabi-size  Dual_ADC.elf 
arm-none-eabi-objdump -h -S Dual_ADC.elf  > "Dual_ADC.list"
   text	   data	    bss	    dec	    hex	filename
  40856	     16	   6472	  47344	   b8f0	Dual_ADC.elf
Finished building: default.size.stdout
 
Finished building: Dual_ADC.list
 

12:55:06 Build Finished. 0 errors, 0 warnings. (took 1s.522ms)

