../Core/Src/main.c:83:5:main	8	static
../Core/Src/main.c:146:6:SystemClock_Config	128	static
../Core/Src/main.c:210:13:MX_ADC3_Init	40	static
../Core/Src/main.c:274:13:MX_COMP2_Init	8	static
../Core/Src/main.c:308:13:MX_DAC1_Init	48	static
../Core/Src/main.c:351:13:MX_TIM6_Init	24	static
../Core/Src/main.c:389:13:MX_USART3_UART_Init	8	static
../Core/Src/main.c:435:13:MX_DMA_Init	16	static
../Core/Src/main.c:456:13:MX_GPIO_Init	56	static
../Core/Src/main.c:565:6:Error_Handler	4	static,ignoring_inline_asm
