23:03:13 **** Incremental Build of configuration Debug for project Uart_Test ****
make -j22 all 
arm-none-eabi-gcc "../Core/Src/stm32h7xx_it.c" -mcpu=cortex-m7 -std=gnu11 -g3 -DDEBUG -DUSE_HAL_DRIVER -DSTM32H743xx -c -I../Core/Inc -I../Drivers/STM32H7xx_HAL_Driver/Inc -I../Drivers/STM32H7xx_HAL_Driver/Inc/Legacy -I../Drivers/CMSIS/Device/ST/STM32H7xx/Include -I../Drivers/CMSIS/Include -O0 -ffunction-sections -fdata-sections -Wall -fstack-usage -fcyclomatic-complexity -MMD -MP -MF"Core/Src/stm32h7xx_it.d" -MT"Core/Src/stm32h7xx_it.o" --specs=nano.specs -mfpu=fpv5-d16 -mfloat-abi=hard -mthumb -o "Core/Src/stm32h7xx_it.o"
../Core/Src/stm32h7xx_it.c: In function 'USART3_IRQHandler':
../Core/Src/stm32h7xx_it.c:209:23: warning: implicit declaration of function 'strlen' [-Wimplicit-function-declaration]
  209 |         int msg_len = strlen(msg);
      |                       ^~~~~~
../Core/Src/stm32h7xx_it.c:23:1: note: include '<string.h>' or provide a declaration of 'strlen'
   22 | #include "stm32h7xx_it.h"
  +++ |+#include <string.h>
   23 | /* Private includes ----------------------------------------------------------*/
../Core/Src/stm32h7xx_it.c:209:23: warning: incompatible implicit declaration of built-in function 'strlen' [-Wbuiltin-declaration-mismatch]
  209 |         int msg_len = strlen(msg);
      |                       ^~~~~~
../Core/Src/stm32h7xx_it.c:209:23: note: include '<string.h>' or provide a declaration of 'strlen'
arm-none-eabi-gcc -o "Uart_Test.elf" @"objects.list"   -mcpu=cortex-m7 -T"C:\Users\yehan\Documents\Uni\Esperimentazioni Elettronica\UART_Test\Uart_Test\STM32H743ZITX_FLASH.ld" --specs=nosys.specs -Wl,-Map="Uart_Test.map" -Wl,--gc-sections -static --specs=nano.specs -mfpu=fpv5-d16 -mfloat-abi=hard -mthumb -Wl,--start-group -lc -lm -Wl,--end-group
Finished building target: Uart_Test.elf
 
arm-none-eabi-size  Uart_Test.elf 
arm-none-eabi-objdump -h -S Uart_Test.elf  > "Uart_Test.list"
   text	   data	    bss	    dec	    hex	filename
  26664	    212	   3236	  30112	   75a0	Uart_Test.elf
Finished building: default.size.stdout
 
Finished building: Uart_Test.list
 

23:03:14 Build Finished. 0 errors, 2 warnings. (took 884ms)

